Archive member included because of file (symbol)

c:\Users\alexa\AppData\Roaming\Code\User\globalStorage\vexrobotics.vexcode\sdk\cpp\IQ2\IQ2_20231003_10_00_00/vexiq2\libviq2rt.a(iq2_startup.c.o)
                              (vexStartup)
c:\Users\alexa\AppData\Roaming\Code\User\globalStorage\vexrobotics.vexcode\sdk\cpp\IQ2\IQ2_20231003_10_00_00/vexiq2\libviq2rt.a(iq2_apijump.c.o)
                              c:\Users\alexa\AppData\Roaming\Code\User\globalStorage\vexrobotics.vexcode\sdk\cpp\IQ2\IQ2_20231003_10_00_00/vexiq2\libviq2rt.a(iq2_startup.c.o) (vexTaskAdd)
c:\Users\alexa\AppData\Roaming\Code\User\globalStorage\vexrobotics.vexcode\sdk\cpp\IQ2\IQ2_20231003_10_00_00/vexiq2\libviq2rt.a(iq2_apiversions.c.o)
                              c:\Users\alexa\AppData\Roaming\Code\User\globalStorage\vexrobotics.vexcode\sdk\cpp\IQ2\IQ2_20231003_10_00_00/vexiq2\libviq2rt.a(iq2_apijump.c.o) (vexSystemVersion)
c:\Users\alexa\AppData\Roaming\Code\User\globalStorage\vexrobotics.vexcode\sdk\cpp\IQ2\IQ2_20231003_10_00_00/vexiq2\libviq2rt.a(vex_global.cpp.o)
                              build/src/main.o (vex::wait(double, vex::timeUnits))
c:\Users\alexa\AppData\Roaming\Code\User\globalStorage\vexrobotics.vexcode\sdk\cpp\IQ2\IQ2_20231003_10_00_00/vexiq2\libviq2rt.a(vex_color.cpp.o)
                              c:\Users\alexa\AppData\Roaming\Code\User\globalStorage\vexrobotics.vexcode\sdk\cpp\IQ2\IQ2_20231003_10_00_00/vexiq2\libviq2rt.a(vex_global.cpp.o) (vex::color::red_orange)
c:\Users\alexa\AppData\Roaming\Code\User\globalStorage\vexrobotics.vexcode\sdk\cpp\IQ2\IQ2_20231003_10_00_00/vexiq2\libviq2rt.a(vex_thread.cpp.o)
                              c:\Users\alexa\AppData\Roaming\Code\User\globalStorage\vexrobotics.vexcode\sdk\cpp\IQ2\IQ2_20231003_10_00_00/vexiq2\libviq2rt.a(vex_global.cpp.o) (vex::this_thread::sleep_for(unsigned long))
c:\Users\alexa\AppData\Roaming\Code\User\globalStorage\vexrobotics.vexcode\sdk\cpp\IQ2\IQ2_20231003_10_00_00/vexiq2\libviq2rt.a(vex_brain.cpp.o)
                              build/src/main.o (vex::brain::~brain())
c:\Users\alexa\AppData\Roaming\Code\User\globalStorage\vexrobotics.vexcode\sdk\cpp\IQ2\IQ2_20231003_10_00_00/vexiq2\libviq2rt.a(vex_timer.cpp.o)
                              c:\Users\alexa\AppData\Roaming\Code\User\globalStorage\vexrobotics.vexcode\sdk\cpp\IQ2\IQ2_20231003_10_00_00/vexiq2\libviq2rt.a(vex_brain.cpp.o) (vex::timer::~timer())
c:\Users\alexa\AppData\Roaming\Code\User\globalStorage\vexrobotics.vexcode\sdk\cpp\IQ2\IQ2_20231003_10_00_00/vexiq2\libviq2rt.a(vex_motor.cpp.o)
                              build/src/localisation/robot.o (vex::motor::motor(long, bool))
c:\Users\alexa\AppData\Roaming\Code\User\globalStorage\vexrobotics.vexcode\sdk\cpp\IQ2\IQ2_20231003_10_00_00/vexiq2\libviq2rt.a(vex_imu.cpp.o)
                              build/src/localisation/robot.o (vex::inertial::inertial(vex::turnType))
c:\Users\alexa\AppData\Roaming\Code\User\globalStorage\vexrobotics.vexcode\sdk\cpp\IQ2\IQ2_20231003_10_00_00/vexiq2\libviq2rt.a(vex_event.cpp.o)
                              c:\Users\alexa\AppData\Roaming\Code\User\globalStorage\vexrobotics.vexcode\sdk\cpp\IQ2\IQ2_20231003_10_00_00/vexiq2\libviq2rt.a(vex_brain.cpp.o) (vex::event::init(unsigned long, unsigned long, void (*)()))
c:\Users\alexa\AppData\Roaming\Code\User\globalStorage\vexrobotics.vexcode\sdk\cpp\IQ2\IQ2_20231003_10_00_00/vexiq2\libviq2rt.a(vex_device.cpp.o)
                              c:\Users\alexa\AppData\Roaming\Code\User\globalStorage\vexrobotics.vexcode\sdk\cpp\IQ2\IQ2_20231003_10_00_00/vexiq2\libviq2rt.a(vex_motor.cpp.o) (vex::device::~device())
c:\Users\alexa\AppData\Roaming\Code\User\globalStorage\vexrobotics.vexcode\sdk\cpp\IQ2\IQ2_20231003_10_00_00/vexiq2/gcc/libs\libc_nano.a(lib_a-aeabi_atexit.o)
                              c:\Users\alexa\AppData\Roaming\Code\User\globalStorage\vexrobotics.vexcode\sdk\cpp\IQ2\IQ2_20231003_10_00_00/vexiq2\libviq2rt.a(vex_color.cpp.o) (__aeabi_atexit)
c:\Users\alexa\AppData\Roaming\Code\User\globalStorage\vexrobotics.vexcode\sdk\cpp\IQ2\IQ2_20231003_10_00_00/vexiq2/gcc/libs\libc_nano.a(lib_a-aeabi_memclr.o)
                              build/src/localisation/odometry.o (__aeabi_memclr4)
c:\Users\alexa\AppData\Roaming\Code\User\globalStorage\vexrobotics.vexcode\sdk\cpp\IQ2\IQ2_20231003_10_00_00/vexiq2/gcc/libs\libc_nano.a(lib_a-aeabi_memset-soft.o)
                              c:\Users\alexa\AppData\Roaming\Code\User\globalStorage\vexrobotics.vexcode\sdk\cpp\IQ2\IQ2_20231003_10_00_00/vexiq2/gcc/libs\libc_nano.a(lib_a-aeabi_memclr.o) (__aeabi_memset)
c:\Users\alexa\AppData\Roaming\Code\User\globalStorage\vexrobotics.vexcode\sdk\cpp\IQ2\IQ2_20231003_10_00_00/vexiq2/gcc/libs\libc_nano.a(lib_a-fclose.o)
                              c:\Users\alexa\AppData\Roaming\Code\User\globalStorage\vexrobotics.vexcode\sdk\cpp\IQ2\IQ2_20231003_10_00_00/vexiq2\libviq2rt.a(vex_brain.cpp.o) (fclose)
[...]
Memory Configuration

Name             Origin             Length             Attributes
SRAM_1_2_3       0x20010000         0x00018000         xrw
*default*        0x00000000         0xffffffff

Linker script and memory map

                0x00000020                _STACK_SIZE = DEFINED (_STACK_SIZE)?_STACK_SIZE:0x20
                0x00001000                _HEAP_SIZE = DEFINED (_HEAP_SIZE)?_HEAP_SIZE:0x1000

.text           0x20010000     0x4318
 *(.vectors)
 *(.boot_data)
 .boot_data     0x20010000       0x10 c:\Users\alexa\AppData\Roaming\Code\User\globalStorage\vexrobotics.vexcode\sdk\cpp\IQ2\IQ2_20231003_10_00_00/vexiq2\libviq2rt.a(iq2_startup.c.o)
                0x20010000                vexCodeSig
                0x00000020                . = 0x20
 *fill*         0x20010010       0x10 
 *(.boot)
 .boot          0x20010020       0x64 c:\Users\alexa\AppData\Roaming\Code\User\globalStorage\vexrobotics.vexcode\sdk\cpp\IQ2\IQ2_20231003_10_00_00/vexiq2\libviq2rt.a(iq2_startup.c.o)
                0x20010020                vexStartup
                0x200100c0                . = ALIGN (0x40)
 *fill*         0x20010084       0x3c 
 *(.freertos_vectors)
 *(.text)
 .text          0x200100c0       0x9a c:\Users\alexa\AppData\Roaming\Code\User\globalStorage\vexrobotics.vexcode\sdk\cpp\IQ2\IQ2_20231003_10_00_00/vexiq2/gcc/libs\libc_nano.a(lib_a-aeabi_memset-soft.o)
                0x200100c0                __aeabi_memset8
                0x200100c0                __aeabi_memset4
                0x200100c0                __aeabi_memset
 *fill*         0x2001015a        0x6 
 .text          0x20010160       0xa0 c:\Users\alexa\AppData\Roaming\Code\User\globalStorage\vexrobotics.vexcode\sdk\cpp\IQ2\IQ2_20231003_10_00_00/vexiq2/gcc/libs\libc_nano.a(lib_a-memchr.o)
                0x20010160                memchr
 .text          0x20010200      0x378 c:\Users\alexa\AppData\Roaming\Code\User\globalStorage\vexrobotics.vexcode\sdk\cpp\IQ2\IQ2_20231003_10_00_00/vexiq2/gcc/libs\libgcc.a(_arm_addsubdf3.o)
                0x20010200                __aeabi_drsub
                0x20010208                __aeabi_dsub
                0x20010208                __subdf3
                0x2001020c                __aeabi_dadd
                0x2001020c                __adddf3
                0x20010484                __floatunsidf
                0x20010484                __aeabi_ui2d
                0x200104a4                __floatsidf
                0x200104a4                __aeabi_i2d
                0x200104c8                __aeabi_f2d
                0x200104c8                __extendsfdf2
                0x2001050c                __floatundidf
                0x2001050c                __aeabi_ul2d
                0x2001051c                __floatdidf
                0x2001051c                __aeabi_l2d
 .text          0x20010578      0x424 c:\Users\alexa\AppData\Roaming\Code\User\globalStorage\vexrobotics.vexcode\sdk\cpp\IQ2\IQ2_20231003_10_00_00/vexiq2/gcc/libs\libgcc.a(_arm_muldivdf3.o)
                0x20010578                __aeabi_dmul
                0x20010578                __muldf3
                0x200107cc                __divdf3
                0x200107cc                __aeabi_ddiv
 .text          0x2001099c      0x110 c:\Users\alexa\AppData\Roaming\Code\User\globalStorage\vexrobotics.vexcode\sdk\cpp\IQ2\IQ2_20231003_10_00_00/vexiq2/gcc/libs\libgcc.a(_arm_cmpdf2.o)
                0x2001099c                __gtdf2
                0x2001099c                __gedf2
                0x200109a4                __ltdf2
                0x200109a4                __ledf2
                0x200109ac                __nedf2
                0x200109ac                __eqdf2
                0x200109ac                __cmpdf2
                0x20010a28                __aeabi_cdrcmple
                0x20010a38                __aeabi_cdcmpeq
                0x20010a38                __aeabi_cdcmple
                0x20010a48                __aeabi_dcmpeq
                0x20010a5c                __aeabi_dcmplt
                0x20010a70                __aeabi_dcmple
                0x20010a84                __aeabi_dcmpge
                0x20010a98                __aeabi_dcmpgt
 .text          0x20010aac       0x2c c:\Users\alexa\AppData\Roaming\Code\User\globalStorage\vexrobotics.vexcode\sdk\cpp\IQ2\IQ2_20231003_10_00_00/vexiq2/gcc/libs\libgcc.a(_arm_unorddf2.o)
                0x20010aac                __unorddf2
                0x20010aac                __aeabi_dcmpun
 .text          0x20010ad8       0x50 c:\Users\alexa\AppData\Roaming\Code\User\globalStorage\vexrobotics.vexcode\sdk\cpp\IQ2\IQ2_20231003_10_00_00/vexiq2/gcc/libs\libgcc.a(_arm_fixdfsi.o)
                0x20010ad8                __aeabi_d2iz
                0x20010ad8                __fixdfsi
 .text          0x20010b28       0xa0 c:\Users\alexa\AppData\Roaming\Code\User\globalStorage\vexrobotics.vexcode\sdk\cpp\IQ2\IQ2_20231003_10_00_00/vexiq2/gcc/libs\libgcc.a(_arm_truncdfsf2.o)
                0x20010b28                __truncdfsf2
                0x20010b28                __aeabi_d2f
 *(.text.*)
 .text.main     0x20010bc8       0xe8 build/src/main.o
                0x20010bc8                main
 .text._GLOBAL__sub_I_main.cpp
                0x20010cb0       0x2c build/src/main.o
 .text._ZN8OdometryC2ERN3vex5motorES2_RNS0_8inertialE
                0x20010cdc       0x28 build/src/localisation/odometry.o
                0x20010cdc                Odometry::Odometry(vex::motor&, vex::motor&, vex::inertial&)
                0x20010cdc                Odometry::Odometry(vex::motor&, vex::motor&, vex::inertial&)
 *fill*         0x20010d04        0x4 
 .text._ZN8Odometry10initializeEv
                0x20010d08       0x70 build/src/localisation/odometry.o
                0x20010d08                Odometry::initialize()
 .text._ZN8Odometry6updateEv
                0x20010d78      0x1f0 build/src/localisation/odometry.o
                0x20010d78                Odometry::update()
 .text._ZN8Odometry17degreesToDistanceEf
                0x20010f68       0x74 build/src/localisation/odometry.o
                0x20010f68                Odometry::degreesToDistance(float)
 .text._ZN8Odometry4getXEv
                0x20010fdc        0x6 build/src/localisation/odometry.o
                0x20010fdc                Odometry::getX()
 .text._ZN8Odometry4getYEv
                0x20010fe2        0x6 build/src/localisation/odometry.o
                0x20010fe2                Odometry::getY()
 .text._ZN5robotC2Ev
                0x20010fe8       0x40 build/src/localisation/robot.o
                0x20010fe8                robot::robot()
                0x20010fe8                robot::robot()
 .text._ZN5robot5startEv
                0x20011028       0x22 build/src/localisation/robot.o
                0x20011028                robot::start()
 .text._ZN5robot10initializeEv
                0x2001104a        0x8 build/src/localisation/robot.o
                0x2001104a                robot::initialize()
 .text._ZN5robot12getleftDriveEv
                0x20011052        0x4 build/src/localisation/robot.o
                0x20011052                robot::getleftDrive()
 .text._ZN5robot13getrightDriveEv
                0x20011056        0x4 build/src/localisation/robot.o
                0x20011056                robot::getrightDrive()
 .text._ZN5robot8getBrainEv
                0x2001105a        0x2 build/src/localisation/robot.o
                0x2001105a                robot::getBrain()
 .text._ZN5robot7getOdomEv
                0x2001105c        0x6 build/src/localisation/robot.o
                0x2001105c                robot::getOdom()
 .text._ZN3fsmC2Ev
                0x20011062        0x2 build/src/localisation/FSM.o
                0x20011062                fsm::fsm()
                0x20011062                fsm::fsm()
 *fill*         0x20011064        0x4 
 .text._ZN3fsm14randomMovementERN3vex5motorES2_
                0x20011068      0x160 build/src/localisation/FSM.o
                0x20011068                fsm::randomMovement(vex::motor&, vex::motor&)
 .text.vexMain  0x200111c8       0x60 c:\Users\alexa\AppData\Roaming\Code\User\globalStorage\vexrobotics.vexcode\sdk\cpp\IQ2\IQ2_20231003_10_00_00/vexiq2\libviq2rt.a(iq2_startup.c.o)
                0x200111c8                vexMain
 .text.__vex_function_prolog
                0x20011228       0x10 c:\Users\alexa\AppData\Roaming\Code\User\globalStorage\vexrobotics.vexcode\sdk\cpp\IQ2\IQ2_20231003_10_00_00/vexiq2\libviq2rt.a(iq2_startup.c.o)
                0x20011228                __vex_function_prolog
 .text._init    0x20011238        0x2 c:\Users\alexa\AppData\Roaming\Code\User\globalStorage\vexrobotics.vexcode\sdk\cpp\IQ2\IQ2_20231003_10_00_00/vexiq2\libviq2rt.a(iq2_startup.c.o)
                0x20011238                _init
 *fill*         0x2001123a        0x2 
 .text._sbrk    0x2001123c       0x38 c:\Users\alexa\AppData\Roaming\Code\User\globalStorage\vexrobotics.vexcode\sdk\cpp\IQ2\IQ2_20231003_10_00_00/vexiq2\libviq2rt.a(iq2_startup.c.o)
                0x2001123c                _sbrk
 .text._exit    0x20011274       0x28 c:\Users\alexa\AppData\Roaming\Code\User\globalStorage\vexrobotics.vexcode\sdk\cpp\IQ2\IQ2_20231003_10_00_00/vexiq2\libviq2rt.a(iq2_startup.c.o)
                0x20011274                _exit
 .text._kill    0x2001129c       0x10 c:\Users\alexa\AppData\Roaming\Code\User\globalStorage\vexrobotics.vexcode\sdk\cpp\IQ2\IQ2_20231003_10_00_00/vexiq2\libviq2rt.a(iq2_startup.c.o)
                0x2001129c                _kill
 .text._getpid  0x200112ac        0x4 c:\Users\alexa\AppData\Roaming\Code\User\globalStorage\vexrobotics.vexcode\sdk\cpp\IQ2\IQ2_20231003_10_00_00/vexiq2\libviq2rt.a(iq2_startup.c.o)
                0x200112ac                _getpid
 .text.__cxa_atexit
                0x200112b0        0x4 c:\Users\alexa\AppData\Roaming\Code\User\globalStorage\vexrobotics.vexcode\sdk\cpp\IQ2\IQ2_20231003_10_00_00/vexiq2\libviq2rt.a(iq2_startup.c.o)
                0x200112b0                __cxa_atexit
 .text.vexTaskAdd
                0x200112b4        0xc c:\Users\alexa\AppData\Roaming\Code\User\globalStorage\vexrobotics.vexcode\sdk\cpp\IQ2\IQ2_20231003_10_00_00/vexiq2\libviq2rt.a(iq2_apijump.c.o)
                0x200112b4                vexTaskAdd
 .text.vexTasksRun
                0x200112c0        0xc c:\Users\alexa\AppData\Roaming\Code\User\globalStorage\vexrobotics.vexcode\sdk\cpp\IQ2\IQ2_20231003_10_00_00/vexiq2\libviq2rt.a(iq2_apijump.c.o)
                0x200112c0                vexTasksRun
 .text.vexTaskCheckTimeslice
                0x200112cc        0xc c:\Users\alexa\AppData\Roaming\Code\User\globalStorage\vexrobotics.vexcode\sdk\cpp\IQ2\IQ2_20231003_10_00_00/vexiq2\libviq2rt.a(iq2_apijump.c.o)
                0x200112cc                vexTaskCheckTimeslice
 .text.vexTaskGetIndex
                0x200112d8        0xc c:\Users\alexa\AppData\Roaming\Code\User\globalStorage\vexrobotics.vexcode\sdk\cpp\IQ2\IQ2_20231003_10_00_00/vexiq2\libviq2rt.a(iq2_apijump.c.o)
                0x200112d8                vexTaskGetIndex
 .text.vexTaskSleep
                0x200112e4        0xc c:\Users\alexa\AppData\Roaming\Code\User\globalStorage\vexrobotics.vexcode\sdk\cpp\IQ2\IQ2_20231003_10_00_00/vexiq2\libviq2rt.a(iq2_apijump.c.o)
                0x200112e4                vexTaskSleep
 .text.vexTasksDump
                0x200112f0       0x18 c:\Users\alexa\AppData\Roaming\Code\User\globalStorage\vexrobotics.vexcode\sdk\cpp\IQ2\IQ2_20231003_10_00_00/vexiq2\libviq2rt.a(iq2_apijump.c.o)
                0x200112f0                vexTasksDump
 .text.vexTaskGetTaskIndex
                0x20011308        0xc c:\Users\alexa\AppData\Roaming\Code\User\globalStorage\vexrobotics.vexcode\sdk\cpp\IQ2\IQ2_20231003_10_00_00/vexiq2\libviq2rt.a(iq2_apijump.c.o)
                0x20011308                vexTaskGetTaskIndex
 .text.vexTaskCompletionIdSet
                0x20011314        0xc c:\Users\alexa\AppData\Roaming\Code\User\globalStorage\vexrobotics.vexcode\sdk\cpp\IQ2\IQ2_20231003_10_00_00/vexiq2\libviq2rt.a(iq2_apijump.c.o)
                0x20011314                vexTaskCompletionIdSet
 .text.vexCriticalSection
                0x20011320        0xc c:\Users\alexa\AppData\Roaming\Code\User\globalStorage\vexrobotics.vexcode\sdk\cpp\IQ2\IQ2_20231003_10_00_00/vexiq2\libviq2rt.a(iq2_apijump.c.o)
                0x20011320                vexCriticalSection
 .text.vexDisplayContextSwitch
                0x2001132c        0xc c:\Users\alexa\AppData\Roaming\Code\User\globalStorage\vexrobotics.vexcode\sdk\cpp\IQ2\IQ2_20231003_10_00_00/vexiq2\libviq2rt.a(iq2_apijump.c.o)
                0x2001132c                vexDisplayContextSwitch
 .text.vexEventUserIndexGet
                0x20011338       0x18 c:\Users\alexa\AppData\Roaming\Code\User\globalStorage\vexrobotics.vexcode\sdk\cpp\IQ2\IQ2_20231003_10_00_00/vexiq2\libviq2rt.a(iq2_apijump.c.o)
                0x20011338                vexEventUserIndexGet
 .text.vexDebug
                0x20011350       0x2c c:\Users\alexa\AppData\Roaming\Code\User\globalStorage\vexrobotics.vexcode\sdk\cpp\IQ2\IQ2_20231003_10_00_00/vexiq2\libviq2rt.a(iq2_apijump.c.o)
                0x20011350                vexDebug
 .text.vex_vsnprintf
                0x2001137c       0x2c c:\Users\alexa\AppData\Roaming\Code\User\globalStorage\vexrobotics.vexcode\sdk\cpp\IQ2\IQ2_20231003_10_00_00/vexiq2\libviq2rt.a(iq2_apijump.c.o)
                0x2001137c                vex_vsnprintf
 .text.vexSystemTimeGet
                0x200113a8       0x18 c:\Users\alexa\AppData\Roaming\Code\User\globalStorage\vexrobotics.vexcode\sdk\cpp\IQ2\IQ2_20231003_10_00_00/vexiq2\libviq2rt.a(iq2_apijump.c.o)
                0x200113a8                vexSystemTimeGet
 .text._write_user
                0x200113c0       0x28 c:\Users\alexa\AppData\Roaming\Code\User\globalStorage\vexrobotics.vexcode\sdk\cpp\IQ2\IQ2_20231003_10_00_00/vexiq2\libviq2rt.a(iq2_apijump.c.o)
                0x200113c0                _write_user
 .text._read_user
                0x200113e8       0x28 c:\Users\alexa\AppData\Roaming\Code\User\globalStorage\vexrobotics.vexcode\sdk\cpp\IQ2\IQ2_20231003_10_00_00/vexiq2\libviq2rt.a(iq2_apijump.c.o)
                0x200113e8                _read_user
 .text._close_user
                0x20011410       0x14 c:\Users\alexa\AppData\Roaming\Code\User\globalStorage\vexrobotics.vexcode\sdk\cpp\IQ2\IQ2_20231003_10_00_00/vexiq2\libviq2rt.a(iq2_apijump.c.o)
                0x20011410                _close_user
 .text._lseek_user
                0x20011424       0x28 c:\Users\alexa\AppData\Roaming\Code\User\globalStorage\vexrobotics.vexcode\sdk\cpp\IQ2\IQ2_20231003_10_00_00/vexiq2\libviq2rt.a(iq2_apijump.c.o)
                0x20011424                _lseek_user
 .text._fstat_user
                0x2001144c       0x1c c:\Users\alexa\AppData\Roaming\Code\User\globalStorage\vexrobotics.vexcode\sdk\cpp\IQ2\IQ2_20231003_10_00_00/vexiq2\libviq2rt.a(iq2_apijump.c.o)
                0x2001144c                _fstat_user
 .text._isatty_user
                0x20011468       0x18 c:\Users\alexa\AppData\Roaming\Code\User\globalStorage\vexrobotics.vexcode\sdk\cpp\IQ2\IQ2_20231003_10_00_00/vexiq2\libviq2rt.a(iq2_apijump.c.o)
                0x20011468                _isatty_user
 .text.vexDeviceGetByIndex
                0x20011480       0x1c c:\Users\alexa\AppData\Roaming\Code\User\globalStorage\vexrobotics.vexcode\sdk\cpp\IQ2\IQ2_20231003_10_00_00/vexiq2\libviq2rt.a(iq2_apijump.c.o)
                0x20011480                vexDeviceGetByIndex
 .text.vexMotorVelocitySet
                0x2001149c       0x20 c:\Users\alexa\AppData\Roaming\Code\User\globalStorage\vexrobotics.vexcode\sdk\cpp\IQ2\IQ2_20231003_10_00_00/vexiq2\libviq2rt.a(iq2_apijump.c.o)
                0x2001149c                vexMotorVelocitySet
 .text.vexMotorActualVelocityGet
                0x200114bc       0x1c c:\Users\alexa\AppData\Roaming\Code\User\globalStorage\vexrobotics.vexcode\sdk\cpp\IQ2\IQ2_20231003_10_00_00/vexiq2\libviq2rt.a(iq2_apijump.c.o)
                0x200114bc                vexMotorActualVelocityGet
 .text.vexMotorReverseFlagSet
                0x200114d8       0x20 c:\Users\alexa\AppData\Roaming\Code\User\globalStorage\vexrobotics.vexcode\sdk\cpp\IQ2\IQ2_20231003_10_00_00/vexiq2\libviq2rt.a(iq2_apijump.c.o)
                0x200114d8                vexMotorReverseFlagSet
 .text.vexMotorEncoderUnitsSet
                0x200114f8       0x20 c:\Users\alexa\AppData\Roaming\Code\User\globalStorage\vexrobotics.vexcode\sdk\cpp\IQ2\IQ2_20231003_10_00_00/vexiq2\libviq2rt.a(iq2_apijump.c.o)
                0x200114f8                vexMotorEncoderUnitsSet
 .text.vexMotorBrakeModeSet
                0x20011518       0x20 c:\Users\alexa\AppData\Roaming\Code\User\globalStorage\vexrobotics.vexcode\sdk\cpp\IQ2\IQ2_20231003_10_00_00/vexiq2\libviq2rt.a(iq2_apijump.c.o)
                0x20011518                vexMotorBrakeModeSet
 .text.vexMotorPositionSet
                0x20011538       0x34 c:\Users\alexa\AppData\Roaming\Code\User\globalStorage\vexrobotics.vexcode\sdk\cpp\IQ2\IQ2_20231003_10_00_00/vexiq2\libviq2rt.a(iq2_apijump.c.o)
                0x20011538                vexMotorPositionSet
 .text.vexMotorPositionGet
                0x2001156c       0x1c c:\Users\alexa\AppData\Roaming\Code\User\globalStorage\vexrobotics.vexcode\sdk\cpp\IQ2\IQ2_20231003_10_00_00/vexiq2\libviq2rt.a(iq2_apijump.c.o)
                0x2001156c                vexMotorPositionGet
 .text.vexImuReset
                0x20011588       0x1c c:\Users\alexa\AppData\Roaming\Code\User\globalStorage\vexrobotics.vexcode\sdk\cpp\IQ2\IQ2_20231003_10_00_00/vexiq2\libviq2rt.a(iq2_apijump.c.o)
                0x20011588                vexImuReset
 .text.vexImuHeadingGet
                0x200115a4       0x1c c:\Users\alexa\AppData\Roaming\Code\User\globalStorage\vexrobotics.vexcode\sdk\cpp\IQ2\IQ2_20231003_10_00_00/vexiq2\libviq2rt.a(iq2_apijump.c.o)
                0x200115a4                vexImuHeadingGet
 .text.vexImuDegreesGet
                0x200115c0       0x1c c:\Users\alexa\AppData\Roaming\Code\User\globalStorage\vexrobotics.vexcode\sdk\cpp\IQ2\IQ2_20231003_10_00_00/vexiq2\libviq2rt.a(iq2_apijump.c.o)
                0x200115c0                vexImuDegreesGet
 .text.vexImuStatusGet
                0x200115dc       0x1c c:\Users\alexa\AppData\Roaming\Code\User\globalStorage\vexrobotics.vexcode\sdk\cpp\IQ2\IQ2_20231003_10_00_00/vexiq2\libviq2rt.a(iq2_apijump.c.o)
                0x200115dc                vexImuStatusGet
 .text.vexDisplayForegroundColor
                0x200115f8       0x1c c:\Users\alexa\AppData\Roaming\Code\User\globalStorage\vexrobotics.vexcode\sdk\cpp\IQ2\IQ2_20231003_10_00_00/vexiq2\libviq2rt.a(iq2_apijump.c.o)
                0x200115f8                vexDisplayForegroundColor
 .text.vexDisplayBackgroundColor
                0x20011614       0x1c c:\Users\alexa\AppData\Roaming\Code\User\globalStorage\vexrobotics.vexcode\sdk\cpp\IQ2\IQ2_20231003_10_00_00/vexiq2\libviq2rt.a(iq2_apijump.c.o)
                0x20011614                vexDisplayBackgroundColor
 .text.vexDisplayBackgroundColorGet
                0x20011630       0x18 c:\Users\alexa\AppData\Roaming\Code\User\globalStorage\vexrobotics.vexcode\sdk\cpp\IQ2\IQ2_20231003_10_00_00/vexiq2\libviq2rt.a(iq2_apijump.c.o)
                0x20011630                vexDisplayBackgroundColorGet
 .text.vexDisplayRectClear
                0x20011648       0x34 c:\Users\alexa\AppData\Roaming\Code\User\globalStorage\vexrobotics.vexcode\sdk\cpp\IQ2\IQ2_20231003_10_00_00/vexiq2\libviq2rt.a(iq2_apijump.c.o)
                0x20011648                vexDisplayRectClear
 .text.vexDisplayVPrintf
                0x2001167c       0x38 c:\Users\alexa\AppData\Roaming\Code\User\globalStorage\vexrobotics.vexcode\sdk\cpp\IQ2\IQ2_20231003_10_00_00/vexiq2\libviq2rt.a(iq2_apijump.c.o)
                0x2001167c                vexDisplayVPrintf
 .text.vexDisplayTextReference
                0x200116b4       0x1c c:\Users\alexa\AppData\Roaming\Code\User\globalStorage\vexrobotics.vexcode\sdk\cpp\IQ2\IQ2_20231003_10_00_00/vexiq2\libviq2rt.a(iq2_apijump.c.o)
                0x200116b4                vexDisplayTextReference
 .text.vexDisplayTextSize
                0x200116d0       0x20 c:\Users\alexa\AppData\Roaming\Code\User\globalStorage\vexrobotics.vexcode\sdk\cpp\IQ2\IQ2_20231003_10_00_00/vexiq2\libviq2rt.a(iq2_apijump.c.o)
                0x200116d0                vexDisplayTextSize
 .text.vexDisplayFontNamedSet
                0x200116f0       0x1c c:\Users\alexa\AppData\Roaming\Code\User\globalStorage\vexrobotics.vexcode\sdk\cpp\IQ2\IQ2_20231003_10_00_00/vexiq2\libviq2rt.a(iq2_apijump.c.o)
                0x200116f0                vexDisplayFontNamedSet
 .text.vexDisplayStringWidthGet
                0x2001170c       0x1c c:\Users\alexa\AppData\Roaming\Code\User\globalStorage\vexrobotics.vexcode\sdk\cpp\IQ2\IQ2_20231003_10_00_00/vexiq2\libviq2rt.a(iq2_apijump.c.o)
                0x2001170c                vexDisplayStringWidthGet
 .text._ZN3vex4waitEdNS_9timeUnitsE
                0x20011728       0x3c c:\Users\alexa\AppData\Roaming\Code\User\globalStorage\vexrobotics.vexcode\sdk\cpp\IQ2\IQ2_20231003_10_00_00/vexiq2\libviq2rt.a(vex_global.cpp.o)
                0x20011728                vex::wait(double, vex::timeUnits)
 .text._ZN3vex5colorD2Ev
                0x20011764        0x2 c:\Users\alexa\AppData\Roaming\Code\User\globalStorage\vexrobotics.vexcode\sdk\cpp\IQ2\IQ2_20231003_10_00_00/vexiq2\libviq2rt.a(vex_color.cpp.o)
                0x20011764                vex::color::~color()
                0x20011764                vex::color::~color()
 .text._ZNK3vex5colorcvmEv
                0x20011766        0x4 c:\Users\alexa\AppData\Roaming\Code\User\globalStorage\vexrobotics.vexcode\sdk\cpp\IQ2\IQ2_20231003_10_00_00/vexiq2\libviq2rt.a(vex_color.cpp.o)
                0x20011766                vex::color::operator unsigned long() const
 *fill*         0x2001176a        0x2 
 .text.startup._GLOBAL__sub_I__ZN3vex5color5blackE
                0x2001176c      0x18c c:\Users\alexa\AppData\Roaming\Code\User\globalStorage\vexrobotics.vexcode\sdk\cpp\IQ2\IQ2_20231003_10_00_00/vexiq2\libviq2rt.a(vex_color.cpp.o)
 .text._ZN3vex11this_thread9sleep_forEm
                0x200118f8        0x4 c:\Users\alexa\AppData\Roaming\Code\User\globalStorage\vexrobotics.vexcode\sdk\cpp\IQ2\IQ2_20231003_10_00_00/vexiq2\libviq2rt.a(vex_thread.cpp.o)
                0x200118f8                vex::this_thread::sleep_for(unsigned long)
 .text._ZN3vex5brainD2Ev
                0x200118fc        0xe c:\Users\alexa\AppData\Roaming\Code\User\globalStorage\vexrobotics.vexcode\sdk\cpp\IQ2\IQ2_20231003_10_00_00/vexiq2\libviq2rt.a(vex_brain.cpp.o)
                0x200118fc                vex::brain::~brain()
                0x200118fc                vex::brain::~brain()
 .text._ZN3vex5brain3lcd9setCursorEll
                0x2001190a       0x40 c:\Users\alexa\AppData\Roaming\Code\User\globalStorage\vexrobotics.vexcode\sdk\cpp\IQ2\IQ2_20231003_10_00_00/vexiq2\libviq2rt.a(vex_brain.cpp.o)
                0x2001190a                vex::brain::lcd::setCursor(long, long)
 *fill*         0x2001194a        0x2 
 .text._ZN3vex5brain3lcd7setFontENS_8fontTypeE
                0x2001194c      0x144 c:\Users\alexa\AppData\Roaming\Code\User\globalStorage\vexrobotics.vexcode\sdk\cpp\IQ2\IQ2_20231003_10_00_00/vexiq2\libviq2rt.a(vex_brain.cpp.o)
                0x2001194c                vex::brain::lcd::setFont(vex::fontType)
 .text._ZN3vex5brain3lcdC2Ev
                0x20011a90       0x34 c:\Users\alexa\AppData\Roaming\Code\User\globalStorage\vexrobotics.vexcode\sdk\cpp\IQ2\IQ2_20231003_10_00_00/vexiq2\libviq2rt.a(vex_brain.cpp.o)
                0x20011a90                vex::brain::lcd::lcd()
                0x20011a90                vex::brain::lcd::lcd()
 .text._ZN3vex5brainC2Ev
                0x20011ac4       0x32 c:\Users\alexa\AppData\Roaming\Code\User\globalStorage\vexrobotics.vexcode\sdk\cpp\IQ2\IQ2_20231003_10_00_00/vexiq2\libviq2rt.a(vex_brain.cpp.o)
                0x20011ac4                vex::brain::brain()
                0x20011ac4                vex::brain::brain()
 .text._ZN3vex5brain3lcd12_clearScreenEm
                0x20011af6       0x26 c:\Users\alexa\AppData\Roaming\Code\User\globalStorage\vexrobotics.vexcode\sdk\cpp\IQ2\IQ2_20231003_10_00_00/vexiq2\libviq2rt.a(vex_brain.cpp.o)
                0x20011af6                vex::brain::lcd::_clearScreen(unsigned long)
 .text._ZN3vex5brain3lcd11clearScreenERKNS_5colorE
                0x20011b1c       0x16 c:\Users\alexa\AppData\Roaming\Code\User\globalStorage\vexrobotics.vexcode\sdk\cpp\IQ2\IQ2_20231003_10_00_00/vexiq2\libviq2rt.a(vex_brain.cpp.o)
                0x20011b1c                vex::brain::lcd::clearScreen(vex::color const&)
 *fill*         0x20011b32        0x2 
 .text._ZN3vex5brain3lcd11clearScreenEv
                0x20011b34        0xc c:\Users\alexa\AppData\Roaming\Code\User\globalStorage\vexrobotics.vexcode\sdk\cpp\IQ2\IQ2_20231003_10_00_00/vexiq2\libviq2rt.a(vex_brain.cpp.o)
                0x20011b34                vex::brain::lcd::clearScreen()
 .text._ZN3vex5brain3lcd10rowToPixelEl
                0x20011b40       0x24 c:\Users\alexa\AppData\Roaming\Code\User\globalStorage\vexrobotics.vexcode\sdk\cpp\IQ2\IQ2_20231003_10_00_00/vexiq2\libviq2rt.a(vex_brain.cpp.o)
                0x20011b40                vex::brain::lcd::rowToPixel(long)
 .text._ZN3vex5brain3lcd5printEPKcz
                0x20011b64       0x7e c:\Users\alexa\AppData\Roaming\Code\User\globalStorage\vexrobotics.vexcode\sdk\cpp\IQ2\IQ2_20231003_10_00_00/vexiq2\libviq2rt.a(vex_brain.cpp.o)
                0x20011b64                vex::brain::lcd::print(char const*, ...)
 .text._ZN3vex5timerD2Ev
                0x20011be2        0x2 c:\Users\alexa\AppData\Roaming\Code\User\globalStorage\vexrobotics.vexcode\sdk\cpp\IQ2\IQ2_20231003_10_00_00/vexiq2\libviq2rt.a(vex_timer.cpp.o)
                0x20011be2                vex::timer::~timer()
                0x20011be2                vex::timer::~timer()
 .text._ZN3vex5timer5clearEv
                0x20011be4       0x10 c:\Users\alexa\AppData\Roaming\Code\User\globalStorage\vexrobotics.vexcode\sdk\cpp\IQ2\IQ2_20231003_10_00_00/vexiq2\libviq2rt.a(vex_timer.cpp.o)
                0x20011be4                vex::timer::clear()
 .text._ZN3vex5timerC2Ev
                0x20011bf4        0xc c:\Users\alexa\AppData\Roaming\Code\User\globalStorage\vexrobotics.vexcode\sdk\cpp\IQ2\IQ2_20231003_10_00_00/vexiq2\libviq2rt.a(vex_timer.cpp.o)
                0x20011bf4                vex::timer::timer()
                0x20011bf4                vex::timer::timer()
 .text._ZN3vex5motor9installedEv
                0x20011c00        0xe c:\Users\alexa\AppData\Roaming\Code\User\globalStorage\vexrobotics.vexcode\sdk\cpp\IQ2\IQ2_20231003_10_00_00/vexiq2\libviq2rt.a(vex_motor.cpp.o)
                0x20011c00                vex::motor::installed()
 .text._ZN3vex5motor15defaultStoppingENS_9brakeTypeE
                0x20011c0e       0x1a c:\Users\alexa\AppData\Roaming\Code\User\globalStorage\vexrobotics.vexcode\sdk\cpp\IQ2\IQ2_20231003_10_00_00/vexiq2\libviq2rt.a(vex_motor.cpp.o)
                0x20011c0e                vex::motor::defaultStopping(vex::brakeType)
 .text._ZN3vex5motorC2El
                0x20011c28       0x60 c:\Users\alexa\AppData\Roaming\Code\User\globalStorage\vexrobotics.vexcode\sdk\cpp\IQ2\IQ2_20231003_10_00_00/vexiq2\libviq2rt.a(vex_motor.cpp.o)
                0x20011c28                vex::motor::motor(long)
                0x20011c28                vex::motor::motor(long)
 .text._ZN3vex5motorC2Elb
                0x20011c88       0x16 c:\Users\alexa\AppData\Roaming\Code\User\globalStorage\vexrobotics.vexcode\sdk\cpp\IQ2\IQ2_20231003_10_00_00/vexiq2\libviq2rt.a(vex_motor.cpp.o)
                0x20011c88                vex::motor::motor(long, bool)
                0x20011c88                vex::motor::motor(long, bool)
 .text._ZN3vex5motor4stopENS_9brakeTypeE
                0x20011c9e       0x1e c:\Users\alexa\AppData\Roaming\Code\User\globalStorage\vexrobotics.vexcode\sdk\cpp\IQ2\IQ2_20231003_10_00_00/vexiq2\libviq2rt.a(vex_motor.cpp.o)
                0x20011c9e                vex::motor::stop(vex::brakeType)
 .text._ZN3vex5motor4stopEv
                0x20011cbc        0x6 c:\Users\alexa\AppData\Roaming\Code\User\globalStorage\vexrobotics.vexcode\sdk\cpp\IQ2\IQ2_20231003_10_00_00/vexiq2\libviq2rt.a(vex_motor.cpp.o)
                0x20011cbc                vex::motor::stop()
 *fill*         0x20011cc2        0x6 
 .text._ZN3vex5motor16velocityToScaledEdNS_13velocityUnitsE
                0x20011cc8       0x70 c:\Users\alexa\AppData\Roaming\Code\User\globalStorage\vexrobotics.vexcode\sdk\cpp\IQ2\IQ2_20231003_10_00_00/vexiq2\libviq2rt.a(vex_motor.cpp.o)
                0x20011cc8                vex::motor::velocityToScaled(double, vex::velocityUnits)
 .text._ZN3vex5motor8velocityENS_13velocityUnitsE
                0x20011d38       0x18 c:\Users\alexa\AppData\Roaming\Code\User\globalStorage\vexrobotics.vexcode\sdk\cpp\IQ2\IQ2_20231003_10_00_00/vexiq2\libviq2rt.a(vex_motor.cpp.o)
                0x20011d38                vex::motor::velocity(vex::velocityUnits)
 .text._ZN3vex5motor5valueEv
                0x20011d50       0x12 c:\Users\alexa\AppData\Roaming\Code\User\globalStorage\vexrobotics.vexcode\sdk\cpp\IQ2\IQ2_20231003_10_00_00/vexiq2\libviq2rt.a(vex_motor.cpp.o)
                0x20011d50                vex::motor::value()
 *fill*         0x20011d62        0x6 
 .text._ZN3vex5motor16scaledToVelocityEdNS_13velocityUnitsE
                0x20011d68       0x74 c:\Users\alexa\AppData\Roaming\Code\User\globalStorage\vexrobotics.vexcode\sdk\cpp\IQ2\IQ2_20231003_10_00_00/vexiq2\libviq2rt.a(vex_motor.cpp.o)
                0x20011d68                vex::motor::scaledToVelocity(double, vex::velocityUnits)
 .text._ZN3vex5motor4spinENS_13directionTypeEdNS_13velocityUnitsE
                0x20011ddc       0x32 c:\Users\alexa\AppData\Roaming\Code\User\globalStorage\vexrobotics.vexcode\sdk\cpp\IQ2\IQ2_20231003_10_00_00/vexiq2\libviq2rt.a(vex_motor.cpp.o)
                0x20011ddc                vex::motor::spin(vex::directionType, double, vex::velocityUnits)
 .text._ZN3vex5motor4spinENS_13directionTypeE
                0x20011e0e       0x1e c:\Users\alexa\AppData\Roaming\Code\User\globalStorage\vexrobotics.vexcode\sdk\cpp\IQ2\IQ2_20231003_10_00_00/vexiq2\libviq2rt.a(vex_motor.cpp.o)
                0x20011e0e                vex::motor::spin(vex::directionType)
 .text._ZN3vex5motor11setVelocityEdNS_13velocityUnitsE
                0x20011e2c       0x54 c:\Users\alexa\AppData\Roaming\Code\User\globalStorage\vexrobotics.vexcode\sdk\cpp\IQ2\IQ2_20231003_10_00_00/vexiq2\libviq2rt.a(vex_motor.cpp.o)
                0x20011e2c                vex::motor::setVelocity(double, vex::velocityUnits)
 .text._ZN3vex5motor16setRotationUnitsENS_13rotationUnitsE
                0x20011e80       0x12 c:\Users\alexa\AppData\Roaming\Code\User\globalStorage\vexrobotics.vexcode\sdk\cpp\IQ2\IQ2_20231003_10_00_00/vexiq2\libviq2rt.a(vex_motor.cpp.o)
                0x20011e80                vex::motor::setRotationUnits(vex::rotationUnits)
 .text._ZN3vex5motor11setPositionEdNS_13rotationUnitsE
                0x20011e92       0x3e c:\Users\alexa\AppData\Roaming\Code\User\globalStorage\vexrobotics.vexcode\sdk\cpp\IQ2\IQ2_20231003_10_00_00/vexiq2\libviq2rt.a(vex_motor.cpp.o)
                0x20011e92                vex::motor::setPosition(double, vex::rotationUnits)
 .text._ZN3vex5motor13resetPositionEv
                0x20011ed0       0x18 c:\Users\alexa\AppData\Roaming\Code\User\globalStorage\vexrobotics.vexcode\sdk\cpp\IQ2\IQ2_20231003_10_00_00/vexiq2\libviq2rt.a(vex_motor.cpp.o)
                0x20011ed0                vex::motor::resetPosition()
 .text._ZN3vex5motor8positionENS_13rotationUnitsE
                0x20011ee8       0x3c c:\Users\alexa\AppData\Roaming\Code\User\globalStorage\vexrobotics.vexcode\sdk\cpp\IQ2\IQ2_20231003_10_00_00/vexiq2\libviq2rt.a(vex_motor.cpp.o)
                0x20011ee8                vex::motor::position(vex::rotationUnits)
 .text._ZN3vex8inertial11getTurnTypeEv
                0x20011f24        0x4 c:\Users\alexa\AppData\Roaming\Code\User\globalStorage\vexrobotics.vexcode\sdk\cpp\IQ2\IQ2_20231003_10_00_00/vexiq2\libviq2rt.a(vex_imu.cpp.o)
                0x20011f24                vex::inertial::getTurnType()
 .text._ZThn20_N3vex8inertial11getTurnTypeEv
                0x20011f28        0x8 c:\Users\alexa\AppData\Roaming\Code\User\globalStorage\vexrobotics.vexcode\sdk\cpp\IQ2\IQ2_20231003_10_00_00/vexiq2\libviq2rt.a(vex_imu.cpp.o)
                0x20011f28                non-virtual thunk to vex::inertial::getTurnType()
 .text._ZN3vex8inertial10setHeadingEdNS_13rotationUnitsE
                0x20011f30       0x48 c:\Users\alexa\AppData\Roaming\Code\User\globalStorage\vexrobotics.vexcode\sdk\cpp\IQ2\IQ2_20231003_10_00_00/vexiq2\libviq2rt.a(vex_imu.cpp.o)
                0x20011f30                vex::inertial::setHeading(double, vex::rotationUnits)
 .text._ZThn20_N3vex8inertial10setHeadingEdNS_13rotationUnitsE
                0x20011f78        0x8 c:\Users\alexa\AppData\Roaming\Code\User\globalStorage\vexrobotics.vexcode\sdk\cpp\IQ2\IQ2_20231003_10_00_00/vexiq2\libviq2rt.a(vex_imu.cpp.o)
                0x20011f78                non-virtual thunk to vex::inertial::setHeading(double, vex::rotationUnits)
 .text._ZN3vex8inertial11setRotationEdNS_13rotationUnitsE
                0x20011f80       0x48 c:\Users\alexa\AppData\Roaming\Code\User\globalStorage\vexrobotics.vexcode\sdk\cpp\IQ2\IQ2_20231003_10_00_00/vexiq2\libviq2rt.a(vex_imu.cpp.o)
                0x20011f80                vex::inertial::setRotation(double, vex::rotationUnits)
 .text._ZThn20_N3vex8inertial11setRotationEdNS_13rotationUnitsE
                0x20011fc8        0x8 c:\Users\alexa\AppData\Roaming\Code\User\globalStorage\vexrobotics.vexcode\sdk\cpp\IQ2\IQ2_20231003_10_00_00/vexiq2\libviq2rt.a(vex_imu.cpp.o)
                0x20011fc8                non-virtual thunk to vex::inertial::setRotation(double, vex::rotationUnits)
 .text._ZN3vex8inertialD2Ev
                0x20011fd0       0x14 c:\Users\alexa\AppData\Roaming\Code\User\globalStorage\vexrobotics.vexcode\sdk\cpp\IQ2\IQ2_20231003_10_00_00/vexiq2\libviq2rt.a(vex_imu.cpp.o)
                0x20011fd0                vex::inertial::~inertial()
                0x20011fd0                vex::inertial::~inertial()
 .text._ZThn20_N3vex8inertialD1Ev
                0x20011fe4        0x8 c:\Users\alexa\AppData\Roaming\Code\User\globalStorage\vexrobotics.vexcode\sdk\cpp\IQ2\IQ2_20231003_10_00_00/vexiq2\libviq2rt.a(vex_imu.cpp.o)
                0x20011fe4                non-virtual thunk to vex::inertial::~inertial()
 .text._ZN3vex8inertialD0Ev
                0x20011fec       0x12 c:\Users\alexa\AppData\Roaming\Code\User\globalStorage\vexrobotics.vexcode\sdk\cpp\IQ2\IQ2_20231003_10_00_00/vexiq2\libviq2rt.a(vex_imu.cpp.o)
                0x20011fec                vex::inertial::~inertial()
 .text._ZThn20_N3vex8inertialD0Ev
                0x20011ffe        0x8 c:\Users\alexa\AppData\Roaming\Code\User\globalStorage\vexrobotics.vexcode\sdk\cpp\IQ2\IQ2_20231003_10_00_00/vexiq2\libviq2rt.a(vex_imu.cpp.o)
                0x20011ffe                non-virtual thunk to vex::inertial::~inertial()
 .text._ZN3vex8inertial9installedEv
                0x20012006       0x10 c:\Users\alexa\AppData\Roaming\Code\User\globalStorage\vexrobotics.vexcode\sdk\cpp\IQ2\IQ2_20231003_10_00_00/vexiq2\libviq2rt.a(vex_imu.cpp.o)
                0x20012006                vex::inertial::installed()
 *fill*         0x20012016        0x2 
 .text._ZN3vex8inertial5angleENS_13rotationUnitsE
                0x20012018       0x74 c:\Users\alexa\AppData\Roaming\Code\User\globalStorage\vexrobotics.vexcode\sdk\cpp\IQ2\IQ2_20231003_10_00_00/vexiq2\libviq2rt.a(vex_imu.cpp.o)
                0x20012018                vex::inertial::angle(vex::rotationUnits)
 .text._ZThn20_N3vex8inertial5angleENS_13rotationUnitsE
                0x2001208c        0x8 c:\Users\alexa\AppData\Roaming\Code\User\globalStorage\vexrobotics.vexcode\sdk\cpp\IQ2\IQ2_20231003_10_00_00/vexiq2\libviq2rt.a(vex_imu.cpp.o)
                0x2001208c                non-virtual thunk to vex::inertial::angle(vex::rotationUnits)
 .text._ZN3vex8inertial7headingENS_13rotationUnitsE
                0x20012094        0x4 c:\Users\alexa\AppData\Roaming\Code\User\globalStorage\vexrobotics.vexcode\sdk\cpp\IQ2\IQ2_20231003_10_00_00/vexiq2\libviq2rt.a(vex_imu.cpp.o)
                0x20012094                vex::inertial::heading(vex::rotationUnits)
 .text._ZThn20_N3vex8inertial7headingENS_13rotationUnitsE
                0x20012098        0x8 c:\Users\alexa\AppData\Roaming\Code\User\globalStorage\vexrobotics.vexcode\sdk\cpp\IQ2\IQ2_20231003_10_00_00/vexiq2\libviq2rt.a(vex_imu.cpp.o)
                0x20012098                non-virtual thunk to vex::inertial::heading(vex::rotationUnits)
 .text._ZN3vex8inertial5valueEv
                0x200120a0       0x12 c:\Users\alexa\AppData\Roaming\Code\User\globalStorage\vexrobotics.vexcode\sdk\cpp\IQ2\IQ2_20231003_10_00_00/vexiq2\libviq2rt.a(vex_imu.cpp.o)
                0x200120a0                vex::inertial::value()
 *fill*         0x200120b2        0x2 
 .text._ZN3vex8inertial8rotationENS_13rotationUnitsE
                0x200120b4       0x38 c:\Users\alexa\AppData\Roaming\Code\User\globalStorage\vexrobotics.vexcode\sdk\cpp\IQ2\IQ2_20231003_10_00_00/vexiq2\libviq2rt.a(vex_imu.cpp.o)
                0x200120b4                vex::inertial::rotation(vex::rotationUnits)
 .text._ZThn20_N3vex8inertial8rotationENS_13rotationUnitsE
                0x200120ec        0x8 c:\Users\alexa\AppData\Roaming\Code\User\globalStorage\vexrobotics.vexcode\sdk\cpp\IQ2\IQ2_20231003_10_00_00/vexiq2\libviq2rt.a(vex_imu.cpp.o)
                0x200120ec                non-virtual thunk to vex::inertial::rotation(vex::rotationUnits)
 .text._ZN3vex8inertial13isCalibratingEv
                0x200120f4       0x22 c:\Users\alexa\AppData\Roaming\Code\User\globalStorage\vexrobotics.vexcode\sdk\cpp\IQ2\IQ2_20231003_10_00_00/vexiq2\libviq2rt.a(vex_imu.cpp.o)
                0x200120f4                vex::inertial::isCalibrating()
 .text._ZThn20_N3vex8inertial13isCalibratingEv
                0x20012116        0x8 c:\Users\alexa\AppData\Roaming\Code\User\globalStorage\vexrobotics.vexcode\sdk\cpp\IQ2\IQ2_20231003_10_00_00/vexiq2\libviq2rt.a(vex_imu.cpp.o)
                0x20012116                non-virtual thunk to vex::inertial::isCalibrating()
 *fill*         0x2001211e        0x2 
 .text._ZN3vex8inertialC2ElNS_8turnTypeE
                0x20012120       0x30 c:\Users\alexa\AppData\Roaming\Code\User\globalStorage\vexrobotics.vexcode\sdk\cpp\IQ2\IQ2_20231003_10_00_00/vexiq2\libviq2rt.a(vex_imu.cpp.o)
                0x20012120                vex::inertial::inertial(long, vex::turnType)
                0x20012120                vex::inertial::inertial(long, vex::turnType)
 .text._ZN3vex8inertialC2ENS_8turnTypeE
                0x20012150       0x18 c:\Users\alexa\AppData\Roaming\Code\User\globalStorage\vexrobotics.vexcode\sdk\cpp\IQ2\IQ2_20231003_10_00_00/vexiq2\libviq2rt.a(vex_imu.cpp.o)
                0x20012150                vex::inertial::inertial(vex::turnType)
                0x20012150                vex::inertial::inertial(vex::turnType)
 .text._ZN3vex8inertial16startCalibrationEl
                0x20012168       0x16 c:\Users\alexa\AppData\Roaming\Code\User\globalStorage\vexrobotics.vexcode\sdk\cpp\IQ2\IQ2_20231003_10_00_00/vexiq2\libviq2rt.a(vex_imu.cpp.o)
                0x20012168                vex::inertial::startCalibration(long)
 .text._ZN3vex8inertial9calibrateEl
                0x2001217e        0xa c:\Users\alexa\AppData\Roaming\Code\User\globalStorage\vexrobotics.vexcode\sdk\cpp\IQ2\IQ2_20231003_10_00_00/vexiq2\libviq2rt.a(vex_imu.cpp.o)
                0x2001217e                vex::inertial::calibrate(long)
                0x20012182                non-virtual thunk to vex::inertial::calibrate(long)
 .text._ZN3vex5event9userindexEv
                0x20012188        0x4 c:\Users\alexa\AppData\Roaming\Code\User\globalStorage\vexrobotics.vexcode\sdk\cpp\IQ2\IQ2_20231003_10_00_00/vexiq2\libviq2rt.a(vex_event.cpp.o)
                0x20012188                vex::event::userindex()
 .text._ZN3vex6device5valueEv
                0x2001218c        0x4 c:\Users\alexa\AppData\Roaming\Code\User\globalStorage\vexrobotics.vexcode\sdk\cpp\IQ2\IQ2_20231003_10_00_00/vexiq2\libviq2rt.a(vex_device.cpp.o)
                0x2001218c                vex::device::value()
 .text._ZN3vex6deviceD2Ev
                0x20012190        0x2 c:\Users\alexa\AppData\Roaming\Code\User\globalStorage\vexrobotics.vexcode\sdk\cpp\IQ2\IQ2_20231003_10_00_00/vexiq2\libviq2rt.a(vex_device.cpp.o)
                0x20012190                vex::device::~device()
                0x20012190                vex::device::~device()
 .text._ZN3vex6device4initEl
                0x20012192       0x22 c:\Users\alexa\AppData\Roaming\Code\User\globalStorage\vexrobotics.vexcode\sdk\cpp\IQ2\IQ2_20231003_10_00_00/vexiq2\libviq2rt.a(vex_device.cpp.o)
                0x20012192                vex::device::init(long)
 .text._ZN3vex6deviceC2El
                0x200121b4       0x14 c:\Users\alexa\AppData\Roaming\Code\User\globalStorage\vexrobotics.vexcode\sdk\cpp\IQ2\IQ2_20231003_10_00_00/vexiq2\libviq2rt.a(vex_device.cpp.o)
                0x200121b4                vex::device::device(long)
                0x200121b4                vex::device::device(long)
 .text._ZN3vex6device4typeEv
                0x200121c8        0x8 c:\Users\alexa\AppData\Roaming\Code\User\globalStorage\vexrobotics.vexcode\sdk\cpp\IQ2\IQ2_20231003_10_00_00/vexiq2\libviq2rt.a(vex_device.cpp.o)
                0x200121c8                vex::device::type()
 .text._ZN3vex6device9installedEv
                0x200121d0        0xe c:\Users\alexa\AppData\Roaming\Code\User\globalStorage\vexrobotics.vexcode\sdk\cpp\IQ2\IQ2_20231003_10_00_00/vexiq2\libviq2rt.a(vex_device.cpp.o)
                0x200121d0                vex::device::installed()
 .text.__aeabi_atexit
                0x200121de        0xa c:\Users\alexa\AppData\Roaming\Code\User\globalStorage\vexrobotics.vexcode\sdk\cpp\IQ2\IQ2_20231003_10_00_00/vexiq2/gcc/libs\libc_nano.a(lib_a-aeabi_atexit.o)
                0x200121de                __aeabi_atexit
 .text.__aeabi_memclr
                0x200121e8        0x6 c:\Users\alexa\AppData\Roaming\Code\User\globalStorage\vexrobotics.vexcode\sdk\cpp\IQ2\IQ2_20231003_10_00_00/vexiq2/gcc/libs\libc_nano.a(lib_a-aeabi_memclr.o)
                0x200121e8                __aeabi_memclr
                0x200121e8                __aeabi_memclr4
                0x200121e8                __aeabi_memclr8
 *fill*         0x200121ee        0x2 
 .text.__sflush_r
                0x200121f0      0x10c c:\Users\alexa\AppData\Roaming\Code\User\globalStorage\vexrobotics.vexcode\sdk\cpp\IQ2\IQ2_20231003_10_00_00/vexiq2/gcc/libs\libc_nano.a(lib_a-fflush.o)
                0x200121f0                __sflush_r
 .text._fflush_r
                0x200122fc       0x54 c:\Users\alexa\AppData\Roaming\Code\User\globalStorage\vexrobotics.vexcode\sdk\cpp\IQ2\IQ2_20231003_10_00_00/vexiq2/gcc/libs\libc_nano.a(lib_a-fflush.o)
                0x200122fc                _fflush_r
 .text.std      0x20012350       0x48 c:\Users\alexa\AppData\Roaming\Code\User\globalStorage\vexrobotics.vexcode\sdk\cpp\IQ2\IQ2_20231003_10_00_00/vexiq2/gcc/libs\libc_nano.a(lib_a-findfp.o)
 .text._cleanup_r
                0x20012398        0xc c:\Users\alexa\AppData\Roaming\Code\User\globalStorage\vexrobotics.vexcode\sdk\cpp\IQ2\IQ2_20231003_10_00_00/vexiq2/gcc/libs\libc_nano.a(lib_a-findfp.o)
                0x20012398                _cleanup_r
 .text.__sfmoreglue
                0x200123a4       0x2c c:\Users\alexa\AppData\Roaming\Code\User\globalStorage\vexrobotics.vexcode\sdk\cpp\IQ2\IQ2_20231003_10_00_00/vexiq2/gcc/libs\libc_nano.a(lib_a-findfp.o)
                0x200123a4                __sfmoreglue
 .text.__sinit  0x200123d0       0x60 c:\Users\alexa\AppData\Roaming\Code\User\globalStorage\vexrobotics.vexcode\sdk\cpp\IQ2\IQ2_20231003_10_00_00/vexiq2/gcc/libs\libc_nano.a(lib_a-findfp.o)
                0x200123d0                __sinit
 .text.__sfp    0x20012430       0x78 c:\Users\alexa\AppData\Roaming\Code\User\globalStorage\vexrobotics.vexcode\sdk\cpp\IQ2\IQ2_20231003_10_00_00/vexiq2/gcc/libs\libc_nano.a(lib_a-findfp.o)
                0x20012430                __sfp
 .text._fwalk_reent
                0x200124a8       0x3c c:\Users\alexa\AppData\Roaming\Code\User\globalStorage\vexrobotics.vexcode\sdk\cpp\IQ2\IQ2_20231003_10_00_00/vexiq2/gcc/libs\libc_nano.a(lib_a-fwalk.o)
                0x200124a8                _fwalk_reent
 .text.__libc_init_array
                0x200124e4       0x48 c:\Users\alexa\AppData\Roaming\Code\User\globalStorage\vexrobotics.vexcode\sdk\cpp\IQ2\IQ2_20231003_10_00_00/vexiq2/gcc/libs\libc_nano.a(lib_a-init.o)
                0x200124e4                __libc_init_array
 .text.__swhatbuf_r
                0x2001252c       0x48 c:\Users\alexa\AppData\Roaming\Code\User\globalStorage\vexrobotics.vexcode\sdk\cpp\IQ2\IQ2_20231003_10_00_00/vexiq2/gcc/libs\libc_nano.a(lib_a-makebuf.o)
                0x2001252c                __swhatbuf_r
 .text.__smakebuf_r
                0x20012574       0x80 c:\Users\alexa\AppData\Roaming\Code\User\globalStorage\vexrobotics.vexcode\sdk\cpp\IQ2\IQ2_20231003_10_00_00/vexiq2/gcc/libs\libc_nano.a(lib_a-makebuf.o)
                0x20012574                __smakebuf_r
 .text.memset   0x200125f4       0x10 c:\Users\alexa\AppData\Roaming\Code\User\globalStorage\vexrobotics.vexcode\sdk\cpp\IQ2\IQ2_20231003_10_00_00/vexiq2/gcc/libs\libc_nano.a(lib_a-memset.o)
                0x200125f4                memset
 .text._free_r  0x20012604       0x9c c:\Users\alexa\AppData\Roaming\Code\User\globalStorage\vexrobotics.vexcode\sdk\cpp\IQ2\IQ2_20231003_10_00_00/vexiq2/gcc/libs\libc_nano.a(lib_a-nano-freer.o)
                0x20012604                _free_r
 .text._malloc_r
                0x200126a0       0xb4 c:\Users\alexa\AppData\Roaming\Code\User\globalStorage\vexrobotics.vexcode\sdk\cpp\IQ2\IQ2_20231003_10_00_00/vexiq2/gcc/libs\libc_nano.a(lib_a-nano-mallocr.o)
                0x200126a0                _malloc_r
 .text.printf   0x20012754       0x30 c:\Users\alexa\AppData\Roaming\Code\User\globalStorage\vexrobotics.vexcode\sdk\cpp\IQ2\IQ2_20231003_10_00_00/vexiq2/gcc/libs\libc_nano.a(lib_a-printf.o)
                0x20012754                iprintf
                0x20012754                printf
 .text.srand    0x20012784       0x48 c:\Users\alexa\AppData\Roaming\Code\User\globalStorage\vexrobotics.vexcode\sdk\cpp\IQ2\IQ2_20231003_10_00_00/vexiq2/gcc/libs\libc_nano.a(lib_a-rand.o)
                0x20012784                srand
 .text.rand     0x200127cc       0x68 c:\Users\alexa\AppData\Roaming\Code\User\globalStorage\vexrobotics.vexcode\sdk\cpp\IQ2\IQ2_20231003_10_00_00/vexiq2/gcc/libs\libc_nano.a(lib_a-rand.o)
                0x200127cc                rand
 .text._sbrk_r  0x20012834       0x20 c:\Users\alexa\AppData\Roaming\Code\User\globalStorage\vexrobotics.vexcode\sdk\cpp\IQ2\IQ2_20231003_10_00_00/vexiq2/gcc/libs\libc_nano.a(lib_a-sbrkr.o)
                0x20012834                _sbrk_r
 .text.__sread  0x20012854       0x22 c:\Users\alexa\AppData\Roaming\Code\User\globalStorage\vexrobotics.vexcode\sdk\cpp\IQ2\IQ2_20231003_10_00_00/vexiq2/gcc/libs\libc_nano.a(lib_a-stdio.o)
                0x20012854                __sread
 .text.__swrite
                0x20012876       0x38 c:\Users\alexa\AppData\Roaming\Code\User\globalStorage\vexrobotics.vexcode\sdk\cpp\IQ2\IQ2_20231003_10_00_00/vexiq2/gcc/libs\libc_nano.a(lib_a-stdio.o)
                0x20012876                __swrite
 .text.__sseek  0x200128ae       0x24 c:\Users\alexa\AppData\Roaming\Code\User\globalStorage\vexrobotics.vexcode\sdk\cpp\IQ2\IQ2_20231003_10_00_00/vexiq2/gcc/libs\libc_nano.a(lib_a-stdio.o)
                0x200128ae                __sseek
 .text.__sclose
                0x200128d2        0x8 c:\Users\alexa\AppData\Roaming\Code\User\globalStorage\vexrobotics.vexcode\sdk\cpp\IQ2\IQ2_20231003_10_00_00/vexiq2/gcc/libs\libc_nano.a(lib_a-stdio.o)
                0x200128d2                __sclose
 *fill*         0x200128da        0x2 
 .text.time     0x200128dc       0x34 c:\Users\alexa\AppData\Roaming\Code\User\globalStorage\vexrobotics.vexcode\sdk\cpp\IQ2\IQ2_20231003_10_00_00/vexiq2/gcc/libs\libc_nano.a(lib_a-time.o)
                0x200128dc                time
 .text.__swbuf_r
                0x20012910       0xa4 c:\Users\alexa\AppData\Roaming\Code\User\globalStorage\vexrobotics.vexcode\sdk\cpp\IQ2\IQ2_20231003_10_00_00/vexiq2/gcc/libs\libc_nano.a(lib_a-wbuf.o)
                0x20012910                __swbuf_r
 .text._write_r
                0x200129b4       0x24 c:\Users\alexa\AppData\Roaming\Code\User\globalStorage\vexrobotics.vexcode\sdk\cpp\IQ2\IQ2_20231003_10_00_00/vexiq2/gcc/libs\libc_nano.a(lib_a-writer.o)
                0x200129b4                _write_r
 .text.__swsetup_r
                0x200129d8       0xdc c:\Users\alexa\AppData\Roaming\Code\User\globalStorage\vexrobotics.vexcode\sdk\cpp\IQ2\IQ2_20231003_10_00_00/vexiq2/gcc/libs\libc_nano.a(lib_a-wsetup.o)
                0x200129d8                __swsetup_r
 .text._close_r
                0x20012ab4       0x20 c:\Users\alexa\AppData\Roaming\Code\User\globalStorage\vexrobotics.vexcode\sdk\cpp\IQ2\IQ2_20231003_10_00_00/vexiq2/gcc/libs\libc_nano.a(lib_a-closer.o)
                0x20012ab4                _close_r
 .text._fstat_r
                0x20012ad4       0x24 c:\Users\alexa\AppData\Roaming\Code\User\globalStorage\vexrobotics.vexcode\sdk\cpp\IQ2\IQ2_20231003_10_00_00/vexiq2/gcc/libs\libc_nano.a(lib_a-fstatr.o)
                0x20012ad4                _fstat_r
 .text._gettimeofday_r
                0x20012af8       0x24 c:\Users\alexa\AppData\Roaming\Code\User\globalStorage\vexrobotics.vexcode\sdk\cpp\IQ2\IQ2_20231003_10_00_00/vexiq2/gcc/libs\libc_nano.a(lib_a-gettimeofdayr.o)
                0x20012af8                _gettimeofday_r
 .text._isatty_r
                0x20012b1c       0x20 c:\Users\alexa\AppData\Roaming\Code\User\globalStorage\vexrobotics.vexcode\sdk\cpp\IQ2\IQ2_20231003_10_00_00/vexiq2/gcc/libs\libc_nano.a(lib_a-isattyr.o)
                0x20012b1c                _isatty_r
 .text._lseek_r
                0x20012b3c       0x24 c:\Users\alexa\AppData\Roaming\Code\User\globalStorage\vexrobotics.vexcode\sdk\cpp\IQ2\IQ2_20231003_10_00_00/vexiq2/gcc/libs\libc_nano.a(lib_a-lseekr.o)
                0x20012b3c                _lseek_r
 .text.malloc   0x20012b60       0x10 c:\Users\alexa\AppData\Roaming\Code\User\globalStorage\vexrobotics.vexcode\sdk\cpp\IQ2\IQ2_20231003_10_00_00/vexiq2/gcc/libs\libc_nano.a(lib_a-malloc.o)
                0x20012b60                malloc
 .text.free     0x20012b70       0x10 c:\Users\alexa\AppData\Roaming\Code\User\globalStorage\vexrobotics.vexcode\sdk\cpp\IQ2\IQ2_20231003_10_00_00/vexiq2/gcc/libs\libc_nano.a(lib_a-malloc.o)
                0x20012b70                free
 .text.__malloc_lock
                0x20012b80        0x2 c:\Users\alexa\AppData\Roaming\Code\User\globalStorage\vexrobotics.vexcode\sdk\cpp\IQ2\IQ2_20231003_10_00_00/vexiq2/gcc/libs\libc_nano.a(lib_a-mlock.o)
                0x20012b80                __malloc_lock
 .text.__malloc_unlock
                0x20012b82        0x2 c:\Users\alexa\AppData\Roaming\Code\User\globalStorage\vexrobotics.vexcode\sdk\cpp\IQ2\IQ2_20231003_10_00_00/vexiq2/gcc/libs\libc_nano.a(lib_a-mlock.o)
                0x20012b82                __malloc_unlock
 .text.__sfputc_r
                0x20012b84       0x2e c:\Users\alexa\AppData\Roaming\Code\User\globalStorage\vexrobotics.vexcode\sdk\cpp\IQ2\IQ2_20231003_10_00_00/vexiq2/gcc/libs\libc_nano.a(lib_a-nano-vfprintf.o)
 .text.__sfputs_r
                0x20012bb2       0x24 c:\Users\alexa\AppData\Roaming\Code\User\globalStorage\vexrobotics.vexcode\sdk\cpp\IQ2\IQ2_20231003_10_00_00/vexiq2/gcc/libs\libc_nano.a(lib_a-nano-vfprintf.o)
                0x20012bb2                __sfputs_r
 *fill*         0x20012bd6        0x2 
 .text._vfprintf_r
                0x20012bd8      0x22c c:\Users\alexa\AppData\Roaming\Code\User\globalStorage\vexrobotics.vexcode\sdk\cpp\IQ2\IQ2_20231003_10_00_00/vexiq2/gcc/libs\libc_nano.a(lib_a-nano-vfprintf.o)
                0x20012bd8                _vfprintf_r
                0x20012bd8                _vfiprintf_r
 .text._printf_common
                0x20012e04       0xea c:\Users\alexa\AppData\Roaming\Code\User\globalStorage\vexrobotics.vexcode\sdk\cpp\IQ2\IQ2_20231003_10_00_00/vexiq2/gcc/libs\libc_nano.a(lib_a-nano-vfprintf_i.o)
                0x20012e04                _printf_common
 *fill*         0x20012eee        0x2 
 .text._printf_i
                0x20012ef0      0x224 c:\Users\alexa\AppData\Roaming\Code\User\globalStorage\vexrobotics.vexcode\sdk\cpp\IQ2\IQ2_20231003_10_00_00/vexiq2/gcc/libs\libc_nano.a(lib_a-nano-vfprintf_i.o)
                0x20012ef0                _printf_i
 .text._read_r  0x20013114       0x24 c:\Users\alexa\AppData\Roaming\Code\User\globalStorage\vexrobotics.vexcode\sdk\cpp\IQ2\IQ2_20231003_10_00_00/vexiq2/gcc/libs\libc_nano.a(lib_a-readr.o)
                0x20013114                _read_r
 .text._ZdlPv   0x20013138        0x4 c:\Users\alexa\AppData\Roaming\Code\User\globalStorage\vexrobotics.vexcode\sdk\cpp\IQ2\IQ2_20231003_10_00_00/vexiq2/gcc/libs\libstdc++_nano.a(del_op.o)
                0x20013138                operator delete(void*)
 .text._Znwj    0x2001313c       0x22 c:\Users\alexa\AppData\Roaming\Code\User\globalStorage\vexrobotics.vexcode\sdk\cpp\IQ2\IQ2_20231003_10_00_00/vexiq2/gcc/libs\libstdc++_nano.a(new_op.o)
                0x2001313c                operator new(unsigned int)
 *fill*         0x2001315e        0x2 
 .text._ZSt15get_new_handlerv
                0x20013160       0x10 c:\Users\alexa\AppData\Roaming\Code\User\globalStorage\vexrobotics.vexcode\sdk\cpp\IQ2\IQ2_20231003_10_00_00/vexiq2/gcc/libs\libstdc++_nano.a(new_handler.o)
                0x20013160                std::get_new_handler()
 .text.cosf     0x20013170       0x90 c:\Users\alexa\AppData\Roaming\Code\User\globalStorage\vexrobotics.vexcode\sdk\cpp\IQ2\IQ2_20231003_10_00_00/vexiq2/gcc/libs\libm.a(lib_a-sf_cos.o)
                0x20013170                cosf
 .text.sinf     0x20013200       0x94 c:\Users\alexa\AppData\Roaming\Code\User\globalStorage\vexrobotics.vexcode\sdk\cpp\IQ2\IQ2_20231003_10_00_00/vexiq2/gcc/libs\libm.a(lib_a-sf_sin.o)
                0x20013200                sinf
 .text.fmod     0x20013294       0xd0 c:\Users\alexa\AppData\Roaming\Code\User\globalStorage\vexrobotics.vexcode\sdk\cpp\IQ2\IQ2_20231003_10_00_00/vexiq2/gcc/libs\libm.a(lib_a-w_fmod.o)
                0x20013294                fmod
 .text.__ieee754_fmod
                0x20013364      0x248 c:\Users\alexa\AppData\Roaming\Code\User\globalStorage\vexrobotics.vexcode\sdk\cpp\IQ2\IQ2_20231003_10_00_00/vexiq2/gcc/libs\libm.a(lib_a-e_fmod.o)
                0x20013364                __ieee754_fmod
 .text.__ieee754_rem_pio2f
                0x200135ac      0x298 c:\Users\alexa\AppData\Roaming\Code\User\globalStorage\vexrobotics.vexcode\sdk\cpp\IQ2\IQ2_20231003_10_00_00/vexiq2/gcc/libs\libm.a(lib_a-ef_rem_pio2.o)
                0x200135ac                __ieee754_rem_pio2f
 .text.__kernel_cosf
                0x20013844      0x104 c:\Users\alexa\AppData\Roaming\Code\User\globalStorage\vexrobotics.vexcode\sdk\cpp\IQ2\IQ2_20231003_10_00_00/vexiq2/gcc/libs\libm.a(lib_a-kf_cos.o)
                0x20013844                __kernel_cosf
 .text.__kernel_rem_pio2f
                0x20013948      0x650 c:\Users\alexa\AppData\Roaming\Code\User\globalStorage\vexrobotics.vexcode\sdk\cpp\IQ2\IQ2_20231003_10_00_00/vexiq2/gcc/libs\libm.a(lib_a-kf_rem_pio2.o)
                0x20013948                __kernel_rem_pio2f
 .text.__kernel_sinf
                0x20013f98       0x90 c:\Users\alexa\AppData\Roaming\Code\User\globalStorage\vexrobotics.vexcode\sdk\cpp\IQ2\IQ2_20231003_10_00_00/vexiq2/gcc/libs\libm.a(lib_a-kf_sin.o)
                0x20013f98                __kernel_sinf
 .text.matherr  0x20014028        0x4 c:\Users\alexa\AppData\Roaming\Code\User\globalStorage\vexrobotics.vexcode\sdk\cpp\IQ2\IQ2_20231003_10_00_00/vexiq2/gcc/libs\libm.a(lib_a-s_matherr.o)
                0x20014028                matherr
 .text.fabsf    0x2001402c       0x10 c:\Users\alexa\AppData\Roaming\Code\User\globalStorage\vexrobotics.vexcode\sdk\cpp\IQ2\IQ2_20231003_10_00_00/vexiq2/gcc/libs\libm.a(lib_a-sf_fabs.o)
                0x2001402c                fabsf
 .text.floorf   0x2001403c       0x8c c:\Users\alexa\AppData\Roaming\Code\User\globalStorage\vexrobotics.vexcode\sdk\cpp\IQ2\IQ2_20231003_10_00_00/vexiq2/gcc/libs\libm.a(lib_a-sf_floor.o)
                0x2001403c                floorf
 .text.scalbnf  0x200140c8       0xd0 c:\Users\alexa\AppData\Roaming\Code\User\globalStorage\vexrobotics.vexcode\sdk\cpp\IQ2\IQ2_20231003_10_00_00/vexiq2/gcc/libs\libm.a(lib_a-sf_scalbn.o)
                0x200140c8                scalbnf
 .text.copysignf
                0x20014198       0x18 c:\Users\alexa\AppData\Roaming\Code\User\globalStorage\vexrobotics.vexcode\sdk\cpp\IQ2\IQ2_20231003_10_00_00/vexiq2/gcc/libs\libm.a(lib_a-sf_copysign.o)
                0x20014198                copysignf
 .text.__errno  0x200141b0        0xc c:\Users\alexa\AppData\Roaming\Code\User\globalStorage\vexrobotics.vexcode\sdk\cpp\IQ2\IQ2_20231003_10_00_00/vexiq2\libviq2rt.a(iq2_fstubs.c.o)
                0x200141b0                __errno
 .text._fstat   0x200141bc       0x1e c:\Users\alexa\AppData\Roaming\Code\User\globalStorage\vexrobotics.vexcode\sdk\cpp\IQ2\IQ2_20231003_10_00_00/vexiq2\libviq2rt.a(iq2_fstubs.c.o)
                0x200141bc                _fstat
 .text._lseek   0x200141da       0x1c c:\Users\alexa\AppData\Roaming\Code\User\globalStorage\vexrobotics.vexcode\sdk\cpp\IQ2\IQ2_20231003_10_00_00/vexiq2\libviq2rt.a(iq2_fstubs.c.o)
                0x200141da                _lseek
 .text._close   0x200141f6       0x14 c:\Users\alexa\AppData\Roaming\Code\User\globalStorage\vexrobotics.vexcode\sdk\cpp\IQ2\IQ2_20231003_10_00_00/vexiq2\libviq2rt.a(iq2_fstubs.c.o)
                0x200141f6                _close
 .text._read    0x2001420a       0x1c c:\Users\alexa\AppData\Roaming\Code\User\globalStorage\vexrobotics.vexcode\sdk\cpp\IQ2\IQ2_20231003_10_00_00/vexiq2\libviq2rt.a(iq2_fstubs.c.o)
                0x2001420a                _read
 .text._write   0x20014226       0x28 c:\Users\alexa\AppData\Roaming\Code\User\globalStorage\vexrobotics.vexcode\sdk\cpp\IQ2\IQ2_20231003_10_00_00/vexiq2\libviq2rt.a(iq2_fstubs.c.o)
                0x20014226                _write
 .text._isatty  0x2001424e       0x14 c:\Users\alexa\AppData\Roaming\Code\User\globalStorage\vexrobotics.vexcode\sdk\cpp\IQ2\IQ2_20231003_10_00_00/vexiq2\libviq2rt.a(iq2_fstubs.c.o)
                0x2001424e                _isatty
 .text._gettimeofday
                0x20014262       0x1e c:\Users\alexa\AppData\Roaming\Code\User\globalStorage\vexrobotics.vexcode\sdk\cpp\IQ2\IQ2_20231003_10_00_00/vexiq2\libviq2rt.a(iq2_fstubs.c.o)
                0x20014262                _gettimeofday
 .text.abort    0x20014280        0xe c:\Users\alexa\AppData\Roaming\Code\User\globalStorage\vexrobotics.vexcode\sdk\cpp\IQ2\IQ2_20231003_10_00_00/vexiq2/gcc/libs\libc_nano.a(lib_a-abort.o)
                0x20014280                abort
 .text._raise_r
                0x2001428e       0x50 c:\Users\alexa\AppData\Roaming\Code\User\globalStorage\vexrobotics.vexcode\sdk\cpp\IQ2\IQ2_20231003_10_00_00/vexiq2/gcc/libs\libc_nano.a(lib_a-signal.o)
                0x2001428e                _raise_r
 *fill*         0x200142de        0x2 
 .text.raise    0x200142e0       0x10 c:\Users\alexa\AppData\Roaming\Code\User\globalStorage\vexrobotics.vexcode\sdk\cpp\IQ2\IQ2_20231003_10_00_00/vexiq2/gcc/libs\libc_nano.a(lib_a-signal.o)
                0x200142e0                raise
 .text._kill_r  0x200142f0       0x24 c:\Users\alexa\AppData\Roaming\Code\User\globalStorage\vexrobotics.vexcode\sdk\cpp\IQ2\IQ2_20231003_10_00_00/vexiq2/gcc/libs\libc_nano.a(lib_a-signalr.o)
                0x200142f0                _kill_r
 .text._getpid_r
                0x20014314        0x4 c:\Users\alexa\AppData\Roaming\Code\User\globalStorage\vexrobotics.vexcode\sdk\cpp\IQ2\IQ2_20231003_10_00_00/vexiq2/gcc/libs\libc_nano.a(lib_a-signalr.o)
                0x20014314                _getpid_r
 *(.gnu.linkonce.t.*)
 *(.plt)
 *(.gnu_warning)
 *(.gcc_except_table)
 *(.glue_7)
 .glue_7        0x00000000        0x0 linker stubs
 *(.glue_7t)
 .glue_7t       0x00000000        0x0 linker stubs
 *(.vfp11_veneer)
 .vfp11_veneer  0x00000000        0x0 linker stubs
 *(.ARM.extab)
 *(.gnu.linkonce.armextab.*)

.v4_bx          0x20014318        0x0
 .v4_bx         0x00000000        0x0 linker stubs

.iplt           0x20014318        0x0
 .iplt          0x00000000        0x0 build/src/main.o

.init
 *(.init)

.fini
 *(.fini)

.rodata         0x20014318      0x670
                0x20014318                __rodata_start = .
 *(.rodata)
 *(.rodata.*)
 .rodata.str1.1
                0x20014318       0x10 build/src/main.o
 .rodata.str1.1
                0x20014328       0xdb build/src/localisation/odometry.o
 .rodata.str1.1
                0x20014403       0x19 build/src/localisation/FSM.o
 .rodata.str1.1
                0x2001441c       0x22 c:\Users\alexa\AppData\Roaming\Code\User\globalStorage\vexrobotics.vexcode\sdk\cpp\IQ2\IQ2_20231003_10_00_00/vexiq2\libviq2rt.a(iq2_startup.c.o)
 *fill*         0x2001443e        0x2 
 .rodata._ZN3vex5PORT1E
                0x20014440        0x4 c:\Users\alexa\AppData\Roaming\Code\User\globalStorage\vexrobotics.vexcode\sdk\cpp\IQ2\IQ2_20231003_10_00_00/vexiq2\libviq2rt.a(vex_global.cpp.o)
                0x20014440                vex::PORT1
 .rodata._ZN3vex7reverseE
                0x20014444        0x4 c:\Users\alexa\AppData\Roaming\Code\User\globalStorage\vexrobotics.vexcode\sdk\cpp\IQ2\IQ2_20231003_10_00_00/vexiq2\libviq2rt.a(vex_global.cpp.o)
                0x20014444                vex::reverse
 .rodata._ZN3vex7forwardE
                0x20014448        0x4 c:\Users\alexa\AppData\Roaming\Code\User\globalStorage\vexrobotics.vexcode\sdk\cpp\IQ2\IQ2_20231003_10_00_00/vexiq2\libviq2rt.a(vex_global.cpp.o)
                0x20014448                vex::forward
 .rodata._ZN3vex4msecE
                0x2001444c        0x4 c:\Users\alexa\AppData\Roaming\Code\User\globalStorage\vexrobotics.vexcode\sdk\cpp\IQ2\IQ2_20231003_10_00_00/vexiq2\libviq2rt.a(vex_global.cpp.o)
                0x2001444c                vex::msec
 .rodata._ZN3vex7percentE
                0x20014450        0x4 c:\Users\alexa\AppData\Roaming\Code\User\globalStorage\vexrobotics.vexcode\sdk\cpp\IQ2\IQ2_20231003_10_00_00/vexiq2\libviq2rt.a(vex_global.cpp.o)
                0x20014450                vex::percent
 .rodata._ZN3vex7degreesE
                0x20014454        0x4 c:\Users\alexa\AppData\Roaming\Code\User\globalStorage\vexrobotics.vexcode\sdk\cpp\IQ2\IQ2_20231003_10_00_00/vexiq2\libviq2rt.a(vex_global.cpp.o)
                0x20014454                vex::degrees
 .rodata._ZN3vex5PORT7E
                0x20014458        0x4 c:\Users\alexa\AppData\Roaming\Code\User\globalStorage\vexrobotics.vexcode\sdk\cpp\IQ2\IQ2_20231003_10_00_00/vexiq2\libviq2rt.a(vex_global.cpp.o)
                0x20014458                vex::PORT7
 .rodata.str1.1
                0x2001445c       0x20 c:\Users\alexa\AppData\Roaming\Code\User\globalStorage\vexrobotics.vexcode\sdk\cpp\IQ2\IQ2_20231003_10_00_00/vexiq2\libviq2rt.a(vex_brain.cpp.o)
 *fill*         0x2001447c        0x4 
 .rodata._ZTVN3vex5motorE
                0x20014480       0x10 c:\Users\alexa\AppData\Roaming\Code\User\globalStorage\vexrobotics.vexcode\sdk\cpp\IQ2\IQ2_20231003_10_00_00/vexiq2\libviq2rt.a(vex_motor.cpp.o)
                0x20014480                vtable for vex::motor
 .rodata._ZTVN3vex8inertialE
                0x20014490       0x68 c:\Users\alexa\AppData\Roaming\Code\User\globalStorage\vexrobotics.vexcode\sdk\cpp\IQ2\IQ2_20231003_10_00_00/vexiq2\libviq2rt.a(vex_imu.cpp.o)
                0x20014490                vtable for vex::inertial
 .rodata._ZTVN3vex6deviceE
                0x200144f8       0x10 c:\Users\alexa\AppData\Roaming\Code\User\globalStorage\vexrobotics.vexcode\sdk\cpp\IQ2\IQ2_20231003_10_00_00/vexiq2\libviq2rt.a(vex_device.cpp.o)
                0x200144f8                vtable for vex::device
 .rodata.__sf_fake_stderr
                0x20014508       0x20 c:\Users\alexa\AppData\Roaming\Code\User\globalStorage\vexrobotics.vexcode\sdk\cpp\IQ2\IQ2_20231003_10_00_00/vexiq2/gcc/libs\libc_nano.a(lib_a-findfp.o)
                0x20014508                __sf_fake_stderr
 .rodata.__sf_fake_stdin
                0x20014528       0x20 c:\Users\alexa\AppData\Roaming\Code\User\globalStorage\vexrobotics.vexcode\sdk\cpp\IQ2\IQ2_20231003_10_00_00/vexiq2/gcc/libs\libc_nano.a(lib_a-findfp.o)
                0x20014528                __sf_fake_stdin
 .rodata.__sf_fake_stdout
                0x20014548       0x20 c:\Users\alexa\AppData\Roaming\Code\User\globalStorage\vexrobotics.vexcode\sdk\cpp\IQ2\IQ2_20231003_10_00_00/vexiq2/gcc/libs\libc_nano.a(lib_a-findfp.o)
                0x20014548                __sf_fake_stdout
 .rodata._global_impure_ptr
                0x20014568        0x4 c:\Users\alexa\AppData\Roaming\Code\User\globalStorage\vexrobotics.vexcode\sdk\cpp\IQ2\IQ2_20231003_10_00_00/vexiq2/gcc/libs\libc_nano.a(lib_a-impure.o)
                0x20014568                _global_impure_ptr
 .rodata._vfprintf_r.str1.1
                0x2001456c       0x11 c:\Users\alexa\AppData\Roaming\Code\User\globalStorage\vexrobotics.vexcode\sdk\cpp\IQ2\IQ2_20231003_10_00_00/vexiq2/gcc/libs\libc_nano.a(lib_a-nano-vfprintf.o)
 .rodata._printf_i.str1.1
                0x2001457d       0x22 c:\Users\alexa\AppData\Roaming\Code\User\globalStorage\vexrobotics.vexcode\sdk\cpp\IQ2\IQ2_20231003_10_00_00/vexiq2/gcc/libs\libc_nano.a(lib_a-nano-vfprintf_i.o)
 *fill*         0x2001459f        0x1 
 .rodata.fmod.str1.4
                0x200145a0        0x8 c:\Users\alexa\AppData\Roaming\Code\User\globalStorage\vexrobotics.vexcode\sdk\cpp\IQ2\IQ2_20231003_10_00_00/vexiq2/gcc/libs\libm.a(lib_a-w_fmod.o)
                                  0x5 (size before relaxing)
 .rodata.Zero   0x200145a8       0x10 c:\Users\alexa\AppData\Roaming\Code\User\globalStorage\vexrobotics.vexcode\sdk\cpp\IQ2\IQ2_20231003_10_00_00/vexiq2/gcc/libs\libm.a(lib_a-e_fmod.o)
 .rodata.npio2_hw
                0x200145b8       0x80 c:\Users\alexa\AppData\Roaming\Code\User\globalStorage\vexrobotics.vexcode\sdk\cpp\IQ2\IQ2_20231003_10_00_00/vexiq2/gcc/libs\libm.a(lib_a-ef_rem_pio2.o)
 .rodata.two_over_pi
                0x20014638      0x318 c:\Users\alexa\AppData\Roaming\Code\User\globalStorage\vexrobotics.vexcode\sdk\cpp\IQ2\IQ2_20231003_10_00_00/vexiq2/gcc/libs\libm.a(lib_a-ef_rem_pio2.o)
 .rodata.PIo2   0x20014950       0x2c c:\Users\alexa\AppData\Roaming\Code\User\globalStorage\vexrobotics.vexcode\sdk\cpp\IQ2\IQ2_20231003_10_00_00/vexiq2/gcc/libs\libm.a(lib_a-kf_rem_pio2.o)
 .rodata.init_jk
                0x2001497c        0xc c:\Users\alexa\AppData\Roaming\Code\User\globalStorage\vexrobotics.vexcode\sdk\cpp\IQ2\IQ2_20231003_10_00_00/vexiq2/gcc/libs\libm.a(lib_a-kf_rem_pio2.o)
 *(.gnu.linkonce.r.*)
                0x20014988                __rodata_end = .

.rodata1        0x20014988        0x0
                0x20014988                __rodata1_start = .
 *(.rodata1)
 *(.rodata1.*)
                0x20014988                __rodata1_end = .

.sdata2         0x20014988        0x0
                0x20014988                __sdata2_start = .
 *(.sdata2)
 *(.sdata2.*)
 *(.gnu.linkonce.s2.*)
                0x20014988                __sdata2_end = .

.sbss2          0x20014988        0x0
                0x20014988                __sbss2_start = .
 *(.sbss2)
 *(.sbss2.*)
 *(.gnu.linkonce.sb2.*)
                0x20014988                __sbss2_end = .

.data           0x20014988       0x6d
                0x20014988                __data_start = .
                0x20014988                __data_load = .
 *(.data)
 *(.data.*)
 .data.__yoff   0x20014988        0x4 c:\Users\alexa\AppData\Roaming\Code\User\globalStorage\vexrobotics.vexcode\sdk\cpp\IQ2\IQ2_20231003_10_00_00/vexiq2\libviq2rt.a(iq2_apijump.c.o)
 .data._ZN3vex24__default_motor_velocityE
                0x2001498c        0x4 c:\Users\alexa\AppData\Roaming\Code\User\globalStorage\vexrobotics.vexcode\sdk\cpp\IQ2\IQ2_20231003_10_00_00/vexiq2\libviq2rt.a(vex_motor.cpp.o)
                0x2001498c                vex::__default_motor_velocity
 .data._impure_ptr
                0x20014990        0x4 c:\Users\alexa\AppData\Roaming\Code\User\globalStorage\vexrobotics.vexcode\sdk\cpp\IQ2\IQ2_20231003_10_00_00/vexiq2/gcc/libs\libc_nano.a(lib_a-impure.o)
                0x20014990                _impure_ptr
 .data.impure_data
                0x20014994       0x60 c:\Users\alexa\AppData\Roaming\Code\User\globalStorage\vexrobotics.vexcode\sdk\cpp\IQ2\IQ2_20231003_10_00_00/vexiq2/gcc/libs\libc_nano.a(lib_a-impure.o)
 .data.__fdlib_version
                0x200149f4        0x1 c:\Users\alexa\AppData\Roaming\Code\User\globalStorage\vexrobotics.vexcode\sdk\cpp\IQ2\IQ2_20231003_10_00_00/vexiq2/gcc/libs\libm.a(lib_a-s_lib_ver.o)
                0x200149f4                __fdlib_version
 *(.gnu.linkonce.d.*)
 *(.jcr)
 *(.got)
 *(.got.plt)
                0x200149f5                __data_end = .

.igot.plt       0x200149f8        0x0
 .igot.plt      0x00000000        0x0 build/src/main.o

.data1          0x200149f5        0x0
                0x200149f5                __data1_start = .
                0x200149f5                __data1_load = .
 *(.data1)
 *(.data1.*)
                0x200149f5                __data1_end = .

.got
 *(.got)

.ctors          0x200149f5        0x0
                0x200149f5                __CTOR_LIST__ = .
                0x200149f5                ___CTORS_LIST___ = .
 *crtbegin.o(.ctors)
 *(EXCLUDE_FILE(*crtend.o) .ctors)
 *(SORT(.ctors.*))
 *(.ctors)
                0x200149f5                __CTOR_END__ = .
                0x200149f5                ___CTORS_END___ = .

.dtors          0x200149f5        0x0
                0x200149f5                __DTOR_LIST__ = .
                0x200149f5                ___DTORS_LIST___ = .
 *crtbegin.o(.dtors)
 *(EXCLUDE_FILE(*crtend.o) .dtors)
 *(SORT(.dtors.*))
 *(.dtors)
                0x200149f5                __DTOR_END__ = .
                0x200149f5                ___DTORS_END___ = .

.fixup          0x200149f5        0x0
                0x200149f5                __fixup_start = .
 *(.fixup)
                0x200149f5                __fixup_end = .

.eh_frame
 *(.eh_frame)

.eh_framehdr    0x200149f5        0x0
                0x200149f5                __eh_framehdr_start = .
 *(.eh_framehdr)
                0x200149f5                __eh_framehdr_end = .

.gcc_except_table
 *(.gcc_except_table)

.mmu_tbl        0x20018000        0x0
                0x20018000                __mmu_tbl_start = .
 *(.mmu_tbl)
                0x20018000                __mmu_tbl_end = .

.ARM.exidx      0x200149f8        0x8
                0x200149f8                __exidx_start = .
 *(.ARM.exidx*)
 .ARM.exidx.text.main
                0x200149f8        0x8 build/src/main.o
 .ARM.exidx.text._GLOBAL__sub_I_main.cpp
                0x20014a00        0x0 build/src/main.o
                                  0x8 (size before relaxing)
 .ARM.exidx.text._ZN8OdometryC2ERN3vex5motorES2_RNS0_8inertialE
                0x20014a00        0x0 build/src/localisation/odometry.o
                                  0x8 (size before relaxing)
 .ARM.exidx.text._ZN8Odometry10initializeEv
                0x20014a00        0x0 build/src/localisation/odometry.o
                                  0x8 (size before relaxing)
 .ARM.exidx.text._ZN8Odometry6updateEv
                0x20014a00        0x0 build/src/localisation/odometry.o
                                  0x8 (size before relaxing)
 .ARM.exidx.text._ZN8Odometry17degreesToDistanceEf
                0x20014a00        0x0 build/src/localisation/odometry.o
                                  0x8 (size before relaxing)
 .ARM.exidx.text._ZN8Odometry4getXEv
                0x20014a00        0x0 build/src/localisation/odometry.o
                                  0x8 (size before relaxing)
 .ARM.exidx.text._ZN8Odometry4getYEv
                0x20014a00        0x0 build/src/localisation/odometry.o
                                  0x8 (size before relaxing)
 .ARM.exidx.text._ZN5robotC2Ev
                0x20014a00        0x0 build/src/localisation/robot.o
                                  0x8 (size before relaxing)
 .ARM.exidx.text._ZN5robot5startEv
                0x20014a00        0x0 build/src/localisation/robot.o
                                  0x8 (size before relaxing)
 .ARM.exidx.text._ZN5robot10initializeEv
                0x20014a00        0x0 build/src/localisation/robot.o
                                  0x8 (size before relaxing)
 .ARM.exidx.text._ZN5robot12getleftDriveEv
                0x20014a00        0x0 build/src/localisation/robot.o
                                  0x8 (size before relaxing)
 .ARM.exidx.text._ZN5robot13getrightDriveEv
                0x20014a00        0x0 build/src/localisation/robot.o
                                  0x8 (size before relaxing)
 .ARM.exidx.text._ZN5robot8getBrainEv
                0x20014a00        0x0 build/src/localisation/robot.o
                                  0x8 (size before relaxing)
 .ARM.exidx.text._ZN5robot7getOdomEv
                0x20014a00        0x0 build/src/localisation/robot.o
                                  0x8 (size before relaxing)
 .ARM.exidx.text._ZN3fsmC2Ev
                0x20014a00        0x0 build/src/localisation/FSM.o
                                  0x8 (size before relaxing)
 .ARM.exidx.text._ZN3fsm14randomMovementERN3vex5motorES2_
                0x20014a00        0x0 build/src/localisation/FSM.o
                                  0x8 (size before relaxing)
 *(.gnu.linkonce.armexidix.*.*)
                0x20014a00                __exidx_end = .

.rel.dyn        0x20014a00        0x0
 .rel.iplt      0x00000000        0x0 build/src/main.o

.preinit_array  0x20014a00        0x0
                0x20014a00                __preinit_array_start = .
 *(SORT(.preinit_array.*))
 *(.preinit_array)
                0x20014a00                __preinit_array_end = .

.init_array     0x20014a00        0x8
                0x20014a00                __init_array_start = .
 *(SORT(.init_array.*))
 *(.init_array)
 .init_array    0x20014a00        0x4 build/src/main.o
 .init_array    0x20014a04        0x4 c:\Users\alexa\AppData\Roaming\Code\User\globalStorage\vexrobotics.vexcode\sdk\cpp\IQ2\IQ2_20231003_10_00_00/vexiq2\libviq2rt.a(vex_color.cpp.o)
                0x20014a08                __init_array_end = .

.fini_array     0x20014a08        0x0
                0x20014a08                __fini_array_start = .
 *(SORT(.fini_array.*))
 *(.fini_array)
                0x20014a08                __fini_array_end = .

.ARM.attributes
                0x20014a08       0x3d
                0x20014a08                __ARM.attributes_start = .
 *(.ARM.attributes)
 .ARM.attributes
                0x20014a08       0x49 build/src/main.o
 .ARM.attributes
                0x20014a51       0x49 build/src/localisation/odometry.o
 .ARM.attributes
                0x20014a9a       0x49 build/src/localisation/robot.o
 .ARM.attributes
                0x20014ae3       0x49 build/src/localisation/FSM.o
 .ARM.attributes
                0x20014b2c       0x39 c:\Users\alexa\AppData\Roaming\Code\User\globalStorage\vexrobotics.vexcode\sdk\cpp\IQ2\IQ2_20231003_10_00_00/vexiq2\libviq2rt.a(iq2_startup.c.o)
 .ARM.attributes
                0x20014b65       0x39 c:\Users\alexa\AppData\Roaming\Code\User\globalStorage\vexrobotics.vexcode\sdk\cpp\IQ2\IQ2_20231003_10_00_00/vexiq2\libviq2rt.a(iq2_apijump.c.o)
 .ARM.attributes
                0x20014b9e       0x39 c:\Users\alexa\AppData\Roaming\Code\User\globalStorage\vexrobotics.vexcode\sdk\cpp\IQ2\IQ2_20231003_10_00_00/vexiq2\libviq2rt.a(vex_global.cpp.o)
 .ARM.attributes
                0x20014bd7       0x39 c:\Users\alexa\AppData\Roaming\Code\User\globalStorage\vexrobotics.vexcode\sdk\cpp\IQ2\IQ2_20231003_10_00_00/vexiq2\libviq2rt.a(vex_color.cpp.o)
 .ARM.attributes
                0x20014c10       0x39 c:\Users\alexa\AppData\Roaming\Code\User\globalStorage\vexrobotics.vexcode\sdk\cpp\IQ2\IQ2_20231003_10_00_00/vexiq2\libviq2rt.a(vex_thread.cpp.o)
 .ARM.attributes
                0x20014c49       0x39 c:\Users\alexa\AppData\Roaming\Code\User\globalStorage\vexrobotics.vexcode\sdk\cpp\IQ2\IQ2_20231003_10_00_00/vexiq2\libviq2rt.a(vex_brain.cpp.o)
 .ARM.attributes
                0x20014c82       0x39 c:\Users\alexa\AppData\Roaming\Code\User\globalStorage\vexrobotics.vexcode\sdk\cpp\IQ2\IQ2_20231003_10_00_00/vexiq2\libviq2rt.a(vex_timer.cpp.o)
 .ARM.attributes
                0x20014cbb       0x39 c:\Users\alexa\AppData\Roaming\Code\User\globalStorage\vexrobotics.vexcode\sdk\cpp\IQ2\IQ2_20231003_10_00_00/vexiq2\libviq2rt.a(vex_motor.cpp.o)
 .ARM.attributes
                0x20014cf4       0x39 c:\Users\alexa\AppData\Roaming\Code\User\globalStorage\vexrobotics.vexcode\sdk\cpp\IQ2\IQ2_20231003_10_00_00/vexiq2\libviq2rt.a(vex_imu.cpp.o)
 .ARM.attributes
                0x20014d2d       0x39 c:\Users\alexa\AppData\Roaming\Code\User\globalStorage\vexrobotics.vexcode\sdk\cpp\IQ2\IQ2_20231003_10_00_00/vexiq2\libviq2rt.a(vex_event.cpp.o)
 .ARM.attributes
                0x20014d66       0x39 c:\Users\alexa\AppData\Roaming\Code\User\globalStorage\vexrobotics.vexcode\sdk\cpp\IQ2\IQ2_20231003_10_00_00/vexiq2\libviq2rt.a(vex_device.cpp.o)
 .ARM.attributes
                0x20014d9f       0x34 c:\Users\alexa\AppData\Roaming\Code\User\globalStorage\vexrobotics.vexcode\sdk\cpp\IQ2\IQ2_20231003_10_00_00/vexiq2/gcc/libs\libc_nano.a(lib_a-aeabi_atexit.o)
 .ARM.attributes
                0x20014dd3       0x34 c:\Users\alexa\AppData\Roaming\Code\User\globalStorage\vexrobotics.vexcode\sdk\cpp\IQ2\IQ2_20231003_10_00_00/vexiq2/gcc/libs\libc_nano.a(lib_a-aeabi_memclr.o)
 .ARM.attributes
                0x20014e07       0x20 c:\Users\alexa\AppData\Roaming\Code\User\globalStorage\vexrobotics.vexcode\sdk\cpp\IQ2\IQ2_20231003_10_00_00/vexiq2/gcc/libs\libc_nano.a(lib_a-aeabi_memset-soft.o)
 .ARM.attributes
                0x20014e27       0x34 c:\Users\alexa\AppData\Roaming\Code\User\globalStorage\vexrobotics.vexcode\sdk\cpp\IQ2\IQ2_20231003_10_00_00/vexiq2/gcc/libs\libc_nano.a(lib_a-fflush.o)
 .ARM.attributes
                0x20014e5b       0x34 c:\Users\alexa\AppData\Roaming\Code\User\globalStorage\vexrobotics.vexcode\sdk\cpp\IQ2\IQ2_20231003_10_00_00/vexiq2/gcc/libs\libc_nano.a(lib_a-findfp.o)
 .ARM.attributes
                0x20014e8f       0x34 c:\Users\alexa\AppData\Roaming\Code\User\globalStorage\vexrobotics.vexcode\sdk\cpp\IQ2\IQ2_20231003_10_00_00/vexiq2/gcc/libs\libc_nano.a(lib_a-fwalk.o)
 .ARM.attributes
                0x20014ec3       0x34 c:\Users\alexa\AppData\Roaming\Code\User\globalStorage\vexrobotics.vexcode\sdk\cpp\IQ2\IQ2_20231003_10_00_00/vexiq2/gcc/libs\libc_nano.a(lib_a-impure.o)
 .ARM.attributes
                0x20014ef7       0x34 c:\Users\alexa\AppData\Roaming\Code\User\globalStorage\vexrobotics.vexcode\sdk\cpp\IQ2\IQ2_20231003_10_00_00/vexiq2/gcc/libs\libc_nano.a(lib_a-init.o)
 .ARM.attributes
                0x20014f2b       0x34 c:\Users\alexa\AppData\Roaming\Code\User\globalStorage\vexrobotics.vexcode\sdk\cpp\IQ2\IQ2_20231003_10_00_00/vexiq2/gcc/libs\libc_nano.a(lib_a-makebuf.o)
 .ARM.attributes
                0x20014f5f       0x34 c:\Users\alexa\AppData\Roaming\Code\User\globalStorage\vexrobotics.vexcode\sdk\cpp\IQ2\IQ2_20231003_10_00_00/vexiq2/gcc/libs\libc_nano.a(lib_a-memset.o)
 .ARM.attributes
                0x20014f93       0x34 c:\Users\alexa\AppData\Roaming\Code\User\globalStorage\vexrobotics.vexcode\sdk\cpp\IQ2\IQ2_20231003_10_00_00/vexiq2/gcc/libs\libc_nano.a(lib_a-nano-freer.o)
 .ARM.attributes
                0x20014fc7       0x34 c:\Users\alexa\AppData\Roaming\Code\User\globalStorage\vexrobotics.vexcode\sdk\cpp\IQ2\IQ2_20231003_10_00_00/vexiq2/gcc/libs\libc_nano.a(lib_a-nano-mallocr.o)
 .ARM.attributes
                0x20014ffb       0x34 c:\Users\alexa\AppData\Roaming\Code\User\globalStorage\vexrobotics.vexcode\sdk\cpp\IQ2\IQ2_20231003_10_00_00/vexiq2/gcc/libs\libc_nano.a(lib_a-printf.o)
 .ARM.attributes
                0x2001502f       0x34 c:\Users\alexa\AppData\Roaming\Code\User\globalStorage\vexrobotics.vexcode\sdk\cpp\IQ2\IQ2_20231003_10_00_00/vexiq2/gcc/libs\libc_nano.a(lib_a-rand.o)
 .ARM.attributes
                0x20015063       0x34 c:\Users\alexa\AppData\Roaming\Code\User\globalStorage\vexrobotics.vexcode\sdk\cpp\IQ2\IQ2_20231003_10_00_00/vexiq2/gcc/libs\libc_nano.a(lib_a-reent.o)
 .ARM.attributes
                0x20015097       0x34 c:\Users\alexa\AppData\Roaming\Code\User\globalStorage\vexrobotics.vexcode\sdk\cpp\IQ2\IQ2_20231003_10_00_00/vexiq2/gcc/libs\libc_nano.a(lib_a-sbrkr.o)
 .ARM.attributes
                0x200150cb       0x34 c:\Users\alexa\AppData\Roaming\Code\User\globalStorage\vexrobotics.vexcode\sdk\cpp\IQ2\IQ2_20231003_10_00_00/vexiq2/gcc/libs\libc_nano.a(lib_a-stdio.o)
 .ARM.attributes
                0x200150ff       0x34 c:\Users\alexa\AppData\Roaming\Code\User\globalStorage\vexrobotics.vexcode\sdk\cpp\IQ2\IQ2_20231003_10_00_00/vexiq2/gcc/libs\libc_nano.a(lib_a-time.o)
 .ARM.attributes
                0x20015133       0x34 c:\Users\alexa\AppData\Roaming\Code\User\globalStorage\vexrobotics.vexcode\sdk\cpp\IQ2\IQ2_20231003_10_00_00/vexiq2/gcc/libs\libc_nano.a(lib_a-wbuf.o)
 .ARM.attributes
                0x20015167       0x34 c:\Users\alexa\AppData\Roaming\Code\User\globalStorage\vexrobotics.vexcode\sdk\cpp\IQ2\IQ2_20231003_10_00_00/vexiq2/gcc/libs\libc_nano.a(lib_a-writer.o)
 .ARM.attributes
                0x2001519b       0x34 c:\Users\alexa\AppData\Roaming\Code\User\globalStorage\vexrobotics.vexcode\sdk\cpp\IQ2\IQ2_20231003_10_00_00/vexiq2/gcc/libs\libc_nano.a(lib_a-wsetup.o)
 .ARM.attributes
                0x200151cf       0x34 c:\Users\alexa\AppData\Roaming\Code\User\globalStorage\vexrobotics.vexcode\sdk\cpp\IQ2\IQ2_20231003_10_00_00/vexiq2/gcc/libs\libc_nano.a(lib_a-closer.o)
 .ARM.attributes
                0x20015203       0x34 c:\Users\alexa\AppData\Roaming\Code\User\globalStorage\vexrobotics.vexcode\sdk\cpp\IQ2\IQ2_20231003_10_00_00/vexiq2/gcc/libs\libc_nano.a(lib_a-fstatr.o)
 .ARM.attributes
                0x20015237       0x34 c:\Users\alexa\AppData\Roaming\Code\User\globalStorage\vexrobotics.vexcode\sdk\cpp\IQ2\IQ2_20231003_10_00_00/vexiq2/gcc/libs\libc_nano.a(lib_a-gettimeofdayr.o)
 .ARM.attributes
                0x2001526b       0x34 c:\Users\alexa\AppData\Roaming\Code\User\globalStorage\vexrobotics.vexcode\sdk\cpp\IQ2\IQ2_20231003_10_00_00/vexiq2/gcc/libs\libc_nano.a(lib_a-isattyr.o)
 .ARM.attributes
                0x2001529f       0x34 c:\Users\alexa\AppData\Roaming\Code\User\globalStorage\vexrobotics.vexcode\sdk\cpp\IQ2\IQ2_20231003_10_00_00/vexiq2/gcc/libs\libc_nano.a(lib_a-lseekr.o)
 .ARM.attributes
                0x200152d3       0x34 c:\Users\alexa\AppData\Roaming\Code\User\globalStorage\vexrobotics.vexcode\sdk\cpp\IQ2\IQ2_20231003_10_00_00/vexiq2/gcc/libs\libc_nano.a(lib_a-malloc.o)
 .ARM.attributes
                0x20015307       0x34 c:\Users\alexa\AppData\Roaming\Code\User\globalStorage\vexrobotics.vexcode\sdk\cpp\IQ2\IQ2_20231003_10_00_00/vexiq2/gcc/libs\libc_nano.a(lib_a-mlock.o)
 .ARM.attributes
                0x2001533b       0x34 c:\Users\alexa\AppData\Roaming\Code\User\globalStorage\vexrobotics.vexcode\sdk\cpp\IQ2\IQ2_20231003_10_00_00/vexiq2/gcc/libs\libc_nano.a(lib_a-nano-vfprintf.o)
 .ARM.attributes
                0x2001536f       0x34 c:\Users\alexa\AppData\Roaming\Code\User\globalStorage\vexrobotics.vexcode\sdk\cpp\IQ2\IQ2_20231003_10_00_00/vexiq2/gcc/libs\libc_nano.a(lib_a-nano-vfprintf_i.o)
 .ARM.attributes
                0x200153a3       0x34 c:\Users\alexa\AppData\Roaming\Code\User\globalStorage\vexrobotics.vexcode\sdk\cpp\IQ2\IQ2_20231003_10_00_00/vexiq2/gcc/libs\libc_nano.a(lib_a-readr.o)
 .ARM.attributes
                0x200153d7       0x20 c:\Users\alexa\AppData\Roaming\Code\User\globalStorage\vexrobotics.vexcode\sdk\cpp\IQ2\IQ2_20231003_10_00_00/vexiq2/gcc/libs\libc_nano.a(lib_a-memchr.o)
 .ARM.attributes
                0x200153f7       0x34 c:\Users\alexa\AppData\Roaming\Code\User\globalStorage\vexrobotics.vexcode\sdk\cpp\IQ2\IQ2_20231003_10_00_00/vexiq2/gcc/libs\libstdc++_nano.a(del_op.o)
 .ARM.attributes
                0x2001542b       0x34 c:\Users\alexa\AppData\Roaming\Code\User\globalStorage\vexrobotics.vexcode\sdk\cpp\IQ2\IQ2_20231003_10_00_00/vexiq2/gcc/libs\libstdc++_nano.a(new_op.o)
 .ARM.attributes
                0x2001545f       0x34 c:\Users\alexa\AppData\Roaming\Code\User\globalStorage\vexrobotics.vexcode\sdk\cpp\IQ2\IQ2_20231003_10_00_00/vexiq2/gcc/libs\libstdc++_nano.a(new_handler.o)
 .ARM.attributes
                0x20015493       0x34 c:\Users\alexa\AppData\Roaming\Code\User\globalStorage\vexrobotics.vexcode\sdk\cpp\IQ2\IQ2_20231003_10_00_00/vexiq2/gcc/libs\libm.a(lib_a-sf_cos.o)
 .ARM.attributes
                0x200154c7       0x34 c:\Users\alexa\AppData\Roaming\Code\User\globalStorage\vexrobotics.vexcode\sdk\cpp\IQ2\IQ2_20231003_10_00_00/vexiq2/gcc/libs\libm.a(lib_a-sf_sin.o)
 .ARM.attributes
                0x200154fb       0x34 c:\Users\alexa\AppData\Roaming\Code\User\globalStorage\vexrobotics.vexcode\sdk\cpp\IQ2\IQ2_20231003_10_00_00/vexiq2/gcc/libs\libm.a(lib_a-w_fmod.o)
 .ARM.attributes
                0x2001552f       0x34 c:\Users\alexa\AppData\Roaming\Code\User\globalStorage\vexrobotics.vexcode\sdk\cpp\IQ2\IQ2_20231003_10_00_00/vexiq2/gcc/libs\libm.a(lib_a-e_fmod.o)
 .ARM.attributes
                0x20015563       0x34 c:\Users\alexa\AppData\Roaming\Code\User\globalStorage\vexrobotics.vexcode\sdk\cpp\IQ2\IQ2_20231003_10_00_00/vexiq2/gcc/libs\libm.a(lib_a-ef_rem_pio2.o)
 .ARM.attributes
                0x20015597       0x34 c:\Users\alexa\AppData\Roaming\Code\User\globalStorage\vexrobotics.vexcode\sdk\cpp\IQ2\IQ2_20231003_10_00_00/vexiq2/gcc/libs\libm.a(lib_a-kf_cos.o)
 .ARM.attributes
                0x200155cb       0x34 c:\Users\alexa\AppData\Roaming\Code\User\globalStorage\vexrobotics.vexcode\sdk\cpp\IQ2\IQ2_20231003_10_00_00/vexiq2/gcc/libs\libm.a(lib_a-kf_rem_pio2.o)
 .ARM.attributes
                0x200155ff       0x34 c:\Users\alexa\AppData\Roaming\Code\User\globalStorage\vexrobotics.vexcode\sdk\cpp\IQ2\IQ2_20231003_10_00_00/vexiq2/gcc/libs\libm.a(lib_a-kf_sin.o)
 .ARM.attributes
                0x20015633       0x34 c:\Users\alexa\AppData\Roaming\Code\User\globalStorage\vexrobotics.vexcode\sdk\cpp\IQ2\IQ2_20231003_10_00_00/vexiq2/gcc/libs\libm.a(lib_a-s_lib_ver.o)
 .ARM.attributes
                0x20015667       0x34 c:\Users\alexa\AppData\Roaming\Code\User\globalStorage\vexrobotics.vexcode\sdk\cpp\IQ2\IQ2_20231003_10_00_00/vexiq2/gcc/libs\libm.a(lib_a-s_matherr.o)
 .ARM.attributes
                0x2001569b       0x34 c:\Users\alexa\AppData\Roaming\Code\User\globalStorage\vexrobotics.vexcode\sdk\cpp\IQ2\IQ2_20231003_10_00_00/vexiq2/gcc/libs\libm.a(lib_a-sf_fabs.o)
 .ARM.attributes
                0x200156cf       0x34 c:\Users\alexa\AppData\Roaming\Code\User\globalStorage\vexrobotics.vexcode\sdk\cpp\IQ2\IQ2_20231003_10_00_00/vexiq2/gcc/libs\libm.a(lib_a-sf_floor.o)
 .ARM.attributes
                0x20015703       0x34 c:\Users\alexa\AppData\Roaming\Code\User\globalStorage\vexrobotics.vexcode\sdk\cpp\IQ2\IQ2_20231003_10_00_00/vexiq2/gcc/libs\libm.a(lib_a-sf_scalbn.o)
 .ARM.attributes
                0x20015737       0x34 c:\Users\alexa\AppData\Roaming\Code\User\globalStorage\vexrobotics.vexcode\sdk\cpp\IQ2\IQ2_20231003_10_00_00/vexiq2/gcc/libs\libm.a(lib_a-sf_copysign.o)
 .ARM.attributes
                0x2001576b       0x22 c:\Users\alexa\AppData\Roaming\Code\User\globalStorage\vexrobotics.vexcode\sdk\cpp\IQ2\IQ2_20231003_10_00_00/vexiq2/gcc/libs\libgcc.a(_arm_addsubdf3.o)
 .ARM.attributes
                0x2001578d       0x22 c:\Users\alexa\AppData\Roaming\Code\User\globalStorage\vexrobotics.vexcode\sdk\cpp\IQ2\IQ2_20231003_10_00_00/vexiq2/gcc/libs\libgcc.a(_arm_muldivdf3.o)
 .ARM.attributes
                0x200157af       0x22 c:\Users\alexa\AppData\Roaming\Code\User\globalStorage\vexrobotics.vexcode\sdk\cpp\IQ2\IQ2_20231003_10_00_00/vexiq2/gcc/libs\libgcc.a(_arm_cmpdf2.o)
 .ARM.attributes
                0x200157d1       0x22 c:\Users\alexa\AppData\Roaming\Code\User\globalStorage\vexrobotics.vexcode\sdk\cpp\IQ2\IQ2_20231003_10_00_00/vexiq2/gcc/libs\libgcc.a(_arm_unorddf2.o)
 .ARM.attributes
                0x200157f3       0x22 c:\Users\alexa\AppData\Roaming\Code\User\globalStorage\vexrobotics.vexcode\sdk\cpp\IQ2\IQ2_20231003_10_00_00/vexiq2/gcc/libs\libgcc.a(_arm_fixdfsi.o)
 .ARM.attributes
                0x20015815       0x22 c:\Users\alexa\AppData\Roaming\Code\User\globalStorage\vexrobotics.vexcode\sdk\cpp\IQ2\IQ2_20231003_10_00_00/vexiq2/gcc/libs\libgcc.a(_arm_truncdfsf2.o)
 .ARM.attributes
                0x20015837       0x39 c:\Users\alexa\AppData\Roaming\Code\User\globalStorage\vexrobotics.vexcode\sdk\cpp\IQ2\IQ2_20231003_10_00_00/vexiq2\libviq2rt.a(iq2_fstubs.c.o)
 .ARM.attributes
                0x20015870       0x34 c:\Users\alexa\AppData\Roaming\Code\User\globalStorage\vexrobotics.vexcode\sdk\cpp\IQ2\IQ2_20231003_10_00_00/vexiq2/gcc/libs\libc_nano.a(lib_a-abort.o)
 .ARM.attributes
                0x200158a4       0x34 c:\Users\alexa\AppData\Roaming\Code\User\globalStorage\vexrobotics.vexcode\sdk\cpp\IQ2\IQ2_20231003_10_00_00/vexiq2/gcc/libs\libc_nano.a(lib_a-signal.o)
 .ARM.attributes
                0x200158d8       0x34 c:\Users\alexa\AppData\Roaming\Code\User\globalStorage\vexrobotics.vexcode\sdk\cpp\IQ2\IQ2_20231003_10_00_00/vexiq2/gcc/libs\libc_nano.a(lib_a-signalr.o)
                0x2001590c                __ARM.attributes_end = .

.sdata          0x20014a08        0x0
                0x20014a08                __sdata_start = .
 *(.sdata)
 *(.sdata.*)
 *(.gnu.linkonce.s.*)
                0x20014a08                __sdata_end = .

.sbss           0x20014a08        0x0
                0x20014a08                __sbss_start = .
 *(.sbss)
 *(.sbss.*)
 *(.gnu.linkonce.sb.*)
                0x20014a08                __sbss_end = .

.tdata          0x20014a08        0x0
                0x20014a08                __tdata_start = .
 *(.tdata)
 *(.tdata.*)
 *(.gnu.linkonce.td.*)
                0x20014a08                __tdata_end = .

.tbss           0x20014a08        0x0
                0x20014a08                __tbss_start = .
 *(.tbss)
 *(.tbss.*)
 *(.gnu.linkonce.tb.*)
                0x20014a08                __tbss_end = .

.bss            0x20014a08      0x168
                0x20014a08                __bss_start = .
 *(.bss)
 *(.bss.*)
 .bss.Brain     0x20014a08       0xc4 build/src/main.o
                0x20014a08                Brain
 .bss.__vex_critical_section
                0x20014acc        0x1 c:\Users\alexa\AppData\Roaming\Code\User\globalStorage\vexrobotics.vexcode\sdk\cpp\IQ2\IQ2_20231003_10_00_00/vexiq2\libviq2rt.a(iq2_startup.c.o)
                0x20014acc                __vex_critical_section
 *fill*         0x20014acd        0x3 
 .bss.__dso_handle
                0x20014ad0        0x4 c:\Users\alexa\AppData\Roaming\Code\User\globalStorage\vexrobotics.vexcode\sdk\cpp\IQ2\IQ2_20231003_10_00_00/vexiq2\libviq2rt.a(iq2_startup.c.o)
                0x20014ad0                __dso_handle
 .bss.heap.6690
                0x20014ad4        0x4 c:\Users\alexa\AppData\Roaming\Code\User\globalStorage\vexrobotics.vexcode\sdk\cpp\IQ2\IQ2_20231003_10_00_00/vexiq2\libviq2rt.a(iq2_startup.c.o)
 .bss._ZN3vex5color6orangeE
                0x20014ad8        0x8 c:\Users\alexa\AppData\Roaming\Code\User\globalStorage\vexrobotics.vexcode\sdk\cpp\IQ2\IQ2_20231003_10_00_00/vexiq2\libviq2rt.a(vex_color.cpp.o)
                0x20014ad8                vex::color::orange
 .bss._ZN3vex5color13yellow_orangeE
                0x20014ae0        0x8 c:\Users\alexa\AppData\Roaming\Code\User\globalStorage\vexrobotics.vexcode\sdk\cpp\IQ2\IQ2_20231003_10_00_00/vexiq2\libviq2rt.a(vex_color.cpp.o)
                0x20014ae0                vex::color::yellow_orange
 .bss._ZN3vex5color6violetE
                0x20014ae8        0x8 c:\Users\alexa\AppData\Roaming\Code\User\globalStorage\vexrobotics.vexcode\sdk\cpp\IQ2\IQ2_20231003_10_00_00/vexiq2\libviq2rt.a(vex_color.cpp.o)
                0x20014ae8                vex::color::violet
 .bss._ZN3vex5color12yellow_greenE
                0x20014af0        0x8 c:\Users\alexa\AppData\Roaming\Code\User\globalStorage\vexrobotics.vexcode\sdk\cpp\IQ2\IQ2_20231003_10_00_00/vexiq2\libviq2rt.a(vex_color.cpp.o)
                0x20014af0                vex::color::yellow_green
 .bss._ZN3vex5color5blackE