Archive member included because of file (symbol)

c:\Users\alexa\AppData\Roaming\Code\User\globalStorage\vexrobotics.vexcode\sdk\cpp\IQ2\IQ2_20231003_10_00_00/vexiq2\libviq2rt.a(iq2_startup.c.o)
                              (vexStartup)
c:\Users\alexa\AppData\Roaming\Code\User\globalStorage\vexrobotics.vexcode\sdk\cpp\IQ2\IQ2_20231003_10_00_00/vexiq2\libviq2rt.a(iq2_apijump.c.o)
                              c:\Users\alexa\AppData\Roaming\Code\User\globalStorage\vexrobotics.vexcode\sdk\cpp\IQ2\IQ2_20231003_10_00_00/vexiq2\libviq2rt.a(iq2_startup.c.o) (vexTaskAdd)
c:\Users\alexa\AppData\Roaming\Code\User\globalStorage\vexrobotics.vexcode\sdk\cpp\IQ2\IQ2_20231003_10_00_00/vexiq2\libviq2rt.a(iq2_apiversions.c.o)
                              c:\Users\alexa\AppData\Roaming\Code\User\globalStorage\vexrobotics.vexcode\sdk\cpp\IQ2\IQ2_20231003_10_00_00/vexiq2\libviq2rt.a(iq2_apijump.c.o) (vexSystemVersion)
c:\Users\alexa\AppData\Roaming\Code\User\globalStorage\vexrobotics.vexcode\sdk\cpp\IQ2\IQ2_20231003_10_00_00/vexiq2\libviq2rt.a(vex_global.cpp.o)
                              build/src/localisation/odometry.o (vex::wait(double, vex::timeUnits))
c:\Users\alexa\AppData\Roaming\Code\User\globalStorage\vexrobotics.vexcode\sdk\cpp\IQ2\IQ2_20231003_10_00_00/vexiq2\libviq2rt.a(vex_color.cpp.o)
                              c:\Users\alexa\AppData\Roaming\Code\User\globalStorage\vexrobotics.vexcode\sdk\cpp\IQ2\IQ2_20231003_10_00_00/vexiq2\libviq2rt.a(vex_global.cpp.o) (vex::color::red_orange)
c:\Users\alexa\AppData\Roaming\Code\User\globalStorage\vexrobotics.vexcode\sdk\cpp\IQ2\IQ2_20231003_10_00_00/vexiq2\libviq2rt.a(vex_thread.cpp.o)
                              c:\Users\alexa\AppData\Roaming\Code\User\globalStorage\vexrobotics.vexcode\sdk\cpp\IQ2\IQ2_20231003_10_00_00/vexiq2\libviq2rt.a(vex_global.cpp.o) (vex::this_thread::sleep_for(unsigned long))
c:\Users\alexa\AppData\Roaming\Code\User\globalStorage\vexrobotics.vexcode\sdk\cpp\IQ2\IQ2_20231003_10_00_00/vexiq2\libviq2rt.a(vex_brain.cpp.o)
                              build/src/main.o (vex::brain::~brain())
c:\Users\alexa\AppData\Roaming\Code\User\globalStorage\vexrobotics.vexcode\sdk\cpp\IQ2\IQ2_20231003_10_00_00/vexiq2\libviq2rt.a(vex_timer.cpp.o)
                              c:\Users\alexa\AppData\Roaming\Code\User\globalStorage\vexrobotics.vexcode\sdk\cpp\IQ2\IQ2_20231003_10_00_00/vexiq2\libviq2rt.a(vex_brain.cpp.o) (vex::timer::~timer())
c:\Users\alexa\AppData\Roaming\Code\User\globalStorage\vexrobotics.vexcode\sdk\cpp\IQ2\IQ2_20231003_10_00_00/vexiq2\libviq2rt.a(vex_motor.cpp.o)
                              build/src/localisation/FSM.o (vex::motor::setStopping(vex::brakeType))
c:\Users\alexa\AppData\Roaming\Code\User\globalStorage\vexrobotics.vexcode\sdk\cpp\IQ2\IQ2_20231003_10_00_00/vexiq2\libviq2rt.a(vex_vision.cpp.o)
                              build/src/localisation/robot.o (vex::vision::setSignature(vex::vision::signature&))
c:\Users\alexa\AppData\Roaming\Code\User\globalStorage\vexrobotics.vexcode\sdk\cpp\IQ2\IQ2_20231003_10_00_00/vexiq2\libviq2rt.a(vex_imu.cpp.o)
                              build/src/localisation/FSM.o (vex::inertial::~inertial())
c:\Users\alexa\AppData\Roaming\Code\User\globalStorage\vexrobotics.vexcode\sdk\cpp\IQ2\IQ2_20231003_10_00_00/vexiq2\libviq2rt.a(vex_event.cpp.o)
                              c:\Users\alexa\AppData\Roaming\Code\User\globalStorage\vexrobotics.vexcode\sdk\cpp\IQ2\IQ2_20231003_10_00_00/vexiq2\libviq2rt.a(vex_brain.cpp.o) (vex::event::init(unsigned long, unsigned long, void (*)()))
c:\Users\alexa\AppData\Roaming\Code\User\globalStorage\vexrobotics.vexcode\sdk\cpp\IQ2\IQ2_20231003_10_00_00/vexiq2\libviq2rt.a(vex_device.cpp.o)
                              c:\Users\alexa\AppData\Roaming\Code\User\globalStorage\vexrobotics.vexcode\sdk\cpp\IQ2\IQ2_20231003_10_00_00/vexiq2\libviq2rt.a(vex_motor.cpp.o) (vex::device::~device())
c:\Users\alexa\AppData\Roaming\Code\User\globalStorage\vexrobotics.vexcode\sdk\cpp\IQ2\IQ2_20231003_10_00_00/vexiq2/gcc/libs\libc_nano.a(lib_a-aeabi_atexit.o)
                              c:\Users\alexa\AppData\Roaming\Code\User\globalStorage\vexrobotics.vexcode\sdk\cpp\IQ2\IQ2_20231003_10_00_00/vexiq2\libviq2rt.a(vex_color.cpp.o) (__aeabi_atexit)
c:\Users\alexa\AppData\Roaming\Code\User\globalStorage\vexrobotics.vexcode\sdk\cpp\IQ2\IQ2_20231003_10_00_00/vexiq2/gcc/libs\libc_nano.a(lib_a-aeabi_memclr.o)
                              build/src/localisation/odometry.o (__aeabi_memclr4)
c:\Users\alexa\AppData\Roaming\Code\User\globalStorage\vexrobotics.vexcode\sdk\cpp\IQ2\IQ2_20231003_10_00_00/vexiq2/gcc/libs\libc_nano.a(lib_a-aeabi_memset-soft.o)
                              c:\Users\alexa\AppData\Roaming\Code\User\globalStorage\vexrobotics.vexcode\sdk\cpp\IQ2\IQ2_20231003_10_00_00/vexiq2/gcc/libs\libc_nano.a(lib_a-aeabi_memclr.o) (__aeabi_memset)
[...]
Memory Configuration

Name             Origin             Length             Attributes
SRAM_1_2_3       0x20010000         0x00018000         xrw
*default*        0x00000000         0xffffffff

Linker script and memory map

                0x00000020                _STACK_SIZE = DEFINED (_STACK_SIZE)?_STACK_SIZE:0x20
                0x00001000                _HEAP_SIZE = DEFINED (_HEAP_SIZE)?_HEAP_SIZE:0x1000

.text           0x20010000     0x5bc0
 *(.vectors)
 *(.boot_data)
 .boot_data     0x20010000       0x10 c:\Users\alexa\AppData\Roaming\Code\User\globalStorage\vexrobotics.vexcode\sdk\cpp\IQ2\IQ2_20231003_10_00_00/vexiq2\libviq2rt.a(iq2_startup.c.o)
                0x20010000                vexCodeSig
                0x00000020                . = 0x20
 *fill*         0x20010010       0x10 
 *(.boot)
 .boot          0x20010020       0x64 c:\Users\alexa\AppData\Roaming\Code\User\globalStorage\vexrobotics.vexcode\sdk\cpp\IQ2\IQ2_20231003_10_00_00/vexiq2\libviq2rt.a(iq2_startup.c.o)
                0x20010020                vexStartup
                0x200100c0                . = ALIGN (0x40)
 *fill*         0x20010084       0x3c 
 *(.freertos_vectors)
 *(.text)
 .text          0x200100c0       0x9a c:\Users\alexa\AppData\Roaming\Code\User\globalStorage\vexrobotics.vexcode\sdk\cpp\IQ2\IQ2_20231003_10_00_00/vexiq2/gcc/libs\libc_nano.a(lib_a-aeabi_memset-soft.o)
                0x200100c0                __aeabi_memset8
                0x200100c0                __aeabi_memset4
                0x200100c0                __aeabi_memset
 *fill*         0x2001015a        0x2 
 .text          0x2001015c      0x378 c:\Users\alexa\AppData\Roaming\Code\User\globalStorage\vexrobotics.vexcode\sdk\cpp\IQ2\IQ2_20231003_10_00_00/vexiq2/gcc/libs\libgcc.a(_arm_addsubdf3.o)
                0x2001015c                __aeabi_drsub
                0x20010164                __aeabi_dsub
                0x20010164                __subdf3
                0x20010168                __aeabi_dadd
                0x20010168                __adddf3
                0x200103e0                __floatunsidf
                0x200103e0                __aeabi_ui2d
                0x20010400                __floatsidf
                0x20010400                __aeabi_i2d
                0x20010424                __aeabi_f2d
                0x20010424                __extendsfdf2
                0x20010468                __floatundidf
                0x20010468                __aeabi_ul2d
                0x20010478                __floatdidf
                0x20010478                __aeabi_l2d
 .text          0x200104d4      0x424 c:\Users\alexa\AppData\Roaming\Code\User\globalStorage\vexrobotics.vexcode\sdk\cpp\IQ2\IQ2_20231003_10_00_00/vexiq2/gcc/libs\libgcc.a(_arm_muldivdf3.o)
                0x200104d4                __aeabi_dmul
                0x200104d4                __muldf3
                0x20010728                __divdf3
                0x20010728                __aeabi_ddiv
 .text          0x200108f8      0x110 c:\Users\alexa\AppData\Roaming\Code\User\globalStorage\vexrobotics.vexcode\sdk\cpp\IQ2\IQ2_20231003_10_00_00/vexiq2/gcc/libs\libgcc.a(_arm_cmpdf2.o)
                0x200108f8                __gtdf2
                0x200108f8                __gedf2
                0x20010900                __ltdf2
                0x20010900                __ledf2
                0x20010908                __nedf2
                0x20010908                __eqdf2
                0x20010908                __cmpdf2
                0x20010984                __aeabi_cdrcmple
                0x20010994                __aeabi_cdcmpeq
                0x20010994                __aeabi_cdcmple
                0x200109a4                __aeabi_dcmpeq
                0x200109b8                __aeabi_dcmplt
                0x200109cc                __aeabi_dcmple
                0x200109e0                __aeabi_dcmpge
                0x200109f4                __aeabi_dcmpgt
 .text          0x20010a08       0x2c c:\Users\alexa\AppData\Roaming\Code\User\globalStorage\vexrobotics.vexcode\sdk\cpp\IQ2\IQ2_20231003_10_00_00/vexiq2/gcc/libs\libgcc.a(_arm_unorddf2.o)
                0x20010a08                __unorddf2
                0x20010a08                __aeabi_dcmpun
 .text          0x20010a34       0x50 c:\Users\alexa\AppData\Roaming\Code\User\globalStorage\vexrobotics.vexcode\sdk\cpp\IQ2\IQ2_20231003_10_00_00/vexiq2/gcc/libs\libgcc.a(_arm_fixdfsi.o)
                0x20010a34                __aeabi_d2iz
                0x20010a34                __fixdfsi
 .text          0x20010a84       0xa0 c:\Users\alexa\AppData\Roaming\Code\User\globalStorage\vexrobotics.vexcode\sdk\cpp\IQ2\IQ2_20231003_10_00_00/vexiq2/gcc/libs\libgcc.a(_arm_truncdfsf2.o)
                0x20010a84                __truncdfsf2
                0x20010a84                __aeabi_d2f
 *(.text.*)
 .text.main     0x20010b24       0x70 build/src/main.o
                0x20010b24                main
 .text._GLOBAL__sub_I_main.cpp
                0x20010b94       0x2c build/src/main.o
 .text._ZN8OdometryC2ERN3vex5motorES2_RNS0_8inertialE
                0x20010bc0       0x28 build/src/localisation/odometry.o
                0x20010bc0                Odometry::Odometry(vex::motor&, vex::motor&, vex::inertial&)
                0x20010bc0                Odometry::Odometry(vex::motor&, vex::motor&, vex::inertial&)
 .text._ZN8Odometry10initializeEv
                0x20010be8       0x70 build/src/localisation/odometry.o
                0x20010be8                Odometry::initialize()
 .text._ZN8Odometry6updateEv
                0x20010c58      0x108 build/src/localisation/odometry.o
                0x20010c58                Odometry::update()
 .text._ZN8Odometry17degreesToDistanceEf
                0x20010d60       0x74 build/src/localisation/odometry.o
                0x20010d60                Odometry::degreesToDistance(float)
 .text._ZN8Odometry4getXEv
                0x20010dd4        0x6 build/src/localisation/odometry.o
                0x20010dd4                Odometry::getX()
 .text._ZN8Odometry4getYEv
                0x20010dda        0x6 build/src/localisation/odometry.o
                0x20010dda                Odometry::getY()
 .text._ZN5robotC2Ev
                0x20010de0       0xae build/src/localisation/robot.o
                0x20010de0                robot::robot()
                0x20010de0                robot::robot()
 .text._ZN5robot5startEv
                0x20010e8e       0x22 build/src/localisation/robot.o
                0x20010e8e                robot::start()
 .text._ZN5robot10initializeEv
                0x20010eb0        0x8 build/src/localisation/robot.o
                0x20010eb0                robot::initialize()
 .text._ZN5robot12getleftDriveEv
                0x20010eb8        0x4 build/src/localisation/robot.o
                0x20010eb8                robot::getleftDrive()
 .text._ZN5robot13getrightDriveEv
                0x20010ebc        0x4 build/src/localisation/robot.o
                0x20010ebc                robot::getrightDrive()
 .text._ZN5robot8getBrainEv
                0x20010ec0        0x2 build/src/localisation/robot.o
                0x20010ec0                robot::getBrain()
 .text._ZN5robot7getOdomEv
                0x20010ec2        0x6 build/src/localisation/robot.o
                0x20010ec2                robot::getOdom()
 .text._ZN5robot18getVisionSignatureEv
                0x20010ec8        0x6 build/src/localisation/robot.o
                0x20010ec8                robot::getVisionSignature()
 .text._ZN3fsmC2Ev
                0x20010ece        0x2 build/src/localisation/FSM.o
                0x20010ece                fsm::fsm()
                0x20010ece                fsm::fsm()
 .text._ZN3fsm14randomMovementERN3vex5motorES2_
                0x20010ed0      0x158 build/src/localisation/FSM.o
                0x20010ed0                fsm::randomMovement(vex::motor&, vex::motor&)
 .text._ZN3fsm9goTowardsERN3vex5motorES2_RNS0_6visionERNS3_9signatureE
                0x20011028       0xf8 build/src/localisation/FSM.o
                0x20011028                fsm::goTowards(vex::motor&, vex::motor&, vex::vision&, vex::vision::signature&)
 .text._ZN3fsm6goBackERN3vex5motorES2_R5robot
                0x20011120      0x250 build/src/localisation/FSM.o
                0x20011120                fsm::goBack(vex::motor&, vex::motor&, robot&)
 .text._ZN3fsm11updateStateENS_5StateER5robotRN3vex5motorES5_
                0x20011370      0x334 build/src/localisation/FSM.o
                0x20011370                fsm::updateState(fsm::State, robot&, vex::motor&, vex::motor&)
 .text.vexMain  0x200116a4       0x60 c:\Users\alexa\AppData\Roaming\Code\User\globalStorage\vexrobotics.vexcode\sdk\cpp\IQ2\IQ2_20231003_10_00_00/vexiq2\libviq2rt.a(iq2_startup.c.o)
                0x200116a4                vexMain
 .text.__vex_function_prolog
                0x20011704       0x10 c:\Users\alexa\AppData\Roaming\Code\User\globalStorage\vexrobotics.vexcode\sdk\cpp\IQ2\IQ2_20231003_10_00_00/vexiq2\libviq2rt.a(iq2_startup.c.o)
                0x20011704                __vex_function_prolog
 .text._init    0x20011714        0x2 c:\Users\alexa\AppData\Roaming\Code\User\globalStorage\vexrobotics.vexcode\sdk\cpp\IQ2\IQ2_20231003_10_00_00/vexiq2\libviq2rt.a(iq2_startup.c.o)
                0x20011714                _init
 *fill*         0x20011716        0x2 
 .text._sbrk    0x20011718       0x38 c:\Users\alexa\AppData\Roaming\Code\User\globalStorage\vexrobotics.vexcode\sdk\cpp\IQ2\IQ2_20231003_10_00_00/vexiq2\libviq2rt.a(iq2_startup.c.o)
                0x20011718                _sbrk
 .text._exit    0x20011750       0x28 c:\Users\alexa\AppData\Roaming\Code\User\globalStorage\vexrobotics.vexcode\sdk\cpp\IQ2\IQ2_20231003_10_00_00/vexiq2\libviq2rt.a(iq2_startup.c.o)
                0x20011750                _exit
 .text._kill    0x20011778       0x10 c:\Users\alexa\AppData\Roaming\Code\User\globalStorage\vexrobotics.vexcode\sdk\cpp\IQ2\IQ2_20231003_10_00_00/vexiq2\libviq2rt.a(iq2_startup.c.o)
                0x20011778                _kill
 .text._getpid  0x20011788        0x4 c:\Users\alexa\AppData\Roaming\Code\User\globalStorage\vexrobotics.vexcode\sdk\cpp\IQ2\IQ2_20231003_10_00_00/vexiq2\libviq2rt.a(iq2_startup.c.o)
                0x20011788                _getpid
 .text.__cxa_atexit
                0x2001178c        0x4 c:\Users\alexa\AppData\Roaming\Code\User\globalStorage\vexrobotics.vexcode\sdk\cpp\IQ2\IQ2_20231003_10_00_00/vexiq2\libviq2rt.a(iq2_startup.c.o)
                0x2001178c                __cxa_atexit
 .text.vexTaskAdd
                0x20011790        0xc c:\Users\alexa\AppData\Roaming\Code\User\globalStorage\vexrobotics.vexcode\sdk\cpp\IQ2\IQ2_20231003_10_00_00/vexiq2\libviq2rt.a(iq2_apijump.c.o)
                0x20011790                vexTaskAdd
 .text.vexTasksRun
                0x2001179c        0xc c:\Users\alexa\AppData\Roaming\Code\User\globalStorage\vexrobotics.vexcode\sdk\cpp\IQ2\IQ2_20231003_10_00_00/vexiq2\libviq2rt.a(iq2_apijump.c.o)
                0x2001179c                vexTasksRun
 .text.vexTaskCheckTimeslice
                0x200117a8        0xc c:\Users\alexa\AppData\Roaming\Code\User\globalStorage\vexrobotics.vexcode\sdk\cpp\IQ2\IQ2_20231003_10_00_00/vexiq2\libviq2rt.a(iq2_apijump.c.o)
                0x200117a8                vexTaskCheckTimeslice
 .text.vexTaskGetIndex
                0x200117b4        0xc c:\Users\alexa\AppData\Roaming\Code\User\globalStorage\vexrobotics.vexcode\sdk\cpp\IQ2\IQ2_20231003_10_00_00/vexiq2\libviq2rt.a(iq2_apijump.c.o)
                0x200117b4                vexTaskGetIndex
 .text.vexTaskSleep
                0x200117c0        0xc c:\Users\alexa\AppData\Roaming\Code\User\globalStorage\vexrobotics.vexcode\sdk\cpp\IQ2\IQ2_20231003_10_00_00/vexiq2\libviq2rt.a(iq2_apijump.c.o)
                0x200117c0                vexTaskSleep
 .text.vexTasksDump
                0x200117cc       0x18 c:\Users\alexa\AppData\Roaming\Code\User\globalStorage\vexrobotics.vexcode\sdk\cpp\IQ2\IQ2_20231003_10_00_00/vexiq2\libviq2rt.a(iq2_apijump.c.o)
                0x200117cc                vexTasksDump
 .text.vexTaskGetTaskIndex
                0x200117e4        0xc c:\Users\alexa\AppData\Roaming\Code\User\globalStorage\vexrobotics.vexcode\sdk\cpp\IQ2\IQ2_20231003_10_00_00/vexiq2\libviq2rt.a(iq2_apijump.c.o)
                0x200117e4                vexTaskGetTaskIndex
 .text.vexTaskCompletionIdSet
                0x200117f0        0xc c:\Users\alexa\AppData\Roaming\Code\User\globalStorage\vexrobotics.vexcode\sdk\cpp\IQ2\IQ2_20231003_10_00_00/vexiq2\libviq2rt.a(iq2_apijump.c.o)
                0x200117f0                vexTaskCompletionIdSet
 .text.vexCriticalSection
                0x200117fc        0xc c:\Users\alexa\AppData\Roaming\Code\User\globalStorage\vexrobotics.vexcode\sdk\cpp\IQ2\IQ2_20231003_10_00_00/vexiq2\libviq2rt.a(iq2_apijump.c.o)
                0x200117fc                vexCriticalSection
 .text.vexDisplayContextSwitch
                0x20011808        0xc c:\Users\alexa\AppData\Roaming\Code\User\globalStorage\vexrobotics.vexcode\sdk\cpp\IQ2\IQ2_20231003_10_00_00/vexiq2\libviq2rt.a(iq2_apijump.c.o)
                0x20011808                vexDisplayContextSwitch
 .text.vexEventUserIndexGet
                0x20011814       0x18 c:\Users\alexa\AppData\Roaming\Code\User\globalStorage\vexrobotics.vexcode\sdk\cpp\IQ2\IQ2_20231003_10_00_00/vexiq2\libviq2rt.a(iq2_apijump.c.o)
                0x20011814                vexEventUserIndexGet
 .text.vexDebug
                0x2001182c       0x2c c:\Users\alexa\AppData\Roaming\Code\User\globalStorage\vexrobotics.vexcode\sdk\cpp\IQ2\IQ2_20231003_10_00_00/vexiq2\libviq2rt.a(iq2_apijump.c.o)
                0x2001182c                vexDebug
 .text.vexSystemTimeGet
                0x20011858       0x18 c:\Users\alexa\AppData\Roaming\Code\User\globalStorage\vexrobotics.vexcode\sdk\cpp\IQ2\IQ2_20231003_10_00_00/vexiq2\libviq2rt.a(iq2_apijump.c.o)
                0x20011858                vexSystemTimeGet
 .text._write_user
                0x20011870       0x28 c:\Users\alexa\AppData\Roaming\Code\User\globalStorage\vexrobotics.vexcode\sdk\cpp\IQ2\IQ2_20231003_10_00_00/vexiq2\libviq2rt.a(iq2_apijump.c.o)
                0x20011870                _write_user
 .text._read_user
                0x20011898       0x28 c:\Users\alexa\AppData\Roaming\Code\User\globalStorage\vexrobotics.vexcode\sdk\cpp\IQ2\IQ2_20231003_10_00_00/vexiq2\libviq2rt.a(iq2_apijump.c.o)
                0x20011898                _read_user
 .text._close_user
                0x200118c0       0x14 c:\Users\alexa\AppData\Roaming\Code\User\globalStorage\vexrobotics.vexcode\sdk\cpp\IQ2\IQ2_20231003_10_00_00/vexiq2\libviq2rt.a(iq2_apijump.c.o)
                0x200118c0                _close_user
 .text._lseek_user
                0x200118d4       0x28 c:\Users\alexa\AppData\Roaming\Code\User\globalStorage\vexrobotics.vexcode\sdk\cpp\IQ2\IQ2_20231003_10_00_00/vexiq2\libviq2rt.a(iq2_apijump.c.o)
                0x200118d4                _lseek_user
 .text._fstat_user
                0x200118fc       0x1c c:\Users\alexa\AppData\Roaming\Code\User\globalStorage\vexrobotics.vexcode\sdk\cpp\IQ2\IQ2_20231003_10_00_00/vexiq2\libviq2rt.a(iq2_apijump.c.o)
                0x200118fc                _fstat_user
 .text._isatty_user
                0x20011918       0x18 c:\Users\alexa\AppData\Roaming\Code\User\globalStorage\vexrobotics.vexcode\sdk\cpp\IQ2\IQ2_20231003_10_00_00/vexiq2\libviq2rt.a(iq2_apijump.c.o)
                0x20011918                _isatty_user
 .text.vexDeviceGetByIndex
                0x20011930       0x1c c:\Users\alexa\AppData\Roaming\Code\User\globalStorage\vexrobotics.vexcode\sdk\cpp\IQ2\IQ2_20231003_10_00_00/vexiq2\libviq2rt.a(iq2_apijump.c.o)
                0x20011930                vexDeviceGetByIndex
 .text.vexMotorVelocitySet
                0x2001194c       0x20 c:\Users\alexa\AppData\Roaming\Code\User\globalStorage\vexrobotics.vexcode\sdk\cpp\IQ2\IQ2_20231003_10_00_00/vexiq2\libviq2rt.a(iq2_apijump.c.o)
                0x2001194c                vexMotorVelocitySet
 .text.vexMotorActualVelocityGet
                0x2001196c       0x1c c:\Users\alexa\AppData\Roaming\Code\User\globalStorage\vexrobotics.vexcode\sdk\cpp\IQ2\IQ2_20231003_10_00_00/vexiq2\libviq2rt.a(iq2_apijump.c.o)
                0x2001196c                vexMotorActualVelocityGet
 .text.vexMotorReverseFlagSet
                0x20011988       0x20 c:\Users\alexa\AppData\Roaming\Code\User\globalStorage\vexrobotics.vexcode\sdk\cpp\IQ2\IQ2_20231003_10_00_00/vexiq2\libviq2rt.a(iq2_apijump.c.o)
                0x20011988                vexMotorReverseFlagSet
 .text.vexMotorEncoderUnitsSet
                0x200119a8       0x20 c:\Users\alexa\AppData\Roaming\Code\User\globalStorage\vexrobotics.vexcode\sdk\cpp\IQ2\IQ2_20231003_10_00_00/vexiq2\libviq2rt.a(iq2_apijump.c.o)
                0x200119a8                vexMotorEncoderUnitsSet
 .text.vexMotorBrakeModeSet
                0x200119c8       0x20 c:\Users\alexa\AppData\Roaming\Code\User\globalStorage\vexrobotics.vexcode\sdk\cpp\IQ2\IQ2_20231003_10_00_00/vexiq2\libviq2rt.a(iq2_apijump.c.o)
                0x200119c8                vexMotorBrakeModeSet
 .text.vexMotorPositionSet
                0x200119e8       0x34 c:\Users\alexa\AppData\Roaming\Code\User\globalStorage\vexrobotics.vexcode\sdk\cpp\IQ2\IQ2_20231003_10_00_00/vexiq2\libviq2rt.a(iq2_apijump.c.o)
                0x200119e8                vexMotorPositionSet
 .text.vexMotorPositionGet
                0x20011a1c       0x1c c:\Users\alexa\AppData\Roaming\Code\User\globalStorage\vexrobotics.vexcode\sdk\cpp\IQ2\IQ2_20231003_10_00_00/vexiq2\libviq2rt.a(iq2_apijump.c.o)
                0x20011a1c                vexMotorPositionGet
 .text.vexVisionModeSet
                0x20011a38       0x20 c:\Users\alexa\AppData\Roaming\Code\User\globalStorage\vexrobotics.vexcode\sdk\cpp\IQ2\IQ2_20231003_10_00_00/vexiq2\libviq2rt.a(iq2_apijump.c.o)
                0x20011a38                vexVisionModeSet
 .text.vexVisionObjectsGet
                0x20011a58       0x2c c:\Users\alexa\AppData\Roaming\Code\User\globalStorage\vexrobotics.vexcode\sdk\cpp\IQ2\IQ2_20231003_10_00_00/vexiq2\libviq2rt.a(iq2_apijump.c.o)
                0x20011a58                vexVisionObjectsGet
 .text.vexVisionSignatureSet
                0x20011a84       0x20 c:\Users\alexa\AppData\Roaming\Code\User\globalStorage\vexrobotics.vexcode\sdk\cpp\IQ2\IQ2_20231003_10_00_00/vexiq2\libviq2rt.a(iq2_apijump.c.o)
                0x20011a84                vexVisionSignatureSet
 .text.vexVisionBrightnessSet
                0x20011aa4       0x20 c:\Users\alexa\AppData\Roaming\Code\User\globalStorage\vexrobotics.vexcode\sdk\cpp\IQ2\IQ2_20231003_10_00_00/vexiq2\libviq2rt.a(iq2_apijump.c.o)
                0x20011aa4                vexVisionBrightnessSet
 .text.vexVisionLedModeSet
                0x20011ac4       0x20 c:\Users\alexa\AppData\Roaming\Code\User\globalStorage\vexrobotics.vexcode\sdk\cpp\IQ2\IQ2_20231003_10_00_00/vexiq2\libviq2rt.a(iq2_apijump.c.o)
                0x20011ac4                vexVisionLedModeSet
 .text.vexVisionLedColorSet
                0x20011ae4       0x20 c:\Users\alexa\AppData\Roaming\Code\User\globalStorage\vexrobotics.vexcode\sdk\cpp\IQ2\IQ2_20231003_10_00_00/vexiq2\libviq2rt.a(iq2_apijump.c.o)
                0x20011ae4                vexVisionLedColorSet
 .text.vexImuReset
                0x20011b04       0x1c c:\Users\alexa\AppData\Roaming\Code\User\globalStorage\vexrobotics.vexcode\sdk\cpp\IQ2\IQ2_20231003_10_00_00/vexiq2\libviq2rt.a(iq2_apijump.c.o)
                0x20011b04                vexImuReset
 .text.vexImuHeadingGet
                0x20011b20       0x1c c:\Users\alexa\AppData\Roaming\Code\User\globalStorage\vexrobotics.vexcode\sdk\cpp\IQ2\IQ2_20231003_10_00_00/vexiq2\libviq2rt.a(iq2_apijump.c.o)
                0x20011b20                vexImuHeadingGet
 .text.vexImuDegreesGet
                0x20011b3c       0x1c c:\Users\alexa\AppData\Roaming\Code\User\globalStorage\vexrobotics.vexcode\sdk\cpp\IQ2\IQ2_20231003_10_00_00/vexiq2\libviq2rt.a(iq2_apijump.c.o)
                0x20011b3c                vexImuDegreesGet
 .text.vexImuStatusGet
                0x20011b58       0x1c c:\Users\alexa\AppData\Roaming\Code\User\globalStorage\vexrobotics.vexcode\sdk\cpp\IQ2\IQ2_20231003_10_00_00/vexiq2\libviq2rt.a(iq2_apijump.c.o)
                0x20011b58                vexImuStatusGet
 .text.vexDisplayForegroundColor
                0x20011b74       0x1c c:\Users\alexa\AppData\Roaming\Code\User\globalStorage\vexrobotics.vexcode\sdk\cpp\IQ2\IQ2_20231003_10_00_00/vexiq2\libviq2rt.a(iq2_apijump.c.o)
                0x20011b74                vexDisplayForegroundColor
 .text.vexDisplayBackgroundColor
                0x20011b90       0x1c c:\Users\alexa\AppData\Roaming\Code\User\globalStorage\vexrobotics.vexcode\sdk\cpp\IQ2\IQ2_20231003_10_00_00/vexiq2\libviq2rt.a(iq2_apijump.c.o)
                0x20011b90                vexDisplayBackgroundColor
 .text.vexDisplayTextSize
                0x20011bac       0x20 c:\Users\alexa\AppData\Roaming\Code\User\globalStorage\vexrobotics.vexcode\sdk\cpp\IQ2\IQ2_20231003_10_00_00/vexiq2\libviq2rt.a(iq2_apijump.c.o)
                0x20011bac                vexDisplayTextSize
 .text.vexDisplayFontNamedSet
                0x20011bcc       0x1c c:\Users\alexa\AppData\Roaming\Code\User\globalStorage\vexrobotics.vexcode\sdk\cpp\IQ2\IQ2_20231003_10_00_00/vexiq2\libviq2rt.a(iq2_apijump.c.o)
                0x20011bcc                vexDisplayFontNamedSet
 .text._ZN3vex4waitEdNS_9timeUnitsE
                0x20011be8       0x3c c:\Users\alexa\AppData\Roaming\Code\User\globalStorage\vexrobotics.vexcode\sdk\cpp\IQ2\IQ2_20231003_10_00_00/vexiq2\libviq2rt.a(vex_global.cpp.o)
                0x20011be8                vex::wait(double, vex::timeUnits)
 .text._ZN3vex5colorD2Ev
                0x20011c24        0x2 c:\Users\alexa\AppData\Roaming\Code\User\globalStorage\vexrobotics.vexcode\sdk\cpp\IQ2\IQ2_20231003_10_00_00/vexiq2\libviq2rt.a(vex_color.cpp.o)
                0x20011c24                vex::color::~color()
                0x20011c24                vex::color::~color()
 *fill*         0x20011c26        0x2 
 .text.startup._GLOBAL__sub_I__ZN3vex5color5blackE
                0x20011c28      0x18c c:\Users\alexa\AppData\Roaming\Code\User\globalStorage\vexrobotics.vexcode\sdk\cpp\IQ2\IQ2_20231003_10_00_00/vexiq2\libviq2rt.a(vex_color.cpp.o)
 .text._ZN3vex11this_thread9sleep_forEm
                0x20011db4        0x4 c:\Users\alexa\AppData\Roaming\Code\User\globalStorage\vexrobotics.vexcode\sdk\cpp\IQ2\IQ2_20231003_10_00_00/vexiq2\libviq2rt.a(vex_thread.cpp.o)
                0x20011db4                vex::this_thread::sleep_for(unsigned long)
 .text._ZN3vex5brainD2Ev
                0x20011db8        0xe c:\Users\alexa\AppData\Roaming\Code\User\globalStorage\vexrobotics.vexcode\sdk\cpp\IQ2\IQ2_20231003_10_00_00/vexiq2\libviq2rt.a(vex_brain.cpp.o)
                0x20011db8                vex::brain::~brain()
                0x20011db8                vex::brain::~brain()
 .text._ZN3vex5brain3lcd9setCursorEll
                0x20011dc6       0x40 c:\Users\alexa\AppData\Roaming\Code\User\globalStorage\vexrobotics.vexcode\sdk\cpp\IQ2\IQ2_20231003_10_00_00/vexiq2\libviq2rt.a(vex_brain.cpp.o)
                0x20011dc6                vex::brain::lcd::setCursor(long, long)
 *fill*         0x20011e06        0x2 
 .text._ZN3vex5brain3lcd7setFontENS_8fontTypeE
                0x20011e08      0x144 c:\Users\alexa\AppData\Roaming\Code\User\globalStorage\vexrobotics.vexcode\sdk\cpp\IQ2\IQ2_20231003_10_00_00/vexiq2\libviq2rt.a(vex_brain.cpp.o)
                0x20011e08                vex::brain::lcd::setFont(vex::fontType)
 .text._ZN3vex5brain3lcdC2Ev
                0x20011f4c       0x34 c:\Users\alexa\AppData\Roaming\Code\User\globalStorage\vexrobotics.vexcode\sdk\cpp\IQ2\IQ2_20231003_10_00_00/vexiq2\libviq2rt.a(vex_brain.cpp.o)
                0x20011f4c                vex::brain::lcd::lcd()
                0x20011f4c                vex::brain::lcd::lcd()
 .text._ZN3vex5brainC2Ev
                0x20011f80       0x32 c:\Users\alexa\AppData\Roaming\Code\User\globalStorage\vexrobotics.vexcode\sdk\cpp\IQ2\IQ2_20231003_10_00_00/vexiq2\libviq2rt.a(vex_brain.cpp.o)
                0x20011f80                vex::brain::brain()
                0x20011f80                vex::brain::brain()
 .text._ZN3vex5timerD2Ev
                0x20011fb2        0x2 c:\Users\alexa\AppData\Roaming\Code\User\globalStorage\vexrobotics.vexcode\sdk\cpp\IQ2\IQ2_20231003_10_00_00/vexiq2\libviq2rt.a(vex_timer.cpp.o)
                0x20011fb2                vex::timer::~timer()
                0x20011fb2                vex::timer::~timer()
 .text._ZN3vex5timer5clearEv
                0x20011fb4       0x10 c:\Users\alexa\AppData\Roaming\Code\User\globalStorage\vexrobotics.vexcode\sdk\cpp\IQ2\IQ2_20231003_10_00_00/vexiq2\libviq2rt.a(vex_timer.cpp.o)
                0x20011fb4                vex::timer::clear()
 .text._ZN3vex5timerC2Ev
                0x20011fc4        0xc c:\Users\alexa\AppData\Roaming\Code\User\globalStorage\vexrobotics.vexcode\sdk\cpp\IQ2\IQ2_20231003_10_00_00/vexiq2\libviq2rt.a(vex_timer.cpp.o)
                0x20011fc4                vex::timer::timer()
                0x20011fc4                vex::timer::timer()
 .text._ZN3vex5motor9installedEv
                0x20011fd0        0xe c:\Users\alexa\AppData\Roaming\Code\User\globalStorage\vexrobotics.vexcode\sdk\cpp\IQ2\IQ2_20231003_10_00_00/vexiq2\libviq2rt.a(vex_motor.cpp.o)
                0x20011fd0                vex::motor::installed()
 .text._ZN3vex5motor15defaultStoppingENS_9brakeTypeE
                0x20011fde       0x1a c:\Users\alexa\AppData\Roaming\Code\User\globalStorage\vexrobotics.vexcode\sdk\cpp\IQ2\IQ2_20231003_10_00_00/vexiq2\libviq2rt.a(vex_motor.cpp.o)
                0x20011fde                vex::motor::defaultStopping(vex::brakeType)
 .text._ZN3vex5motor11setStoppingENS_9brakeTypeE
                0x20011ff8        0x4 c:\Users\alexa\AppData\Roaming\Code\User\globalStorage\vexrobotics.vexcode\sdk\cpp\IQ2\IQ2_20231003_10_00_00/vexiq2\libviq2rt.a(vex_motor.cpp.o)
                0x20011ff8                vex::motor::setStopping(vex::brakeType)
 *fill*         0x20011ffc        0x4 
 .text._ZN3vex5motorC2El
                0x20012000       0x60 c:\Users\alexa\AppData\Roaming\Code\User\globalStorage\vexrobotics.vexcode\sdk\cpp\IQ2\IQ2_20231003_10_00_00/vexiq2\libviq2rt.a(vex_motor.cpp.o)
                0x20012000                vex::motor::motor(long)
                0x20012000                vex::motor::motor(long)
 .text._ZN3vex5motorC2Elb
                0x20012060       0x16 c:\Users\alexa\AppData\Roaming\Code\User\globalStorage\vexrobotics.vexcode\sdk\cpp\IQ2\IQ2_20231003_10_00_00/vexiq2\libviq2rt.a(vex_motor.cpp.o)
                0x20012060                vex::motor::motor(long, bool)
                0x20012060                vex::motor::motor(long, bool)
 .text._ZN3vex5motor4stopENS_9brakeTypeE
                0x20012076       0x1e c:\Users\alexa\AppData\Roaming\Code\User\globalStorage\vexrobotics.vexcode\sdk\cpp\IQ2\IQ2_20231003_10_00_00/vexiq2\libviq2rt.a(vex_motor.cpp.o)
                0x20012076                vex::motor::stop(vex::brakeType)
 .text._ZN3vex5motor4stopEv
                0x20012094        0x6 c:\Users\alexa\AppData\Roaming\Code\User\globalStorage\vexrobotics.vexcode\sdk\cpp\IQ2\IQ2_20231003_10_00_00/vexiq2\libviq2rt.a(vex_motor.cpp.o)
                0x20012094                vex::motor::stop()
 *fill*         0x2001209a        0x6 
 .text._ZN3vex5motor16velocityToScaledEdNS_13velocityUnitsE
                0x200120a0       0x70 c:\Users\alexa\AppData\Roaming\Code\User\globalStorage\vexrobotics.vexcode\sdk\cpp\IQ2\IQ2_20231003_10_00_00/vexiq2\libviq2rt.a(vex_motor.cpp.o)
                0x200120a0                vex::motor::velocityToScaled(double, vex::velocityUnits)
 .text._ZN3vex5motor8velocityENS_13velocityUnitsE
                0x20012110       0x18 c:\Users\alexa\AppData\Roaming\Code\User\globalStorage\vexrobotics.vexcode\sdk\cpp\IQ2\IQ2_20231003_10_00_00/vexiq2\libviq2rt.a(vex_motor.cpp.o)
                0x20012110                vex::motor::velocity(vex::velocityUnits)
 .text._ZN3vex5motor5valueEv
                0x20012128       0x12 c:\Users\alexa\AppData\Roaming\Code\User\globalStorage\vexrobotics.vexcode\sdk\cpp\IQ2\IQ2_20231003_10_00_00/vexiq2\libviq2rt.a(vex_motor.cpp.o)
                0x20012128                vex::motor::value()
 *fill*         0x2001213a        0x6 
 .text._ZN3vex5motor16scaledToVelocityEdNS_13velocityUnitsE
                0x20012140       0x74 c:\Users\alexa\AppData\Roaming\Code\User\globalStorage\vexrobotics.vexcode\sdk\cpp\IQ2\IQ2_20231003_10_00_00/vexiq2\libviq2rt.a(vex_motor.cpp.o)
                0x20012140                vex::motor::scaledToVelocity(double, vex::velocityUnits)
 .text._ZN3vex5motor4spinENS_13directionTypeEdNS_13velocityUnitsE
                0x200121b4       0x32 c:\Users\alexa\AppData\Roaming\Code\User\globalStorage\vexrobotics.vexcode\sdk\cpp\IQ2\IQ2_20231003_10_00_00/vexiq2\libviq2rt.a(vex_motor.cpp.o)
                0x200121b4                vex::motor::spin(vex::directionType, double, vex::velocityUnits)
 .text._ZN3vex5motor4spinENS_13directionTypeE
                0x200121e6       0x1e c:\Users\alexa\AppData\Roaming\Code\User\globalStorage\vexrobotics.vexcode\sdk\cpp\IQ2\IQ2_20231003_10_00_00/vexiq2\libviq2rt.a(vex_motor.cpp.o)
                0x200121e6                vex::motor::spin(vex::directionType)
 .text._ZN3vex5motor11setVelocityEdNS_13velocityUnitsE
                0x20012204       0x54 c:\Users\alexa\AppData\Roaming\Code\User\globalStorage\vexrobotics.vexcode\sdk\cpp\IQ2\IQ2_20231003_10_00_00/vexiq2\libviq2rt.a(vex_motor.cpp.o)
                0x20012204                vex::motor::setVelocity(double, vex::velocityUnits)
 .text._ZN3vex5motor16setRotationUnitsENS_13rotationUnitsE
                0x20012258       0x12 c:\Users\alexa\AppData\Roaming\Code\User\globalStorage\vexrobotics.vexcode\sdk\cpp\IQ2\IQ2_20231003_10_00_00/vexiq2\libviq2rt.a(vex_motor.cpp.o)
                0x20012258                vex::motor::setRotationUnits(vex::rotationUnits)
 .text._ZN3vex5motor11setPositionEdNS_13rotationUnitsE
                0x2001226a       0x3e c:\Users\alexa\AppData\Roaming\Code\User\globalStorage\vexrobotics.vexcode\sdk\cpp\IQ2\IQ2_20231003_10_00_00/vexiq2\libviq2rt.a(vex_motor.cpp.o)
                0x2001226a                vex::motor::setPosition(double, vex::rotationUnits)
 .text._ZN3vex5motor13resetPositionEv
                0x200122a8       0x18 c:\Users\alexa\AppData\Roaming\Code\User\globalStorage\vexrobotics.vexcode\sdk\cpp\IQ2\IQ2_20231003_10_00_00/vexiq2\libviq2rt.a(vex_motor.cpp.o)
                0x200122a8                vex::motor::resetPosition()
 .text._ZN3vex5motor8positionENS_13rotationUnitsE
                0x200122c0       0x3c c:\Users\alexa\AppData\Roaming\Code\User\globalStorage\vexrobotics.vexcode\sdk\cpp\IQ2\IQ2_20231003_10_00_00/vexiq2\libviq2rt.a(vex_motor.cpp.o)
                0x200122c0                vex::motor::position(vex::rotationUnits)
 .text._ZN3vex6vision9installedEv
                0x200122fc       0x10 c:\Users\alexa\AppData\Roaming\Code\User\globalStorage\vexrobotics.vexcode\sdk\cpp\IQ2\IQ2_20231003_10_00_00/vexiq2\libviq2rt.a(vex_vision.cpp.o)
                0x200122fc                vex::vision::installed()
 .text._ZN3vex6vision12setSignatureERNS0_9signatureE
                0x2001230c       0x50 c:\Users\alexa\AppData\Roaming\Code\User\globalStorage\vexrobotics.vexcode\sdk\cpp\IQ2\IQ2_20231003_10_00_00/vexiq2\libviq2rt.a(vex_vision.cpp.o)
                0x2001230c                vex::vision::setSignature(vex::vision::signature&)
 .text._ZN3vex6vision7setModeENS0_13detectionModeE
                0x2001235c        0xe c:\Users\alexa\AppData\Roaming\Code\User\globalStorage\vexrobotics.vexcode\sdk\cpp\IQ2\IQ2_20231003_10_00_00/vexiq2\libviq2rt.a(vex_vision.cpp.o)
                0x2001235c                vex::vision::setMode(vex::vision::detectionMode)
 .text._ZN3vex6vision13setBrightnessEh
                0x2001236a       0x1c c:\Users\alexa\AppData\Roaming\Code\User\globalStorage\vexrobotics.vexcode\sdk\cpp\IQ2\IQ2_20231003_10_00_00/vexiq2\libviq2rt.a(vex_vision.cpp.o)
                0x2001236a                vex::vision::setBrightness(unsigned char)
 .text._ZN3vex6vision10setLedModeENS0_7ledModeE
                0x20012386        0xe c:\Users\alexa\AppData\Roaming\Code\User\globalStorage\vexrobotics.vexcode\sdk\cpp\IQ2\IQ2_20231003_10_00_00/vexiq2\libviq2rt.a(vex_vision.cpp.o)
                0x20012386                vex::vision::setLedMode(vex::vision::ledMode)
 .text._ZN3vex6vision11setLedColorEhhh
                0x20012394       0x22 c:\Users\alexa\AppData\Roaming\Code\User\globalStorage\vexrobotics.vexcode\sdk\cpp\IQ2\IQ2_20231003_10_00_00/vexiq2\libviq2rt.a(vex_vision.cpp.o)
                0x20012394                vex::vision::setLedColor(unsigned char, unsigned char, unsigned char)
 *fill*         0x200123b6        0x2 
 .text._ZN3vex6vision9signature5clearEv
                0x200123b8       0x20 c:\Users\alexa\AppData\Roaming\Code\User\globalStorage\vexrobotics.vexcode\sdk\cpp\IQ2\IQ2_20231003_10_00_00/vexiq2\libviq2rt.a(vex_vision.cpp.o)
                0x200123b8                vex::vision::signature::clear()
 .text._ZN3vex6vision9signatureC2Elllllllfl
                0x200123d8       0x3c c:\Users\alexa\AppData\Roaming\Code\User\globalStorage\vexrobotics.vexcode\sdk\cpp\IQ2\IQ2_20231003_10_00_00/vexiq2\libviq2rt.a(vex_vision.cpp.o)
                0x200123d8                vex::vision::signature::signature(long, long, long, long, long, long, long, float, long)
                0x200123d8                vex::vision::signature::signature(long, long, long, long, long, long, long, float, long)
 *fill*         0x20012414        0x4 
 .text._ZN3vex6vision6object3setE22_IQ_DeviceVisionObject
                0x20012418       0x68 c:\Users\alexa\AppData\Roaming\Code\User\globalStorage\vexrobotics.vexcode\sdk\cpp\IQ2\IQ2_20231003_10_00_00/vexiq2\libviq2rt.a(vex_vision.cpp.o)
                0x20012418                vex::vision::object::set(_IQ_DeviceVisionObject)
 .text._ZN3vex6vision6object5clearEv
                0x20012480       0x18 c:\Users\alexa\AppData\Roaming\Code\User\globalStorage\vexrobotics.vexcode\sdk\cpp\IQ2\IQ2_20231003_10_00_00/vexiq2\libviq2rt.a(vex_vision.cpp.o)
                0x20012480                vex::vision::object::clear()
 .text._ZN3vex6vision6objectC2Ev
                0x20012498       0x38 c:\Users\alexa\AppData\Roaming\Code\User\globalStorage\vexrobotics.vexcode\sdk\cpp\IQ2\IQ2_20231003_10_00_00/vexiq2\libviq2rt.a(vex_vision.cpp.o)
                0x20012498                vex::vision::object::object()
                0x20012498                vex::vision::object::object()
 .text._ZN3vex6vision13_clearObjectsEv
                0x200124d0       0x30 c:\Users\alexa\AppData\Roaming\Code\User\globalStorage\vexrobotics.vexcode\sdk\cpp\IQ2\IQ2_20231003_10_00_00/vexiq2\libviq2rt.a(vex_vision.cpp.o)
                0x200124d0                vex::vision::_clearObjects()
 .text._ZN3vex6vision6objectaSERKS1_
                0x20012500       0x38 c:\Users\alexa\AppData\Roaming\Code\User\globalStorage\vexrobotics.vexcode\sdk\cpp\IQ2\IQ2_20231003_10_00_00/vexiq2\libviq2rt.a(vex_vision.cpp.o)
                0x20012500                vex::vision::object::operator=(vex::vision::object const&)
 .text._ZN3vex6vision12takeSnapshotEmm
                0x20012538       0x84 c:\Users\alexa\AppData\Roaming\Code\User\globalStorage\vexrobotics.vexcode\sdk\cpp\IQ2\IQ2_20231003_10_00_00/vexiq2\libviq2rt.a(vex_vision.cpp.o)
                0x20012538                vex::vision::takeSnapshot(unsigned long, unsigned long)
 .text._ZN3vex6vision12takeSnapshotEm
                0x200125bc        0x6 c:\Users\alexa\AppData\Roaming\Code\User\globalStorage\vexrobotics.vexcode\sdk\cpp\IQ2\IQ2_20231003_10_00_00/vexiq2\libviq2rt.a(vex_vision.cpp.o)
                0x200125bc                vex::vision::takeSnapshot(unsigned long)
 .text._ZN3vex6vision5valueEv
                0x200125c2        0x6 c:\Users\alexa\AppData\Roaming\Code\User\globalStorage\vexrobotics.vexcode\sdk\cpp\IQ2\IQ2_20231003_10_00_00/vexiq2\libviq2rt.a(vex_vision.cpp.o)
                0x200125c2                vex::vision::value()
 .text._ZN3vex6vision12takeSnapshotERNS0_9signatureE
                0x200125c8        0x8 c:\Users\alexa\AppData\Roaming\Code\User\globalStorage\vexrobotics.vexcode\sdk\cpp\IQ2\IQ2_20231003_10_00_00/vexiq2\libviq2rt.a(vex_vision.cpp.o)
                0x200125c8                vex::vision::takeSnapshot(vex::vision::signature&)
 .text._ZN3vex6vision6objectaSEl
                0x200125d0       0x18 c:\Users\alexa\AppData\Roaming\Code\User\globalStorage\vexrobotics.vexcode\sdk\cpp\IQ2\IQ2_20231003_10_00_00/vexiq2\libviq2rt.a(vex_vision.cpp.o)
                0x200125d0                vex::vision::object::operator=(long)
 .text._ZN3vex6visionC2El
                0x200125e8       0x6c c:\Users\alexa\AppData\Roaming\Code\User\globalStorage\vexrobotics.vexcode\sdk\cpp\IQ2\IQ2_20231003_10_00_00/vexiq2\libviq2rt.a(vex_vision.cpp.o)
                0x200125e8                vex::vision::vision(long)
                0x200125e8                vex::vision::vision(long)
 .text._ZN3vex8inertial11getTurnTypeEv
                0x20012654        0x4 c:\Users\alexa\AppData\Roaming\Code\User\globalStorage\vexrobotics.vexcode\sdk\cpp\IQ2\IQ2_20231003_10_00_00/vexiq2\libviq2rt.a(vex_imu.cpp.o)
                0x20012654                vex::inertial::getTurnType()
 .text._ZThn20_N3vex8inertial11getTurnTypeEv
                0x20012658        0x8 c:\Users\alexa\AppData\Roaming\Code\User\globalStorage\vexrobotics.vexcode\sdk\cpp\IQ2\IQ2_20231003_10_00_00/vexiq2\libviq2rt.a(vex_imu.cpp.o)
                0x20012658                non-virtual thunk to vex::inertial::getTurnType()
 .text._ZN3vex8inertial10setHeadingEdNS_13rotationUnitsE
                0x20012660       0x48 c:\Users\alexa\AppData\Roaming\Code\User\globalStorage\vexrobotics.vexcode\sdk\cpp\IQ2\IQ2_20231003_10_00_00/vexiq2\libviq2rt.a(vex_imu.cpp.o)
                0x20012660                vex::inertial::setHeading(double, vex::rotationUnits)
 .text._ZThn20_N3vex8inertial10setHeadingEdNS_13rotationUnitsE
                0x200126a8        0x8 c:\Users\alexa\AppData\Roaming\Code\User\globalStorage\vexrobotics.vexcode\sdk\cpp\IQ2\IQ2_20231003_10_00_00/vexiq2\libviq2rt.a(vex_imu.cpp.o)
                0x200126a8                non-virtual thunk to vex::inertial::setHeading(double, vex::rotationUnits)
 .text._ZN3vex8inertial11setRotationEdNS_13rotationUnitsE
                0x200126b0       0x48 c:\Users\alexa\AppData\Roaming\Code\User\globalStorage\vexrobotics.vexcode\sdk\cpp\IQ2\IQ2_20231003_10_00_00/vexiq2\libviq2rt.a(vex_imu.cpp.o)
                0x200126b0                vex::inertial::setRotation(double, vex::rotationUnits)
 .text._ZThn20_N3vex8inertial11setRotationEdNS_13rotationUnitsE
                0x200126f8        0x8 c:\Users\alexa\AppData\Roaming\Code\User\globalStorage\vexrobotics.vexcode\sdk\cpp\IQ2\IQ2_20231003_10_00_00/vexiq2\libviq2rt.a(vex_imu.cpp.o)
                0x200126f8                non-virtual thunk to vex::inertial::setRotation(double, vex::rotationUnits)
 .text._ZN3vex8inertialD2Ev
                0x20012700       0x14 c:\Users\alexa\AppData\Roaming\Code\User\globalStorage\vexrobotics.vexcode\sdk\cpp\IQ2\IQ2_20231003_10_00_00/vexiq2\libviq2rt.a(vex_imu.cpp.o)
                0x20012700                vex::inertial::~inertial()
                0x20012700                vex::inertial::~inertial()
 .text._ZThn20_N3vex8inertialD1Ev
                0x20012714        0x8 c:\Users\alexa\AppData\Roaming\Code\User\globalStorage\vexrobotics.vexcode\sdk\cpp\IQ2\IQ2_20231003_10_00_00/vexiq2\libviq2rt.a(vex_imu.cpp.o)
                0x20012714                non-virtual thunk to vex::inertial::~inertial()
 .text._ZN3vex8inertialD0Ev
                0x2001271c       0x12 c:\Users\alexa\AppData\Roaming\Code\User\globalStorage\vexrobotics.vexcode\sdk\cpp\IQ2\IQ2_20231003_10_00_00/vexiq2\libviq2rt.a(vex_imu.cpp.o)
                0x2001271c                vex::inertial::~inertial()
 .text._ZThn20_N3vex8inertialD0Ev
                0x2001272e        0x8 c:\Users\alexa\AppData\Roaming\Code\User\globalStorage\vexrobotics.vexcode\sdk\cpp\IQ2\IQ2_20231003_10_00_00/vexiq2\libviq2rt.a(vex_imu.cpp.o)
                0x2001272e                non-virtual thunk to vex::inertial::~inertial()
 .text._ZN3vex8inertial9installedEv
                0x20012736       0x10 c:\Users\alexa\AppData\Roaming\Code\User\globalStorage\vexrobotics.vexcode\sdk\cpp\IQ2\IQ2_20231003_10_00_00/vexiq2\libviq2rt.a(vex_imu.cpp.o)
                0x20012736                vex::inertial::installed()
 *fill*         0x20012746        0x2 
 .text._ZN3vex8inertial5angleENS_13rotationUnitsE
                0x20012748       0x74 c:\Users\alexa\AppData\Roaming\Code\User\globalStorage\vexrobotics.vexcode\sdk\cpp\IQ2\IQ2_20231003_10_00_00/vexiq2\libviq2rt.a(vex_imu.cpp.o)
                0x20012748                vex::inertial::angle(vex::rotationUnits)
 .text._ZThn20_N3vex8inertial5angleENS_13rotationUnitsE
                0x200127bc        0x8 c:\Users\alexa\AppData\Roaming\Code\User\globalStorage\vexrobotics.vexcode\sdk\cpp\IQ2\IQ2_20231003_10_00_00/vexiq2\libviq2rt.a(vex_imu.cpp.o)
                0x200127bc                non-virtual thunk to vex::inertial::angle(vex::rotationUnits)
 .text._ZN3vex8inertial7headingENS_13rotationUnitsE
                0x200127c4        0x4 c:\Users\alexa\AppData\Roaming\Code\User\globalStorage\vexrobotics.vexcode\sdk\cpp\IQ2\IQ2_20231003_10_00_00/vexiq2\libviq2rt.a(vex_imu.cpp.o)
                0x200127c4                vex::inertial::heading(vex::rotationUnits)
 .text._ZThn20_N3vex8inertial7headingENS_13rotationUnitsE
                0x200127c8        0x8 c:\Users\alexa\AppData\Roaming\Code\User\globalStorage\vexrobotics.vexcode\sdk\cpp\IQ2\IQ2_20231003_10_00_00/vexiq2\libviq2rt.a(vex_imu.cpp.o)
                0x200127c8                non-virtual thunk to vex::inertial::heading(vex::rotationUnits)
 .text._ZN3vex8inertial5valueEv
                0x200127d0       0x12 c:\Users\alexa\AppData\Roaming\Code\User\globalStorage\vexrobotics.vexcode\sdk\cpp\IQ2\IQ2_20231003_10_00_00/vexiq2\libviq2rt.a(vex_imu.cpp.o)
                0x200127d0                vex::inertial::value()
 *fill*         0x200127e2        0x2 
 .text._ZN3vex8inertial8rotationENS_13rotationUnitsE
                0x200127e4       0x38 c:\Users\alexa\AppData\Roaming\Code\User\globalStorage\vexrobotics.vexcode\sdk\cpp\IQ2\IQ2_20231003_10_00_00/vexiq2\libviq2rt.a(vex_imu.cpp.o)
                0x200127e4                vex::inertial::rotation(vex::rotationUnits)
 .text._ZThn20_N3vex8inertial8rotationENS_13rotationUnitsE
                0x2001281c        0x8 c:\Users\alexa\AppData\Roaming\Code\User\globalStorage\vexrobotics.vexcode\sdk\cpp\IQ2\IQ2_20231003_10_00_00/vexiq2\libviq2rt.a(vex_imu.cpp.o)
                0x2001281c                non-virtual thunk to vex::inertial::rotation(vex::rotationUnits)
 .text._ZN3vex8inertial13isCalibratingEv
                0x20012824       0x22 c:\Users\alexa\AppData\Roaming\Code\User\globalStorage\vexrobotics.vexcode\sdk\cpp\IQ2\IQ2_20231003_10_00_00/vexiq2\libviq2rt.a(vex_imu.cpp.o)
                0x20012824                vex::inertial::isCalibrating()
 .text._ZThn20_N3vex8inertial13isCalibratingEv
                0x20012846        0x8 c:\Users\alexa\AppData\Roaming\Code\User\globalStorage\vexrobotics.vexcode\sdk\cpp\IQ2\IQ2_20231003_10_00_00/vexiq2\libviq2rt.a(vex_imu.cpp.o)
                0x20012846                non-virtual thunk to vex::inertial::isCalibrating()
 *fill*         0x2001284e        0x2 
 .text._ZN3vex8inertialC2ElNS_8turnTypeE
                0x20012850       0x30 c:\Users\alexa\AppData\Roaming\Code\User\globalStorage\vexrobotics.vexcode\sdk\cpp\IQ2\IQ2_20231003_10_00_00/vexiq2\libviq2rt.a(vex_imu.cpp.o)
                0x20012850                vex::inertial::inertial(long, vex::turnType)
                0x20012850                vex::inertial::inertial(long, vex::turnType)
 .text._ZN3vex8inertialC2ENS_8turnTypeE
                0x20012880       0x18 c:\Users\alexa\AppData\Roaming\Code\User\globalStorage\vexrobotics.vexcode\sdk\cpp\IQ2\IQ2_20231003_10_00_00/vexiq2\libviq2rt.a(vex_imu.cpp.o)
                0x20012880                vex::inertial::inertial(vex::turnType)
                0x20012880                vex::inertial::inertial(vex::turnType)
 .text._ZN3vex8inertial16startCalibrationEl
                0x20012898       0x16 c:\Users\alexa\AppData\Roaming\Code\User\globalStorage\vexrobotics.vexcode\sdk\cpp\IQ2\IQ2_20231003_10_00_00/vexiq2\libviq2rt.a(vex_imu.cpp.o)
                0x20012898                vex::inertial::startCalibration(long)
 .text._ZN3vex8inertial9calibrateEl
                0x200128ae        0xa c:\Users\alexa\AppData\Roaming\Code\User\globalStorage\vexrobotics.vexcode\sdk\cpp\IQ2\IQ2_20231003_10_00_00/vexiq2\libviq2rt.a(vex_imu.cpp.o)
                0x200128ae                vex::inertial::calibrate(long)
                0x200128b2                non-virtual thunk to vex::inertial::calibrate(long)
 .text._ZN3vex5event9userindexEv
                0x200128b8        0x4 c:\Users\alexa\AppData\Roaming\Code\User\globalStorage\vexrobotics.vexcode\sdk\cpp\IQ2\IQ2_20231003_10_00_00/vexiq2\libviq2rt.a(vex_event.cpp.o)
                0x200128b8                vex::event::userindex()
 .text._ZN3vex6device5valueEv
                0x200128bc        0x4 c:\Users\alexa\AppData\Roaming\Code\User\globalStorage\vexrobotics.vexcode\sdk\cpp\IQ2\IQ2_20231003_10_00_00/vexiq2\libviq2rt.a(vex_device.cpp.o)
                0x200128bc                vex::device::value()
 .text._ZN3vex6deviceD2Ev
                0x200128c0        0x2 c:\Users\alexa\AppData\Roaming\Code\User\globalStorage\vexrobotics.vexcode\sdk\cpp\IQ2\IQ2_20231003_10_00_00/vexiq2\libviq2rt.a(vex_device.cpp.o)
                0x200128c0                vex::device::~device()
                0x200128c0                vex::device::~device()
 .text._ZN3vex6device4initEl
                0x200128c2       0x22 c:\Users\alexa\AppData\Roaming\Code\User\globalStorage\vexrobotics.vexcode\sdk\cpp\IQ2\IQ2_20231003_10_00_00/vexiq2\libviq2rt.a(vex_device.cpp.o)
                0x200128c2                vex::device::init(long)
 .text._ZN3vex6deviceC2El
                0x200128e4       0x14 c:\Users\alexa\AppData\Roaming\Code\User\globalStorage\vexrobotics.vexcode\sdk\cpp\IQ2\IQ2_20231003_10_00_00/vexiq2\libviq2rt.a(vex_device.cpp.o)
                0x200128e4                vex::device::device(long)
                0x200128e4                vex::device::device(long)
 .text._ZN3vex6device4typeEv
                0x200128f8        0x8 c:\Users\alexa\AppData\Roaming\Code\User\globalStorage\vexrobotics.vexcode\sdk\cpp\IQ2\IQ2_20231003_10_00_00/vexiq2\libviq2rt.a(vex_device.cpp.o)
                0x200128f8                vex::device::type()
 .text._ZN3vex6device9installedEv
                0x20012900        0xe c:\Users\alexa\AppData\Roaming\Code\User\globalStorage\vexrobotics.vexcode\sdk\cpp\IQ2\IQ2_20231003_10_00_00/vexiq2\libviq2rt.a(vex_device.cpp.o)
                0x20012900                vex::device::installed()
 .text.__aeabi_atexit
                0x2001290e        0xa c:\Users\alexa\AppData\Roaming\Code\User\globalStorage\vexrobotics.vexcode\sdk\cpp\IQ2\IQ2_20231003_10_00_00/vexiq2/gcc/libs\libc_nano.a(lib_a-aeabi_atexit.o)
                0x2001290e                __aeabi_atexit
 .text.__aeabi_memclr
                0x20012918        0x6 c:\Users\alexa\AppData\Roaming\Code\User\globalStorage\vexrobotics.vexcode\sdk\cpp\IQ2\IQ2_20231003_10_00_00/vexiq2/gcc/libs\libc_nano.a(lib_a-aeabi_memclr.o)
                0x20012918                __aeabi_memclr
                0x20012918                __aeabi_memclr4
                0x20012918                __aeabi_memclr8
 *fill*         0x2001291e        0x2 
 .text.__sflush_r
                0x20012920      0x10c c:\Users\alexa\AppData\Roaming\Code\User\globalStorage\vexrobotics.vexcode\sdk\cpp\IQ2\IQ2_20231003_10_00_00/vexiq2/gcc/libs\libc_nano.a(lib_a-fflush.o)
                0x20012920                __sflush_r
 .text._fflush_r
                0x20012a2c       0x54 c:\Users\alexa\AppData\Roaming\Code\User\globalStorage\vexrobotics.vexcode\sdk\cpp\IQ2\IQ2_20231003_10_00_00/vexiq2/gcc/libs\libc_nano.a(lib_a-fflush.o)
                0x20012a2c                _fflush_r
 .text.std      0x20012a80       0x48 c:\Users\alexa\AppData\Roaming\Code\User\globalStorage\vexrobotics.vexcode\sdk\cpp\IQ2\IQ2_20231003_10_00_00/vexiq2/gcc/libs\libc_nano.a(lib_a-findfp.o)
 .text._cleanup_r
                0x20012ac8        0xc c:\Users\alexa\AppData\Roaming\Code\User\globalStorage\vexrobotics.vexcode\sdk\cpp\IQ2\IQ2_20231003_10_00_00/vexiq2/gcc/libs\libc_nano.a(lib_a-findfp.o)
                0x20012ac8                _cleanup_r
 .text.__sfmoreglue
                0x20012ad4       0x2c c:\Users\alexa\AppData\Roaming\Code\User\globalStorage\vexrobotics.vexcode\sdk\cpp\IQ2\IQ2_20231003_10_00_00/vexiq2/gcc/libs\libc_nano.a(lib_a-findfp.o)
                0x20012ad4                __sfmoreglue
 .text.__sinit  0x20012b00       0x60 c:\Users\alexa\AppData\Roaming\Code\User\globalStorage\vexrobotics.vexcode\sdk\cpp\IQ2\IQ2_20231003_10_00_00/vexiq2/gcc/libs\libc_nano.a(lib_a-findfp.o)
                0x20012b00                __sinit
 .text.__sfp    0x20012b60       0x78 c:\Users\alexa\AppData\Roaming\Code\User\globalStorage\vexrobotics.vexcode\sdk\cpp\IQ2\IQ2_20231003_10_00_00/vexiq2/gcc/libs\libc_nano.a(lib_a-findfp.o)
                0x20012b60                __sfp
 .text._fwalk_reent
                0x20012bd8       0x3c c:\Users\alexa\AppData\Roaming\Code\User\globalStorage\vexrobotics.vexcode\sdk\cpp\IQ2\IQ2_20231003_10_00_00/vexiq2/gcc/libs\libc_nano.a(lib_a-fwalk.o)
                0x20012bd8                _fwalk_reent
 .text.__libc_init_array
                0x20012c14       0x48 c:\Users\alexa\AppData\Roaming\Code\User\globalStorage\vexrobotics.vexcode\sdk\cpp\IQ2\IQ2_20231003_10_00_00/vexiq2/gcc/libs\libc_nano.a(lib_a-init.o)
                0x20012c14                __libc_init_array
 .text.__swhatbuf_r
                0x20012c5c       0x48 c:\Users\alexa\AppData\Roaming\Code\User\globalStorage\vexrobotics.vexcode\sdk\cpp\IQ2\IQ2_20231003_10_00_00/vexiq2/gcc/libs\libc_nano.a(lib_a-makebuf.o)
                0x20012c5c                __swhatbuf_r
 .text.__smakebuf_r
                0x20012ca4       0x80 c:\Users\alexa\AppData\Roaming\Code\User\globalStorage\vexrobotics.vexcode\sdk\cpp\IQ2\IQ2_20231003_10_00_00/vexiq2/gcc/libs\libc_nano.a(lib_a-makebuf.o)
                0x20012ca4                __smakebuf_r
 .text.memset   0x20012d24       0x10 c:\Users\alexa\AppData\Roaming\Code\User\globalStorage\vexrobotics.vexcode\sdk\cpp\IQ2\IQ2_20231003_10_00_00/vexiq2/gcc/libs\libc_nano.a(lib_a-memset.o)
                0x20012d24                memset
 .text._free_r  0x20012d34       0x9c c:\Users\alexa\AppData\Roaming\Code\User\globalStorage\vexrobotics.vexcode\sdk\cpp\IQ2\IQ2_20231003_10_00_00/vexiq2/gcc/libs\libc_nano.a(lib_a-nano-freer.o)
                0x20012d34                _free_r
 .text._malloc_r
                0x20012dd0       0xb4 c:\Users\alexa\AppData\Roaming\Code\User\globalStorage\vexrobotics.vexcode\sdk\cpp\IQ2\IQ2_20231003_10_00_00/vexiq2/gcc/libs\libc_nano.a(lib_a-nano-mallocr.o)
                0x20012dd0                _malloc_r
 .text.putchar  0x20012e84       0x28 c:\Users\alexa\AppData\Roaming\Code\User\globalStorage\vexrobotics.vexcode\sdk\cpp\IQ2\IQ2_20231003_10_00_00/vexiq2/gcc/libs\libc_nano.a(lib_a-putchar.o)
                0x20012e84                putchar
 .text._puts_r  0x20012eac       0xb8 c:\Users\alexa\AppData\Roaming\Code\User\globalStorage\vexrobotics.vexcode\sdk\cpp\IQ2\IQ2_20231003_10_00_00/vexiq2/gcc/libs\libc_nano.a(lib_a-puts.o)
                0x20012eac                _puts_r
 .text.puts     0x20012f64       0x10 c:\Users\alexa\AppData\Roaming\Code\User\globalStorage\vexrobotics.vexcode\sdk\cpp\IQ2\IQ2_20231003_10_00_00/vexiq2/gcc/libs\libc_nano.a(lib_a-puts.o)
                0x20012f64                puts
 .text.srand    0x20012f74       0x48 c:\Users\alexa\AppData\Roaming\Code\User\globalStorage\vexrobotics.vexcode\sdk\cpp\IQ2\IQ2_20231003_10_00_00/vexiq2/gcc/libs\libc_nano.a(lib_a-rand.o)
                0x20012f74                srand
 .text.rand     0x20012fbc       0x68 c:\Users\alexa\AppData\Roaming\Code\User\globalStorage\vexrobotics.vexcode\sdk\cpp\IQ2\IQ2_20231003_10_00_00/vexiq2/gcc/libs\libc_nano.a(lib_a-rand.o)
                0x20012fbc                rand
 .text._sbrk_r  0x20013024       0x20 c:\Users\alexa\AppData\Roaming\Code\User\globalStorage\vexrobotics.vexcode\sdk\cpp\IQ2\IQ2_20231003_10_00_00/vexiq2/gcc/libs\libc_nano.a(lib_a-sbrkr.o)
                0x20013024                _sbrk_r
 .text.__sread  0x20013044       0x22 c:\Users\alexa\AppData\Roaming\Code\User\globalStorage\vexrobotics.vexcode\sdk\cpp\IQ2\IQ2_20231003_10_00_00/vexiq2/gcc/libs\libc_nano.a(lib_a-stdio.o)
                0x20013044                __sread
 .text.__swrite
                0x20013066       0x38 c:\Users\alexa\AppData\Roaming\Code\User\globalStorage\vexrobotics.vexcode\sdk\cpp\IQ2\IQ2_20231003_10_00_00/vexiq2/gcc/libs\libc_nano.a(lib_a-stdio.o)
                0x20013066                __swrite
 .text.__sseek  0x2001309e       0x24 c:\Users\alexa\AppData\Roaming\Code\User\globalStorage\vexrobotics.vexcode\sdk\cpp\IQ2\IQ2_20231003_10_00_00/vexiq2/gcc/libs\libc_nano.a(lib_a-stdio.o)
                0x2001309e                __sseek
 .text.__sclose
                0x200130c2        0x8 c:\Users\alexa\AppData\Roaming\Code\User\globalStorage\vexrobotics.vexcode\sdk\cpp\IQ2\IQ2_20231003_10_00_00/vexiq2/gcc/libs\libc_nano.a(lib_a-stdio.o)
                0x200130c2                __sclose
 *fill*         0x200130ca        0x2 
 .text.time     0x200130cc       0x34 c:\Users\alexa\AppData\Roaming\Code\User\globalStorage\vexrobotics.vexcode\sdk\cpp\IQ2\IQ2_20231003_10_00_00/vexiq2/gcc/libs\libc_nano.a(lib_a-time.o)
                0x200130cc                time
 .text.__swbuf_r
                0x20013100       0xa4 c:\Users\alexa\AppData\Roaming\Code\User\globalStorage\vexrobotics.vexcode\sdk\cpp\IQ2\IQ2_20231003_10_00_00/vexiq2/gcc/libs\libc_nano.a(lib_a-wbuf.o)
                0x20013100                __swbuf_r
 .text._write_r
                0x200131a4       0x24 c:\Users\alexa\AppData\Roaming\Code\User\globalStorage\vexrobotics.vexcode\sdk\cpp\IQ2\IQ2_20231003_10_00_00/vexiq2/gcc/libs\libc_nano.a(lib_a-writer.o)
                0x200131a4                _write_r
 .text.__swsetup_r
                0x200131c8       0xdc c:\Users\alexa\AppData\Roaming\Code\User\globalStorage\vexrobotics.vexcode\sdk\cpp\IQ2\IQ2_20231003_10_00_00/vexiq2/gcc/libs\libc_nano.a(lib_a-wsetup.o)
                0x200131c8                __swsetup_r
 .text._close_r
                0x200132a4       0x20 c:\Users\alexa\AppData\Roaming\Code\User\globalStorage\vexrobotics.vexcode\sdk\cpp\IQ2\IQ2_20231003_10_00_00/vexiq2/gcc/libs\libc_nano.a(lib_a-closer.o)
                0x200132a4                _close_r
 .text._fstat_r
                0x200132c4       0x24 c:\Users\alexa\AppData\Roaming\Code\User\globalStorage\vexrobotics.vexcode\sdk\cpp\IQ2\IQ2_20231003_10_00_00/vexiq2/gcc/libs\libc_nano.a(lib_a-fstatr.o)
                0x200132c4                _fstat_r
 .text._gettimeofday_r
                0x200132e8       0x24 c:\Users\alexa\AppData\Roaming\Code\User\globalStorage\vexrobotics.vexcode\sdk\cpp\IQ2\IQ2_20231003_10_00_00/vexiq2/gcc/libs\libc_nano.a(lib_a-gettimeofdayr.o)
                0x200132e8                _gettimeofday_r
 .text._isatty_r
                0x2001330c       0x20 c:\Users\alexa\AppData\Roaming\Code\User\globalStorage\vexrobotics.vexcode\sdk\cpp\IQ2\IQ2_20231003_10_00_00/vexiq2/gcc/libs\libc_nano.a(lib_a-isattyr.o)
                0x2001330c                _isatty_r
 .text._lseek_r
                0x2001332c       0x24 c:\Users\alexa\AppData\Roaming\Code\User\globalStorage\vexrobotics.vexcode\sdk\cpp\IQ2\IQ2_20231003_10_00_00/vexiq2/gcc/libs\libc_nano.a(lib_a-lseekr.o)
                0x2001332c                _lseek_r
 .text.malloc   0x20013350       0x10 c:\Users\alexa\AppData\Roaming\Code\User\globalStorage\vexrobotics.vexcode\sdk\cpp\IQ2\IQ2_20231003_10_00_00/vexiq2/gcc/libs\libc_nano.a(lib_a-malloc.o)
                0x20013350                malloc
 .text.free     0x20013360       0x10 c:\Users\alexa\AppData\Roaming\Code\User\globalStorage\vexrobotics.vexcode\sdk\cpp\IQ2\IQ2_20231003_10_00_00/vexiq2/gcc/libs\libc_nano.a(lib_a-malloc.o)
                0x20013360                free
 .text.__malloc_lock
                0x20013370        0x2 c:\Users\alexa\AppData\Roaming\Code\User\globalStorage\vexrobotics.vexcode\sdk\cpp\IQ2\IQ2_20231003_10_00_00/vexiq2/gcc/libs\libc_nano.a(lib_a-mlock.o)
                0x20013370                __malloc_lock
 .text.__malloc_unlock
                0x20013372        0x2 c:\Users\alexa\AppData\Roaming\Code\User\globalStorage\vexrobotics.vexcode\sdk\cpp\IQ2\IQ2_20231003_10_00_00/vexiq2/gcc/libs\libc_nano.a(lib_a-mlock.o)
                0x20013372                __malloc_unlock
 .text._putc_r  0x20013374       0x6c c:\Users\alexa\AppData\Roaming\Code\User\globalStorage\vexrobotics.vexcode\sdk\cpp\IQ2\IQ2_20231003_10_00_00/vexiq2/gcc/libs\libc_nano.a(lib_a-putc.o)
                0x20013374                _putc_r
 .text._read_r  0x200133e0       0x24 c:\Users\alexa\AppData\Roaming\Code\User\globalStorage\vexrobotics.vexcode\sdk\cpp\IQ2\IQ2_20231003_10_00_00/vexiq2/gcc/libs\libc_nano.a(lib_a-readr.o)
                0x200133e0                _read_r
 .text._ZdlPv   0x20013404        0x4 c:\Users\alexa\AppData\Roaming\Code\User\globalStorage\vexrobotics.vexcode\sdk\cpp\IQ2\IQ2_20231003_10_00_00/vexiq2/gcc/libs\libstdc++_nano.a(del_op.o)
                0x20013404                operator delete(void*)
 .text._Znwj    0x20013408       0x22 c:\Users\alexa\AppData\Roaming\Code\User\globalStorage\vexrobotics.vexcode\sdk\cpp\IQ2\IQ2_20231003_10_00_00/vexiq2/gcc/libs\libstdc++_nano.a(new_op.o)
                0x20013408                operator new(unsigned int)
 *fill*         0x2001342a        0x2 
 .text._ZSt15get_new_handlerv
                0x2001342c       0x10 c:\Users\alexa\AppData\Roaming\Code\User\globalStorage\vexrobotics.vexcode\sdk\cpp\IQ2\IQ2_20231003_10_00_00/vexiq2/gcc/libs\libstdc++_nano.a(new_handler.o)
                0x2001342c                std::get_new_handler()
 .text.cosf     0x2001343c       0x90 c:\Users\alexa\AppData\Roaming\Code\User\globalStorage\vexrobotics.vexcode\sdk\cpp\IQ2\IQ2_20231003_10_00_00/vexiq2/gcc/libs\libm.a(lib_a-sf_cos.o)
                0x2001343c                cosf
 .text.sinf     0x200134cc       0x94 c:\Users\alexa\AppData\Roaming\Code\User\globalStorage\vexrobotics.vexcode\sdk\cpp\IQ2\IQ2_20231003_10_00_00/vexiq2/gcc/libs\libm.a(lib_a-sf_sin.o)
                0x200134cc                sinf
 .text.fmod     0x20013560       0xd0 c:\Users\alexa\AppData\Roaming\Code\User\globalStorage\vexrobotics.vexcode\sdk\cpp\IQ2\IQ2_20231003_10_00_00/vexiq2/gcc/libs\libm.a(lib_a-w_fmod.o)
                0x20013560                fmod
 .text.pow      0x20013630      0x338 c:\Users\alexa\AppData\Roaming\Code\User\globalStorage\vexrobotics.vexcode\sdk\cpp\IQ2\IQ2_20231003_10_00_00/vexiq2/gcc/libs\libm.a(lib_a-w_pow.o)
                0x20013630                pow
 .text.sqrt     0x20013968       0xb8 c:\Users\alexa\AppData\Roaming\Code\User\globalStorage\vexrobotics.vexcode\sdk\cpp\IQ2\IQ2_20231003_10_00_00/vexiq2/gcc/libs\libm.a(lib_a-w_sqrt.o)
                0x20013968                sqrt
 .text.atan2f   0x20013a20        0x4 c:\Users\alexa\AppData\Roaming\Code\User\globalStorage\vexrobotics.vexcode\sdk\cpp\IQ2\IQ2_20231003_10_00_00/vexiq2/gcc/libs\libm.a(lib_a-wf_atan2.o)
                0x20013a20                atan2f
 .text.__ieee754_fmod
                0x20013a24      0x248 c:\Users\alexa\AppData\Roaming\Code\User\globalStorage\vexrobotics.vexcode\sdk\cpp\IQ2\IQ2_20231003_10_00_00/vexiq2/gcc/libs\libm.a(lib_a-e_fmod.o)
                0x20013a24                __ieee754_fmod
 *fill*         0x20013c6c        0x4 
 .text.__ieee754_pow
                0x20013c70      0xab8 c:\Users\alexa\AppData\Roaming\Code\User\globalStorage\vexrobotics.vexcode\sdk\cpp\IQ2\IQ2_20231003_10_00_00/vexiq2/gcc/libs\libm.a(lib_a-e_pow.o)
                0x20013c70                __ieee754_pow
 .text.__ieee754_sqrt
                0x20014728      0x194 c:\Users\alexa\AppData\Roaming\Code\User\globalStorage\vexrobotics.vexcode\sdk\cpp\IQ2\IQ2_20231003_10_00_00/vexiq2/gcc/libs\libm.a(lib_a-e_sqrt.o)
                0x20014728                __ieee754_sqrt
 .text.__ieee754_atan2f
                0x200148bc      0x17c c:\Users\alexa\AppData\Roaming\Code\User\globalStorage\vexrobotics.vexcode\sdk\cpp\IQ2\IQ2_20231003_10_00_00/vexiq2/gcc/libs\libm.a(lib_a-ef_atan2.o)
                0x200148bc                __ieee754_atan2f
 .text.__ieee754_rem_pio2f
                0x20014a38      0x298 c:\Users\alexa\AppData\Roaming\Code\User\globalStorage\vexrobotics.vexcode\sdk\cpp\IQ2\IQ2_20231003_10_00_00/vexiq2/gcc/libs\libm.a(lib_a-ef_rem_pio2.o)
                0x20014a38                __ieee754_rem_pio2f
 .text.__kernel_cosf
                0x20014cd0      0x104 c:\Users\alexa\AppData\Roaming\Code\User\globalStorage\vexrobotics.vexcode\sdk\cpp\IQ2\IQ2_20231003_10_00_00/vexiq2/gcc/libs\libm.a(lib_a-kf_cos.o)
                0x20014cd0                __kernel_cosf
 .text.__kernel_rem_pio2f
                0x20014dd4      0x650 c:\Users\alexa\AppData\Roaming\Code\User\globalStorage\vexrobotics.vexcode\sdk\cpp\IQ2\IQ2_20231003_10_00_00/vexiq2/gcc/libs\libm.a(lib_a-kf_rem_pio2.o)
                0x20014dd4                __kernel_rem_pio2f
 .text.__kernel_sinf
                0x20015424       0x90 c:\Users\alexa\AppData\Roaming\Code\User\globalStorage\vexrobotics.vexcode\sdk\cpp\IQ2\IQ2_20231003_10_00_00/vexiq2/gcc/libs\libm.a(lib_a-kf_sin.o)
                0x20015424                __kernel_sinf
 .text.fabs     0x200154b4       0x14 c:\Users\alexa\AppData\Roaming\Code\User\globalStorage\vexrobotics.vexcode\sdk\cpp\IQ2\IQ2_20231003_10_00_00/vexiq2/gcc/libs\libm.a(lib_a-s_fabs.o)
                0x200154b4                fabs
 .text.finite   0x200154c8       0x10 c:\Users\alexa\AppData\Roaming\Code\User\globalStorage\vexrobotics.vexcode\sdk\cpp\IQ2\IQ2_20231003_10_00_00/vexiq2/gcc/libs\libm.a(lib_a-s_finite.o)
                0x200154c8                finite
 .text.matherr  0x200154d8        0x4 c:\Users\alexa\AppData\Roaming\Code\User\globalStorage\vexrobotics.vexcode\sdk\cpp\IQ2\IQ2_20231003_10_00_00/vexiq2/gcc/libs\libm.a(lib_a-s_matherr.o)
                0x200154d8                matherr
 *fill*         0x200154dc        0x4 
 .text.nan      0x200154e0       0x10 c:\Users\alexa\AppData\Roaming\Code\User\globalStorage\vexrobotics.vexcode\sdk\cpp\IQ2\IQ2_20231003_10_00_00/vexiq2/gcc/libs\libm.a(lib_a-s_nan.o)
                0x200154e0                nan
 .text.rint     0x200154f0      0x110 c:\Users\alexa\AppData\Roaming\Code\User\globalStorage\vexrobotics.vexcode\sdk\cpp\IQ2\IQ2_20231003_10_00_00/vexiq2/gcc/libs\libm.a(lib_a-s_rint.o)
                0x200154f0                rint
 .text.scalbn   0x20015600      0x114 c:\Users\alexa\AppData\Roaming\Code\User\globalStorage\vexrobotics.vexcode\sdk\cpp\IQ2\IQ2_20231003_10_00_00/vexiq2/gcc/libs\libm.a(lib_a-s_scalbn.o)
                0x20015600                scalbn
 .text.atanf    0x20015714      0x1a4 c:\Users\alexa\AppData\Roaming\Code\User\globalStorage\vexrobotics.vexcode\sdk\cpp\IQ2\IQ2_20231003_10_00_00/vexiq2/gcc/libs\libm.a(lib_a-sf_atan.o)
                0x20015714                atanf
 .text.fabsf    0x200158b8       0x10 c:\Users\alexa\AppData\Roaming\Code\User\globalStorage\vexrobotics.vexcode\sdk\cpp\IQ2\IQ2_20231003_10_00_00/vexiq2/gcc/libs\libm.a(lib_a-sf_fabs.o)
                0x200158b8                fabsf
 .text.floorf   0x200158c8       0x8c c:\Users\alexa\AppData\Roaming\Code\User\globalStorage\vexrobotics.vexcode\sdk\cpp\IQ2\IQ2_20231003_10_00_00/vexiq2/gcc/libs\libm.a(lib_a-sf_floor.o)
                0x200158c8                floorf
 .text.scalbnf  0x20015954       0xd0 c:\Users\alexa\AppData\Roaming\Code\User\globalStorage\vexrobotics.vexcode\sdk\cpp\IQ2\IQ2_20231003_10_00_00/vexiq2/gcc/libs\libm.a(lib_a-sf_scalbn.o)
                0x20015954                scalbnf
 .text.copysign
                0x20015a24       0x1c c:\Users\alexa\AppData\Roaming\Code\User\globalStorage\vexrobotics.vexcode\sdk\cpp\IQ2\IQ2_20231003_10_00_00/vexiq2/gcc/libs\libm.a(lib_a-s_copysign.o)
                0x20015a24                copysign
 .text.copysignf
                0x20015a40       0x18 c:\Users\alexa\AppData\Roaming\Code\User\globalStorage\vexrobotics.vexcode\sdk\cpp\IQ2\IQ2_20231003_10_00_00/vexiq2/gcc/libs\libm.a(lib_a-sf_copysign.o)
                0x20015a40                copysignf
 .text.__errno  0x20015a58        0xc c:\Users\alexa\AppData\Roaming\Code\User\globalStorage\vexrobotics.vexcode\sdk\cpp\IQ2\IQ2_20231003_10_00_00/vexiq2\libviq2rt.a(iq2_fstubs.c.o)
                0x20015a58                __errno
 .text._fstat   0x20015a64       0x1e c:\Users\alexa\AppData\Roaming\Code\User\globalStorage\vexrobotics.vexcode\sdk\cpp\IQ2\IQ2_20231003_10_00_00/vexiq2\libviq2rt.a(iq2_fstubs.c.o)
                0x20015a64                _fstat
 .text._lseek   0x20015a82       0x1c c:\Users\alexa\AppData\Roaming\Code\User\globalStorage\vexrobotics.vexcode\sdk\cpp\IQ2\IQ2_20231003_10_00_00/vexiq2\libviq2rt.a(iq2_fstubs.c.o)
                0x20015a82                _lseek
 .text._close   0x20015a9e       0x14 c:\Users\alexa\AppData\Roaming\Code\User\globalStorage\vexrobotics.vexcode\sdk\cpp\IQ2\IQ2_20231003_10_00_00/vexiq2\libviq2rt.a(iq2_fstubs.c.o)
                0x20015a9e                _close
 .text._read    0x20015ab2       0x1c c:\Users\alexa\AppData\Roaming\Code\User\globalStorage\vexrobotics.vexcode\sdk\cpp\IQ2\IQ2_20231003_10_00_00/vexiq2\libviq2rt.a(iq2_fstubs.c.o)
                0x20015ab2                _read
 .text._write   0x20015ace       0x28 c:\Users\alexa\AppData\Roaming\Code\User\globalStorage\vexrobotics.vexcode\sdk\cpp\IQ2\IQ2_20231003_10_00_00/vexiq2\libviq2rt.a(iq2_fstubs.c.o)
                0x20015ace                _write
 .text._isatty  0x20015af6       0x14 c:\Users\alexa\AppData\Roaming\Code\User\globalStorage\vexrobotics.vexcode\sdk\cpp\IQ2\IQ2_20231003_10_00_00/vexiq2\libviq2rt.a(iq2_fstubs.c.o)
                0x20015af6                _isatty
 .text._gettimeofday
                0x20015b0a       0x1e c:\Users\alexa\AppData\Roaming\Code\User\globalStorage\vexrobotics.vexcode\sdk\cpp\IQ2\IQ2_20231003_10_00_00/vexiq2\libviq2rt.a(iq2_fstubs.c.o)
                0x20015b0a                _gettimeofday
 .text.abort    0x20015b28        0xe c:\Users\alexa\AppData\Roaming\Code\User\globalStorage\vexrobotics.vexcode\sdk\cpp\IQ2\IQ2_20231003_10_00_00/vexiq2/gcc/libs\libc_nano.a(lib_a-abort.o)
                0x20015b28                abort
 .text._raise_r
                0x20015b36       0x50 c:\Users\alexa\AppData\Roaming\Code\User\globalStorage\vexrobotics.vexcode\sdk\cpp\IQ2\IQ2_20231003_10_00_00/vexiq2/gcc/libs\libc_nano.a(lib_a-signal.o)
                0x20015b36                _raise_r
 *fill*         0x20015b86        0x2 
 .text.raise    0x20015b88       0x10 c:\Users\alexa\AppData\Roaming\Code\User\globalStorage\vexrobotics.vexcode\sdk\cpp\IQ2\IQ2_20231003_10_00_00/vexiq2/gcc/libs\libc_nano.a(lib_a-signal.o)
                0x20015b88                raise
 .text._kill_r  0x20015b98       0x24 c:\Users\alexa\AppData\Roaming\Code\User\globalStorage\vexrobotics.vexcode\sdk\cpp\IQ2\IQ2_20231003_10_00_00/vexiq2/gcc/libs\libc_nano.a(lib_a-signalr.o)
                0x20015b98                _kill_r
 .text._getpid_r
                0x20015bbc        0x4 c:\Users\alexa\AppData\Roaming\Code\User\globalStorage\vexrobotics.vexcode\sdk\cpp\IQ2\IQ2_20231003_10_00_00/vexiq2/gcc/libs\libc_nano.a(lib_a-signalr.o)
                0x20015bbc                _getpid_r
 *(.gnu.linkonce.t.*)
 *(.plt)
 *(.gnu_warning)
 *(.gcc_except_table)
 *(.glue_7)
 .glue_7        0x00000000        0x0 linker stubs
 *(.glue_7t)
 .glue_7t       0x00000000        0x0 linker stubs
 *(.vfp11_veneer)
 .vfp11_veneer  0x00000000        0x0 linker stubs
 *(.ARM.extab)
 *(.gnu.linkonce.armextab.*)

.v4_bx          0x20015bc0        0x0
 .v4_bx         0x00000000        0x0 linker stubs

.iplt           0x20015bc0        0x0
 .iplt          0x00000000        0x0 build/src/main.o

.init
 *(.init)

.fini
 *(.fini)

.rodata         0x20015bc0      0x5d0
                0x20015bc0                __rodata_start = .
 *(.rodata)
 *(.rodata.*)
 .rodata.str1.1
                0x20015bc0       0x46 build/src/localisation/FSM.o
 .rodata.str1.1
                0x20015c06       0x22 c:\Users\alexa\AppData\Roaming\Code\User\globalStorage\vexrobotics.vexcode\sdk\cpp\IQ2\IQ2_20231003_10_00_00/vexiq2\libviq2rt.a(iq2_startup.c.o)
 .rodata._ZN3vex5PORT1E
                0x20015c28        0x4 c:\Users\alexa\AppData\Roaming\Code\User\globalStorage\vexrobotics.vexcode\sdk\cpp\IQ2\IQ2_20231003_10_00_00/vexiq2\libviq2rt.a(vex_global.cpp.o)
                0x20015c28                vex::PORT1
 .rodata._ZN3vex7reverseE
                0x20015c2c        0x4 c:\Users\alexa\AppData\Roaming\Code\User\globalStorage\vexrobotics.vexcode\sdk\cpp\IQ2\IQ2_20231003_10_00_00/vexiq2\libviq2rt.a(vex_global.cpp.o)
                0x20015c2c                vex::reverse
 .rodata._ZN3vex7forwardE
                0x20015c30        0x4 c:\Users\alexa\AppData\Roaming\Code\User\globalStorage\vexrobotics.vexcode\sdk\cpp\IQ2\IQ2_20231003_10_00_00/vexiq2\libviq2rt.a(vex_global.cpp.o)
                0x20015c30                vex::forward
 .rodata._ZN3vex4msecE
                0x20015c34        0x4 c:\Users\alexa\AppData\Roaming\Code\User\globalStorage\vexrobotics.vexcode\sdk\cpp\IQ2\IQ2_20231003_10_00_00/vexiq2\libviq2rt.a(vex_global.cpp.o)
                0x20015c34                vex::msec
 .rodata._ZN3vex7percentE
                0x20015c38        0x4 c:\Users\alexa\AppData\Roaming\Code\User\globalStorage\vexrobotics.vexcode\sdk\cpp\IQ2\IQ2_20231003_10_00_00/vexiq2\libviq2rt.a(vex_global.cpp.o)
                0x20015c38                vex::percent
 .rodata._ZN3vex7degreesE
                0x20015c3c        0x4 c:\Users\alexa\AppData\Roaming\Code\User\globalStorage\vexrobotics.vexcode\sdk\cpp\IQ2\IQ2_20231003_10_00_00/vexiq2\libviq2rt.a(vex_global.cpp.o)
                0x20015c3c                vex::degrees
 .rodata._ZN3vex4holdE
                0x20015c40        0x4 c:\Users\alexa\AppData\Roaming\Code\User\globalStorage\vexrobotics.vexcode\sdk\cpp\IQ2\IQ2_20231003_10_00_00/vexiq2\libviq2rt.a(vex_global.cpp.o)
                0x20015c40                vex::hold
 .rodata._ZN3vex6PORT12E
                0x20015c44        0x4 c:\Users\alexa\AppData\Roaming\Code\User\globalStorage\vexrobotics.vexcode\sdk\cpp\IQ2\IQ2_20231003_10_00_00/vexiq2\libviq2rt.a(vex_global.cpp.o)
                0x20015c44                vex::PORT12
 .rodata._ZN3vex5PORT7E
                0x20015c48        0x4 c:\Users\alexa\AppData\Roaming\Code\User\globalStorage\vexrobotics.vexcode\sdk\cpp\IQ2\IQ2_20231003_10_00_00/vexiq2\libviq2rt.a(vex_global.cpp.o)
                0x20015c48                vex::PORT7
 .rodata._ZN3vex5brakeE
                0x20015c4c        0x4 c:\Users\alexa\AppData\Roaming\Code\User\globalStorage\vexrobotics.vexcode\sdk\cpp\IQ2\IQ2_20231003_10_00_00/vexiq2\libviq2rt.a(vex_global.cpp.o)
                0x20015c4c                vex::brake
 .rodata.str1.1
                0x20015c50       0x20 c:\Users\alexa\AppData\Roaming\Code\User\globalStorage\vexrobotics.vexcode\sdk\cpp\IQ2\IQ2_20231003_10_00_00/vexiq2\libviq2rt.a(vex_brain.cpp.o)
 .rodata._ZTVN3vex5motorE
                0x20015c70       0x10 c:\Users\alexa\AppData\Roaming\Code\User\globalStorage\vexrobotics.vexcode\sdk\cpp\IQ2\IQ2_20231003_10_00_00/vexiq2\libviq2rt.a(vex_motor.cpp.o)
                0x20015c70                vtable for vex::motor
 .rodata._ZTVN3vex6visionE
                0x20015c80       0x10 c:\Users\alexa\AppData\Roaming\Code\User\globalStorage\vexrobotics.vexcode\sdk\cpp\IQ2\IQ2_20231003_10_00_00/vexiq2\libviq2rt.a(vex_vision.cpp.o)
                0x20015c80                vtable for vex::vision
 .rodata._ZTVN3vex8inertialE
                0x20015c90       0x68 c:\Users\alexa\AppData\Roaming\Code\User\globalStorage\vexrobotics.vexcode\sdk\cpp\IQ2\IQ2_20231003_10_00_00/vexiq2\libviq2rt.a(vex_imu.cpp.o)
                0x20015c90                vtable for vex::inertial
 .rodata._ZTVN3vex6deviceE
                0x20015cf8       0x10 c:\Users\alexa\AppData\Roaming\Code\User\globalStorage\vexrobotics.vexcode\sdk\cpp\IQ2\IQ2_20231003_10_00_00/vexiq2\libviq2rt.a(vex_device.cpp.o)
                0x20015cf8                vtable for vex::device
 .rodata.__sf_fake_stderr
                0x20015d08       0x20 c:\Users\alexa\AppData\Roaming\Code\User\globalStorage\vexrobotics.vexcode\sdk\cpp\IQ2\IQ2_20231003_10_00_00/vexiq2/gcc/libs\libc_nano.a(lib_a-findfp.o)
                0x20015d08                __sf_fake_stderr
 .rodata.__sf_fake_stdin
                0x20015d28       0x20 c:\Users\alexa\AppData\Roaming\Code\User\globalStorage\vexrobotics.vexcode\sdk\cpp\IQ2\IQ2_20231003_10_00_00/vexiq2/gcc/libs\libc_nano.a(lib_a-findfp.o)
                0x20015d28                __sf_fake_stdin
 .rodata.__sf_fake_stdout
                0x20015d48       0x20 c:\Users\alexa\AppData\Roaming\Code\User\globalStorage\vexrobotics.vexcode\sdk\cpp\IQ2\IQ2_20231003_10_00_00/vexiq2/gcc/libs\libc_nano.a(lib_a-findfp.o)
                0x20015d48                __sf_fake_stdout
 .rodata._global_impure_ptr
                0x20015d68        0x4 c:\Users\alexa\AppData\Roaming\Code\User\globalStorage\vexrobotics.vexcode\sdk\cpp\IQ2\IQ2_20231003_10_00_00/vexiq2/gcc/libs\libc_nano.a(lib_a-impure.o)
                0x20015d68                _global_impure_ptr
 .rodata.fmod.str1.4
                0x20015d6c        0x5 c:\Users\alexa\AppData\Roaming\Code\User\globalStorage\vexrobotics.vexcode\sdk\cpp\IQ2\IQ2_20231003_10_00_00/vexiq2/gcc/libs\libm.a(lib_a-w_fmod.o)
 *fill*         0x20015d71        0x3 
 .rodata.pow.str1.4
                0x20015d74        0x4 c:\Users\alexa\AppData\Roaming\Code\User\globalStorage\vexrobotics.vexcode\sdk\cpp\IQ2\IQ2_20231003_10_00_00/vexiq2/gcc/libs\libm.a(lib_a-w_pow.o)
 .rodata.sqrt.str1.4
                0x20015d78        0x5 c:\Users\alexa\AppData\Roaming\Code\User\globalStorage\vexrobotics.vexcode\sdk\cpp\IQ2\IQ2_20231003_10_00_00/vexiq2/gcc/libs\libm.a(lib_a-w_sqrt.o)
 *fill*         0x20015d7d        0x3 
 .rodata.Zero   0x20015d80       0x10 c:\Users\alexa\AppData\Roaming\Code\User\globalStorage\vexrobotics.vexcode\sdk\cpp\IQ2\IQ2_20231003_10_00_00/vexiq2/gcc/libs\libm.a(lib_a-e_fmod.o)
 .rodata.__ieee754_pow.str1.4
                0x00000000        0x8 c:\Users\alexa\AppData\Roaming\Code\User\globalStorage\vexrobotics.vexcode\sdk\cpp\IQ2\IQ2_20231003_10_00_00/vexiq2/gcc/libs\libm.a(lib_a-e_pow.o)
                                  0x1 (size before relaxing)
 .rodata.npio2_hw
                0x20015d90       0x80 c:\Users\alexa\AppData\Roaming\Code\User\globalStorage\vexrobotics.vexcode\sdk\cpp\IQ2\IQ2_20231003_10_00_00/vexiq2/gcc/libs\libm.a(lib_a-ef_rem_pio2.o)
 .rodata.two_over_pi
                0x20015e10      0x318 c:\Users\alexa\AppData\Roaming\Code\User\globalStorage\vexrobotics.vexcode\sdk\cpp\IQ2\IQ2_20231003_10_00_00/vexiq2/gcc/libs\libm.a(lib_a-ef_rem_pio2.o)
 .rodata.PIo2   0x20016128       0x2c c:\Users\alexa\AppData\Roaming\Code\User\globalStorage\vexrobotics.vexcode\sdk\cpp\IQ2\IQ2_20231003_10_00_00/vexiq2/gcc/libs\libm.a(lib_a-kf_rem_pio2.o)
 .rodata.init_jk
                0x20016154        0xc c:\Users\alexa\AppData\Roaming\Code\User\globalStorage\vexrobotics.vexcode\sdk\cpp\IQ2\IQ2_20231003_10_00_00/vexiq2/gcc/libs\libm.a(lib_a-kf_rem_pio2.o)
 .rodata.TWO52  0x20016160       0x10 c:\Users\alexa\AppData\Roaming\Code\User\globalStorage\vexrobotics.vexcode\sdk\cpp\IQ2\IQ2_20231003_10_00_00/vexiq2/gcc/libs\libm.a(lib_a-s_rint.o)
 .rodata.atanhi
                0x20016170       0x10 c:\Users\alexa\AppData\Roaming\Code\User\globalStorage\vexrobotics.vexcode\sdk\cpp\IQ2\IQ2_20231003_10_00_00/vexiq2/gcc/libs\libm.a(lib_a-sf_atan.o)
 .rodata.atanlo
                0x20016180       0x10 c:\Users\alexa\AppData\Roaming\Code\User\globalStorage\vexrobotics.vexcode\sdk\cpp\IQ2\IQ2_20231003_10_00_00/vexiq2/gcc/libs\libm.a(lib_a-sf_atan.o)
 *(.gnu.linkonce.r.*)
                0x20016190                __rodata_end = .

.rodata1        0x20016190        0x0
                0x20016190                __rodata1_start = .
 *(.rodata1)
 *(.rodata1.*)
                0x20016190                __rodata1_end = .

.sdata2         0x20016190        0x0
                0x20016190                __sdata2_start = .
 *(.sdata2)
 *(.sdata2.*)
 *(.gnu.linkonce.s2.*)
                0x20016190                __sdata2_end = .

.sbss2          0x20016190        0x0
                0x20016190                __sbss2_start = .
 *(.sbss2)
 *(.sbss2.*)
 *(.gnu.linkonce.sb2.*)
                0x20016190                __sbss2_end = .

.data           0x20016190       0x69
                0x20016190                __data_start = .
                0x20016190                __data_load = .
 *(.data)
 *(.data.*)
 .data._ZN3vex24__default_motor_velocityE
                0x20016190        0x4 c:\Users\alexa\AppData\Roaming\Code\User\globalStorage\vexrobotics.vexcode\sdk\cpp\IQ2\IQ2_20231003_10_00_00/vexiq2\libviq2rt.a(vex_motor.cpp.o)
                0x20016190                vex::__default_motor_velocity
 .data._impure_ptr
                0x20016194        0x4 c:\Users\alexa\AppData\Roaming\Code\User\globalStorage\vexrobotics.vexcode\sdk\cpp\IQ2\IQ2_20231003_10_00_00/vexiq2/gcc/libs\libc_nano.a(lib_a-impure.o)
                0x20016194                _impure_ptr
 .data.impure_data
                0x20016198       0x60 c:\Users\alexa\AppData\Roaming\Code\User\globalStorage\vexrobotics.vexcode\sdk\cpp\IQ2\IQ2_20231003_10_00_00/vexiq2/gcc/libs\libc_nano.a(lib_a-impure.o)
 .data.__fdlib_version
                0x200161f8        0x1 c:\Users\alexa\AppData\Roaming\Code\User\globalStorage\vexrobotics.vexcode\sdk\cpp\IQ2\IQ2_20231003_10_00_00/vexiq2/gcc/libs\libm.a(lib_a-s_lib_ver.o)
                0x200161f8                __fdlib_version
 *(.gnu.linkonce.d.*)
 *(.jcr)
 *(.got)
 *(.got.plt)
                0x200161f9                __data_end = .

.igot.plt       0x200161fc        0x0
 .igot.plt      0x00000000        0x0 build/src/main.o

.data1          0x200161f9        0x0
                0x200161f9                __data1_start = .
                0x200161f9                __data1_load = .
 *(.data1)
 *(.data1.*)
                0x200161f9                __data1_end = .

.got
 *(.got)

.ctors          0x200161f9        0x0
                0x200161f9                __CTOR_LIST__ = .
                0x200161f9                ___CTORS_LIST___ = .
 *crtbegin.o(.ctors)
 *(EXCLUDE_FILE(*crtend.o) .ctors)
 *(SORT(.ctors.*))
 *(.ctors)
                0x200161f9                __CTOR_END__ = .
                0x200161f9                ___CTORS_END___ = .

.dtors          0x200161f9        0x0
                0x200161f9                __DTOR_LIST__ = .
                0x200161f9                ___DTORS_LIST___ = .
 *crtbegin.o(.dtors)
 *(EXCLUDE_FILE(*crtend.o) .dtors)
 *(SORT(.dtors.*))
 *(.dtors)
                0x200161f9                __DTOR_END__ = .
                0x200161f9                ___DTORS_END___ = .

.fixup          0x200161f9        0x0
                0x200161f9                __fixup_start = .
 *(.fixup)
                0x200161f9                __fixup_end = .

.eh_frame
 *(.eh_frame)

.eh_framehdr    0x200161f9        0x0
                0x200161f9                __eh_framehdr_start = .
 *(.eh_framehdr)
                0x200161f9                __eh_framehdr_end = .

.gcc_except_table
 *(.gcc_except_table)

.mmu_tbl        0x20018000        0x0
                0x20018000                __mmu_tbl_start = .
 *(.mmu_tbl)
                0x20018000                __mmu_tbl_end = .

.ARM.exidx      0x200161fc        0x8
                0x200161fc                __exidx_start = .
 *(.ARM.exidx*)
 .ARM.exidx.text.main
                0x200161fc        0x8 build/src/main.o
 .ARM.exidx.text._GLOBAL__sub_I_main.cpp
                0x20016204        0x0 build/src/main.o
                                  0x8 (size before relaxing)
 .ARM.exidx.text._ZN8OdometryC2ERN3vex5motorES2_RNS0_8inertialE
                0x20016204        0x0 build/src/localisation/odometry.o
                                  0x8 (size before relaxing)
 .ARM.exidx.text._ZN8Odometry10initializeEv
                0x20016204        0x0 build/src/localisation/odometry.o
                                  0x8 (size before relaxing)
 .ARM.exidx.text._ZN8Odometry6updateEv
                0x20016204        0x0 build/src/localisation/odometry.o
                                  0x8 (size before relaxing)
 .ARM.exidx.text._ZN8Odometry17degreesToDistanceEf
                0x20016204        0x0 build/src/localisation/odometry.o
                                  0x8 (size before relaxing)
 .ARM.exidx.text._ZN8Odometry4getXEv
                0x20016204        0x0 build/src/localisation/odometry.o
                                  0x8 (size before relaxing)
 .ARM.exidx.text._ZN8Odometry4getYEv
                0x20016204        0x0 build/src/localisation/odometry.o
                                  0x8 (size before relaxing)
 .ARM.exidx.text._ZN5robotC2Ev
                0x20016204        0x0 build/src/localisation/robot.o
                                  0x8 (size before relaxing)
 .ARM.exidx.text._ZN5robot5startEv
                0x20016204        0x0 build/src/localisation/robot.o
                                  0x8 (size before relaxing)
 .ARM.exidx.text._ZN5robot10initializeEv
                0x20016204        0x0 build/src/localisation/robot.o
                                  0x8 (size before relaxing)
 .ARM.exidx.text._ZN5robot12getleftDriveEv
                0x20016204        0x0 build/src/localisation/robot.o
                                  0x8 (size before relaxing)
 .ARM.exidx.text._ZN5robot13getrightDriveEv
                0x20016204        0x0 build/src/localisation/robot.o
                                  0x8 (size before relaxing)
 .ARM.exidx.text._ZN5robot8getBrainEv
                0x20016204        0x0 build/src/localisation/robot.o
                                  0x8 (size before relaxing)
 .ARM.exidx.text._ZN5robot7getOdomEv
                0x20016204        0x0 build/src/localisation/robot.o
                                  0x8 (size before relaxing)
 .ARM.exidx.text._ZN5robot18getVisionSignatureEv
                0x20016204        0x0 build/src/localisation/robot.o
                                  0x8 (size before relaxing)
 .ARM.exidx.text._ZN3fsmC2Ev
                0x20016204        0x0 build/src/localisation/FSM.o
                                  0x8 (size before relaxing)
 .ARM.exidx.text._ZN3fsm14randomMovementERN3vex5motorES2_
                0x20016204        0x0 build/src/localisation/FSM.o
                                  0x8 (size before relaxing)
 .ARM.exidx.text._ZN3fsm9goTowardsERN3vex5motorES2_RNS0_6visionERNS3_9signatureE
                0x20016204        0x0 build/src/localisation/FSM.o
                                  0x8 (size before relaxing)
 .ARM.exidx.text._ZN3fsm6goBackERN3vex5motorES2_R5robot
                0x20016204        0x0 build/src/localisation/FSM.o
                                  0x8 (size before relaxing)
 .ARM.exidx.text._ZN3fsm11updateStateENS_5StateER5robotRN3vex5motorES5_
                0x20016204        0x0 build/src/localisation/FSM.o
                                  0x8 (size before relaxing)
 *(.gnu.linkonce.armexidix.*.*)
                0x20016204                __exidx_end = .

.rel.dyn        0x20016204        0x0
 .rel.iplt      0x00000000        0x0 build/src/main.o

.preinit_array  0x20016204        0x0
                0x20016204                __preinit_array_start = .
 *(SORT(.preinit_array.*))
 *(.preinit_array)
                0x20016204                __preinit_array_end = .

.init_array     0x20016204        0x8
                0x20016204                __init_array_start = .
 *(SORT(.init_array.*))
 *(.init_array)
 .init_array    0x20016204        0x4 build/src/main.o
 .init_array    0x20016208        0x4 c:\Users\alexa\AppData\Roaming\Code\User\globalStorage\vexrobotics.vexcode\sdk\cpp\IQ2\IQ2_20231003_10_00_00/vexiq2\libviq2rt.a(vex_color.cpp.o)
                0x2001620c                __init_array_end = .

.fini_array     0x2001620c        0x0
                0x2001620c                __fini_array_start = .
 *(SORT(.fini_array.*))
 *(.fini_array)
                0x2001620c                __fini_array_end = .

.ARM.attributes
                0x2001620c       0x3d
                0x2001620c                __ARM.attributes_start = .
 *(.ARM.attributes)
 .ARM.attributes
                0x2001620c       0x49 build/src/main.o
 .ARM.attributes
                0x20016255       0x49 build/src/localisation/odometry.o
 .ARM.attributes
                0x2001629e       0x49 build/src/localisation/robot.o
 .ARM.attributes
                0x200162e7       0x49 build/src/localisation/FSM.o
 .ARM.attributes
                0x20016330       0x39 c:\Users\alexa\AppData\Roaming\Code\User\globalStorage\vexrobotics.vexcode\sdk\cpp\IQ2\IQ2_20231003_10_00_00/vexiq2\libviq2rt.a(iq2_startup.c.o)
 .ARM.attributes
                0x20016369       0x39 c:\Users\alexa\AppData\Roaming\Code\User\globalStorage\vexrobotics.vexcode\sdk\cpp\IQ2\IQ2_20231003_10_00_00/vexiq2\libviq2rt.a(iq2_apijump.c.o)
 .ARM.attributes
                0x200163a2       0x39 c:\Users\alexa\AppData\Roaming\Code\User\globalStorage\vexrobotics.vexcode\sdk\cpp\IQ2\IQ2_20231003_10_00_00/vexiq2\libviq2rt.a(vex_global.cpp.o)
 .ARM.attributes
                0x200163db       0x39 c:\Users\alexa\AppData\Roaming\Code\User\globalStorage\vexrobotics.vexcode\sdk\cpp\IQ2\IQ2_20231003_10_00_00/vexiq2\libviq2rt.a(vex_color.cpp.o)
 .ARM.attributes
                0x20016414       0x39 c:\Users\alexa\AppData\Roaming\Code\User\globalStorage\vexrobotics.vexcode\sdk\cpp\IQ2\IQ2_20231003_10_00_00/vexiq2\libviq2rt.a(vex_thread.cpp.o)
 .ARM.attributes
                0x2001644d       0x39 c:\Users\alexa\AppData\Roaming\Code\User\globalStorage\vexrobotics.vexcode\sdk\cpp\IQ2\IQ2_20231003_10_00_00/vexiq2\libviq2rt.a(vex_brain.cpp.o)
 .ARM.attributes
                0x20016486       0x39 c:\Users\alexa\AppData\Roaming\Code\User\globalStorage\vexrobotics.vexcode\sdk\cpp\IQ2\IQ2_20231003_10_00_00/vexiq2\libviq2rt.a(vex_timer.cpp.o)
 .ARM.attributes
                0x200164bf       0x39 c:\Users\alexa\AppData\Roaming\Code\User\globalStorage\vexrobotics.vexcode\sdk\cpp\IQ2\IQ2_20231003_10_00_00/vexiq2\libviq2rt.a(vex_motor.cpp.o)
 .ARM.attributes
                0x200164f8       0x39 c:\Users\alexa\AppData\Roaming\Code\User\globalStorage\vexrobotics.vexcode\sdk\cpp\IQ2\IQ2_20231003_10_00_00/vexiq2\libviq2rt.a(vex_vision.cpp.o)
 .ARM.attributes
                0x20016531       0x39 c:\Users\alexa\AppData\Roaming\Code\User\globalStorage\vexrobotics.vexcode\sdk\cpp\IQ2\IQ2_20231003_10_00_00/vexiq2\libviq2rt.a(vex_imu.cpp.o)
 .ARM.attributes
                0x2001656a       0x39 c:\Users\alexa\AppData\Roaming\Code\User\globalStorage\vexrobotics.vexcode\sdk\cpp\IQ2\IQ2_20231003_10_00_00/vexiq2\libviq2rt.a(vex_event.cpp.o)
 .ARM.attributes
                0x200165a3       0x39 c:\Users\alexa\AppData\Roaming\Code\User\globalStorage\vexrobotics.vexcode\sdk\cpp\IQ2\IQ2_20231003_10_00_00/vexiq2\libviq2rt.a(vex_device.cpp.o)
 .ARM.attributes
                0x200165dc       0x34 c:\Users\alexa\AppData\Roaming\Code\User\globalStorage\vexrobotics.vexcode\sdk\cpp\IQ2\IQ2_20231003_10_00_00/vexiq2/gcc/libs\libc_nano.a(lib_a-aeabi_atexit.o)
 .ARM.attributes
                0x20016610       0x34 c:\Users\alexa\AppData\Roaming\Code\User\globalStorage\vexrobotics.vexcode\sdk\cpp\IQ2\IQ2_20231003_10_00_00/vexiq2/gcc/libs\libc_nano.a(lib_a-aeabi_memclr.o)
 .ARM.attributes
                0x20016644       0x20 c:\Users\alexa\AppData\Roaming\Code\User\globalStorage\vexrobotics.vexcode\sdk\cpp\IQ2\IQ2_20231003_10_00_00/vexiq2/gcc/libs\libc_nano.a(lib_a-aeabi_memset-soft.o)
 .ARM.attributes
                0x20016664       0x34 c:\Users\alexa\AppData\Roaming\Code\User\globalStorage\vexrobotics.vexcode\sdk\cpp\IQ2\IQ2_20231003_10_00_00/vexiq2/gcc/libs\libc_nano.a(lib_a-fflush.o)
 .ARM.attributes
                0x20016698       0x34 c:\Users\alexa\AppData\Roaming\Code\User\globalStorage\vexrobotics.vexcode\sdk\cpp\IQ2\IQ2_20231003_10_00_00/vexiq2/gcc/libs\libc_nano.a(lib_a-findfp.o)
 .ARM.attributes
                0x200166cc       0x34 c:\Users\alexa\AppData\Roaming\Code\User\globalStorage\vexrobotics.vexcode\sdk\cpp\IQ2\IQ2_20231003_10_00_00/vexiq2/gcc/libs\libc_nano.a(lib_a-fwalk.o)
 .ARM.attributes
                0x20016700       0x34 c:\Users\alexa\AppData\Roaming\Code\User\globalStorage\vexrobotics.vexcode\sdk\cpp\IQ2\IQ2_20231003_10_00_00/vexiq2/gcc/libs\libc_nano.a(lib_a-impure.o)
 .ARM.attributes
                0x20016734       0x34 c:\Users\alexa\AppData\Roaming\Code\User\globalStorage\vexrobotics.vexcode\sdk\cpp\IQ2\IQ2_20231003_10_00_00/vexiq2/gcc/libs\libc_nano.a(lib_a-init.o)
 .ARM.attributes
                0x20016768       0x34 c:\Users\alexa\AppData\Roaming\Code\User\globalStorage\vexrobotics.vexcode\sdk\cpp\IQ2\IQ2_20231003_10_00_00/vexiq2/gcc/libs\libc_nano.a(lib_a-makebuf.o)
 .ARM.attributes
                0x2001679c       0x34 c:\Users\alexa\AppData\Roaming\Code\User\globalStorage\vexrobotics.vexcode\sdk\cpp\IQ2\IQ2_20231003_10_00_00/vexiq2/gcc/libs\libc_nano.a(lib_a-memset.o)
 .ARM.attributes
                0x200167d0       0x34 c:\Users\alexa\AppData\Roaming\Code\User\globalStorage\vexrobotics.vexcode\sdk\cpp\IQ2\IQ2_20231003_10_00_00/vexiq2/gcc/libs\libc_nano.a(lib_a-nano-freer.o)
 .ARM.attributes
                0x20016804       0x34 c:\Users\alexa\AppData\Roaming\Code\User\globalStorage\vexrobotics.vexcode\sdk\cpp\IQ2\IQ2_20231003_10_00_00/vexiq2/gcc/libs\libc_nano.a(lib_a-nano-mallocr.o)
 .ARM.attributes
                0x20016838       0x34 c:\Users\alexa\AppData\Roaming\Code\User\globalStorage\vexrobotics.vexcode\sdk\cpp\IQ2\IQ2_20231003_10_00_00/vexiq2/gcc/libs\libc_nano.a(lib_a-putchar.o)
 .ARM.attributes
                0x2001686c       0x34 c:\Users\alexa\AppData\Roaming\Code\User\globalStorage\vexrobotics.vexcode\sdk\cpp\IQ2\IQ2_20231003_10_00_00/vexiq2/gcc/libs\libc_nano.a(lib_a-puts.o)
 .ARM.attributes
                0x200168a0       0x34 c:\Users\alexa\AppData\Roaming\Code\User\globalStorage\vexrobotics.vexcode\sdk\cpp\IQ2\IQ2_20231003_10_00_00/vexiq2/gcc/libs\libc_nano.a(lib_a-rand.o)
 .ARM.attributes
                0x200168d4       0x34 c:\Users\alexa\AppData\Roaming\Code\User\globalStorage\vexrobotics.vexcode\sdk\cpp\IQ2\IQ2_20231003_10_00_00/vexiq2/gcc/libs\libc_nano.a(lib_a-reent.o)
 .ARM.attributes
                0x20016908       0x34 c:\Users\alexa\AppData\Roaming\Code\User\globalStorage\vexrobotics.vexcode\sdk\cpp\IQ2\IQ2_20231003_10_00_00/vexiq2/gcc/libs\libc_nano.a(lib_a-sbrkr.o)
 .ARM.attributes
                0x2001693c       0x34 c:\Users\alexa\AppData\Roaming\Code\User\globalStorage\vexrobotics.vexcode\sdk\cpp\IQ2\IQ2_20231003_10_00_00/vexiq2/gcc/libs\libc_nano.a(lib_a-stdio.o)
 .ARM.attributes
                0x20016970       0x34 c:\Users\alexa\AppData\Roaming\Code\User\globalStorage\vexrobotics.vexcode\sdk\cpp\IQ2\IQ2_20231003_10_00_00/vexiq2/gcc/libs\libc_nano.a(lib_a-time.o)
 .ARM.attributes
                0x200169a4       0x34 c:\Users\alexa\AppData\Roaming\Code\User\globalStorage\vexrobotics.vexcode\sdk\cpp\IQ2\IQ2_20231003_10_00_00/vexiq2/gcc/libs\libc_nano.a(lib_a-wbuf.o)
 .ARM.attributes
                0x200169d8       0x34 c:\Users\alexa\AppData\Roaming\Code\User\globalStorage\vexrobotics.vexcode\sdk\cpp\IQ2\IQ2_20231003_10_00_00/vexiq2/gcc/libs\libc_nano.a(lib_a-writer.o)
 .ARM.attributes
                0x20016a0c       0x34 c:\Users\alexa\AppData\Roaming\Code\User\globalStorage\vexrobotics.vexcode\sdk\cpp\IQ2\IQ2_20231003_10_00_00/vexiq2/gcc/libs\libc_nano.a(lib_a-wsetup.o)
 .ARM.attributes
                0x20016a40       0x34 c:\Users\alexa\AppData\Roaming\Code\User\globalStorage\vexrobotics.vexcode\sdk\cpp\IQ2\IQ2_20231003_10_00_00/vexiq2/gcc/libs\libc_nano.a(lib_a-closer.o)
 .ARM.attributes
                0x20016a74       0x34 c:\Users\alexa\AppData\Roaming\Code\User\globalStorage\vexrobotics.vexcode\sdk\cpp\IQ2\IQ2_20231003_10_00_00/vexiq2/gcc/libs\libc_nano.a(lib_a-fstatr.o)
 .ARM.attributes
                0x20016aa8       0x34 c:\Users\alexa\AppData\Roaming\Code\User\globalStorage\vexrobotics.vexcode\sdk\cpp\IQ2\IQ2_20231003_10_00_00/vexiq2/gcc/libs\libc_nano.a(lib_a-gettimeofdayr.o)
 .ARM.attributes